Component: Arm Compiler for Embedded 6.24 Tool: armlink [5f371500]

==============================================================================

Section Cross References

    startup_stm32f103xb.o(STACK) refers (Special) to heapauxi.o(.text) for __use_two_region_memory
    startup_stm32f103xb.o(HEAP) refers (Special) to heapauxi.o(.text) for __use_two_region_memory
    startup_stm32f103xb.o(RESET) refers (Special) to heapauxi.o(.text) for __use_two_region_memory
    startup_stm32f103xb.o(RESET) refers to startup_stm32f103xb.o(STACK) for __initial_sp
    startup_stm32f103xb.o(RESET) refers to startup_stm32f103xb.o(.text) for Reset_Handler
    startup_stm32f103xb.o(RESET) refers to stm32f1xx_it.o(.text.NMI_Handler) for NMI_Handler
    startup_stm32f103xb.o(RESET) refers to stm32f1xx_it.o(.text.HardFault_Handler) for HardFault_Handler
    startup_stm32f103xb.o(RESET) refers to stm32f1xx_it.o(.text.MemManage_Handler) for MemManage_Handler
    startup_stm32f103xb.o(RESET) refers to stm32f1xx_it.o(.text.BusFault_Handler) for BusFault_Handler
    startup_stm32f103xb.o(RESET) refers to stm32f1xx_it.o(.text.UsageFault_Handler) for UsageFault_Handler
    startup_stm32f103xb.o(RESET) refers to port.o(.text.SVC_Handler) for SVC_Handler
    startup_stm32f103xb.o(RESET) refers to stm32f1xx_it.o(.text.DebugMon_Handler) for DebugMon_Handler
    startup_stm32f103xb.o(RESET) refers to port.o(.text.PendSV_Handler) for PendSV_Handler
    startup_stm32f103xb.o(RESET) refers to stm32f1xx_it.o(.text.SysTick_Handler) for SysTick_Handler
    startup_stm32f103xb.o(RESET) refers to stm32f1xx_it.o(.text.EXTI2_IRQHandler) for EXTI2_IRQHandler
    startup_stm32f103xb.o(RESET) refers to stm32f1xx_it.o(.text.EXTI4_IRQHandler) for EXTI4_IRQHandler
    startup_stm32f103xb.o(.text) refers (Special) to heapauxi.o(.text) for __use_two_region_memory
    startup_stm32f103xb.o(.text) refers to system_stm32f1xx.o(.text.SystemInit) for SystemInit
    startup_stm32f103xb.o(.text) refers to __main.o(!!!main) for __main
    startup_stm32f103xb.o(.text) refers to startup_stm32f103xb.o(HEAP) for Heap_Mem
    startup_stm32f103xb.o(.text) refers to startup_stm32f103xb.o(STACK) for Stack_Mem
    main.o(.text.main) refers to stm32f1xx_hal.o(.text.HAL_Init) for HAL_Init
    main.o(.text.main) refers to rt_memclr_w.o(.text) for __aeabi_memclr4
    main.o(.text.main) refers to stm32f1xx_hal_rcc.o(.text.HAL_RCC_OscConfig) for HAL_RCC_OscConfig
    main.o(.text.main) refers to stm32f1xx_hal_rcc.o(.text.HAL_RCC_ClockConfig) for HAL_RCC_ClockConfig
    main.o(.text.main) refers to stm32f1xx_hal_gpio.o(.text.HAL_GPIO_WritePin) for HAL_GPIO_WritePin
    main.o(.text.main) refers to stm32f1xx_hal_gpio.o(.text.HAL_GPIO_Init) for HAL_GPIO_Init
    main.o(.text.main) refers to stm32f1xx_hal_cortex.o(.text.HAL_NVIC_SetPriority) for HAL_NVIC_SetPriority
    main.o(.text.main) refers to stm32f1xx_hal_cortex.o(.text.HAL_NVIC_EnableIRQ) for HAL_NVIC_EnableIRQ
    main.o(.text.main) refers to main.o(.bss..L_MergedGlobals.7) for .L_MergedGlobals.7
    main.o(.text.main) refers to stm32f1xx_hal_i2c.o(.text.HAL_I2C_Init) for HAL_I2C_Init
    main.o(.text.main) refers to main.o(.text.app_support_init) for app_support_init
    main.o(.text.main) refers to system_state.o(.text.system_state_init) for system_state_init
    main.o(.text.main) refers to cmsis_os.o(.text.osThreadCreate) for osThreadCreate
    main.o(.text.main) refers to main.o(.bss..L_MergedGlobals) for .L_MergedGlobals
    main.o(.text.main) refers to cmsis_os.o(.text.osKernelStart) for osKernelStart
    main.o(.text.main) refers to main.o(.rodata.str1.1) for [Anonymous Symbol]
    main.o(.text.main) refers to main.o(.text.StartDefaultTask) for StartDefaultTask
    main.o(.ARM.exidx.text.main) refers to main.o(.text.main) for [Anonymous Symbol]
    main.o(.text.SystemClock_Config) refers to rt_memclr_w.o(.text) for __aeabi_memclr4
    main.o(.text.SystemClock_Config) refers to stm32f1xx_hal_rcc.o(.text.HAL_RCC_OscConfig) for HAL_RCC_OscConfig
    main.o(.text.SystemClock_Config) refers to stm32f1xx_hal_rcc.o(.text.HAL_RCC_ClockConfig) for HAL_RCC_ClockConfig
    main.o(.ARM.exidx.text.SystemClock_Config) refers to main.o(.text.SystemClock_Config) for [Anonymous Symbol]
    main.o(.text.app_support_init) refers to main.o(.bss..L_MergedGlobals.7) for .L_MergedGlobals.7
    main.o(.text.app_support_init) refers to sensor_filter.o(.text.sensor_filter_reset_all) for sensor_filter_reset_all
    main.o(.text.app_support_init) refers to stm32f1xx_hal_rcc.o(.text.HAL_RCC_GetHCLKFreq) for HAL_RCC_GetHCLKFreq
    main.o(.text.app_support_init) refers to main.o(.bss..L_MergedGlobals) for .L_MergedGlobals
    main.o(.text.app_support_init) refers to stm32f1xx_hal_gpio.o(.text.HAL_GPIO_WritePin) for HAL_GPIO_WritePin
    main.o(.text.app_support_init) refers to lcd_display.o(.text.lcd_display_init) for lcd_display_init
    main.o(.ARM.exidx.text.app_support_init) refers to main.o(.text.app_support_init) for [Anonymous Symbol]
[...]
    sample_timer_cb                          0x080037a9   Thumb Code    26  main.o(.text.sample_timer_cb)
    [Anonymous Symbol]                       0x080037a8   Section        0  main.o(.text.sample_timer_cb)
    [Anonymous Symbol]                       0x080037c4   Section        0  sensor_filter.o(.text.sensor_filter_commit)
    [Anonymous Symbol]                       0x08003934   Section        0  sensor_filter.o(.text.sensor_filter_reset_all)
    [Anonymous Symbol]                       0x0800394c   Section        0  system_state.o(.text.system_state_get_status_text)
    [Anonymous Symbol]                       0x08003974   Section        0  system_state.o(.text.system_state_get_warning_text)
    [Anonymous Symbol]                       0x08003994   Section        0  system_state.o(.text.system_state_init)
    [Anonymous Symbol]                       0x080039a8   Section        0  system_state.o(.text.system_state_update)
    [Anonymous Symbol]                       0x080039d4   Section        0  main.o(.text.taskHandleEchoEdgeIsr)
    [Anonymous Symbol]                       0x08003ab4   Section        0  main.o(.text.taskReadDistanceSensor)
    [Anonymous Symbol]                       0x08003d48   Section        0  list.o(.text.uxListRemove)
    vAlertTask                               0x08003d6d   Thumb Code   312  main.o(.text.vAlertTask)
    [Anonymous Symbol]                       0x08003d6c   Section        0  main.o(.text.vAlertTask)
    [Anonymous Symbol]                       0x08003ea4   Section        0  freertos.o(.text.vApplicationGetIdleTaskMemory)
    [Anonymous Symbol]                       0x08003ec0   Section        0  freertos.o(.text.vApplicationGetTimerTaskMemory)
    vDisplayTask                             0x08003edd   Thumb Code   160  main.o(.text.vDisplayTask)
    [Anonymous Symbol]                       0x08003edc   Section        0  main.o(.text.vDisplayTask)
    [Anonymous Symbol]                       0x08003f7c   Section        0  list.o(.text.vListInitialise)
    [Anonymous Symbol]                       0x08003f94   Section        0  list.o(.text.vListInitialiseItem)
    [Anonymous Symbol]                       0x08003f9c   Section        0  list.o(.text.vListInsert)
    [Anonymous Symbol]                       0x08004000   Section        0  list.o(.text.vListInsertEnd)
    [Anonymous Symbol]                       0x0800401c   Section        0  port.o(.text.vPortEnterCritical)
    [Anonymous Symbol]                       0x08004064   Section        0  port.o(.text.vPortExitCritical)
    [Anonymous Symbol]                       0x08004094   Section        0  heap_4.o(.text.vPortFree)
    [Anonymous Symbol]                       0x08004174   Section        0  port.o(.text.vPortSetupTimerInterrupt)
    [Anonymous Symbol]                       0x080041a8   Section        0  port.o(.text.vPortValidateInterruptPriority)
    vProcessingTask                          0x08004209   Thumb Code   788  main.o(.text.vProcessingTask)
    [Anonymous Symbol]                       0x08004208   Section        0  main.o(.text.vProcessingTask)
    [Anonymous Symbol]                       0x0800451c   Section        0  queue.o(.text.vQueueAddToRegistry)
    [Anonymous Symbol]                       0x08004574   Section        0  queue.o(.text.vQueueWaitForMessageRestricted)
    vSensorTask                              0x080045c9   Thumb Code   120  main.o(.text.vSensorTask)
    [Anonymous Symbol]                       0x080045c8   Section        0  main.o(.text.vSensorTask)
    [Anonymous Symbol]                       0x08004640   Section        0  tasks.o(.text.vTaskDelay)
    [Anonymous Symbol]                       0x080046e0   Section        0  tasks.o(.text.vTaskDelete)
    [Anonymous Symbol]                       0x080047e8   Section        0  tasks.o(.text.vTaskInternalSetTimeOutState)
    [Anonymous Symbol]                       0x080047fc   Section        0  tasks.o(.text.vTaskMissedYield)
    [Anonymous Symbol]                       0x0800480c   Section        0  tasks.o(.text.vTaskPlaceOnEventList)
    [Anonymous Symbol]                       0x08004844   Section        0  tasks.o(.text.vTaskPlaceOnEventListRestricted)
    [Anonymous Symbol]                       0x080048d4   Section        0  tasks.o(.text.vTaskPriorityDisinheritAfterTimeout)
    [Anonymous Symbol]                       0x08004988   Section        0  tasks.o(.text.vTaskStartScheduler)
    [Anonymous Symbol]                       0x08004a78   Section        0  tasks.o(.text.vTaskSuspendAll)
    [Anonymous Symbol]                       0x08004a88   Section        0  tasks.o(.text.vTaskSwitchContext)
    [Anonymous Symbol]                       0x08004af8   Section        0  port.o(.text.xPortStartScheduler)
    [Anonymous Symbol]                       0x08004c28   Section        0  port.o(.text.xPortSysTickHandler)
    [Anonymous Symbol]                       0x08004c58   Section        0  queue.o(.text.xQueueCreateMutex)
    [Anonymous Symbol]                       0x08004cc4   Section        0  queue.o(.text.xQueueGenericCreate)
    [Anonymous Symbol]                       0x08004d44   Section        0  queue.o(.text.xQueueGenericCreateStatic)
    [Anonymous Symbol]                       0x08004e1c   Section        0  queue.o(.text.xQueueGenericSend)
    [Anonymous Symbol]                       0x080050dc   Section        0  queue.o(.text.xQueueGenericSendFromISR)
    [Anonymous Symbol]                       0x08005224   Section        0  queue.o(.text.xQueueGiveFromISR)
    [Anonymous Symbol]                       0x080052e0   Section        0  queue.o(.text.xQueueReceive)
    [Anonymous Symbol]                       0x08005520   Section        0  queue.o(.text.xQueueSemaphoreTake)
    [Anonymous Symbol]                       0x080057ac   Section        0  tasks.o(.text.xTaskCheckForTimeOut)
    [Anonymous Symbol]                       0x08005848   Section        0  tasks.o(.text.xTaskCreate)
    [Anonymous Symbol]                       0x080058a8   Section        0  tasks.o(.text.xTaskCreateStatic)
    [Anonymous Symbol]                       0x08005920   Section        0  tasks.o(.text.xTaskGetSchedulerState)
    [Anonymous Symbol]                       0x08005940   Section        0  tasks.o(.text.xTaskGetTickCount)
    [Anonymous Symbol]                       0x0800594c   Section        0  tasks.o(.text.xTaskIncrementTick)
    [Anonymous Symbol]                       0x08005a54   Section        0  tasks.o(.text.xTaskPriorityDisinherit)
    [Anonymous Symbol]                       0x08005b04   Section        0  tasks.o(.text.xTaskPriorityInherit)
    [Anonymous Symbol]                       0x08005bac   Section        0  tasks.o(.text.xTaskRemoveFromEventList)
    [Anonymous Symbol]                       0x08005c20   Section        0  tasks.o(.text.xTaskResumeAll)
    [Anonymous Symbol]                       0x08005d0c   Section        0  timers.o(.text.xTimerCreate)
    [Anonymous Symbol]                       0x08005d48   Section        0  timers.o(.text.xTimerCreateTimerTask)
    [Anonymous Symbol]                       0x08005dfc   Section        0  timers.o(.text.xTimerGenericCommand)
    i._is_digit                              0x08005e72   Section        0  __printf_wp.o(i._is_digit)
    x$fpl$fadd                               0x08005e80   Section      196  faddsub_clz.o(x$fpl$fadd)
    _fadd1                                   0x08005e8f   Thumb Code     0  faddsub_clz.o(x$fpl$fadd)
    x$fpl$fcmp                               0x08005f44   Section       84  fcmp.o(x$fpl$fcmp)
    x$fpl$fcmpinf                            0x08005f98   Section       24  fcmpi.o(x$fpl$fcmpinf)
    _fdiv1                                   0x08005fb1   Thumb Code     0  fdiv.o(x$fpl$fdiv)
    x$fpl$fdiv                               0x08005fb0   Section      388  fdiv.o(x$fpl$fdiv)
    x$fpl$feqf                               0x08006134   Section      104  feqf.o(x$fpl$feqf)
    x$fpl$ffixu                              0x0800619c   Section       62  ffixu.o(x$fpl$ffixu)
    x$fpl$ffltu                              0x080061dc   Section       38  fflt_clz.o(x$fpl$ffltu)
    x$fpl$fgeqf                              0x08006204   Section      104  fgeqf.o(x$fpl$fgeqf)
    x$fpl$fleqf                              0x0800626c   Section      104  fleqf.o(x$fpl$fleqf)
    x$fpl$fmul                               0x080062d4   Section      258  fmul.o(x$fpl$fmul)
    x$fpl$fnaninf                            0x080063d6   Section      140  fnaninf.o(x$fpl$fnaninf)
    x$fpl$fretinf                            0x08006462   Section       10  fretinf.o(x$fpl$fretinf)
    x$fpl$fsub                               0x0800646c   Section      234  faddsub_clz.o(x$fpl$fsub)
    _fsub1                                   0x0800647b   Thumb Code     0  faddsub_clz.o(x$fpl$fsub)
    maptable                                 0x08006556   Data          17  __printf_flags_ss_wp.o(.constdata)
    .constdata                               0x08006556   Section       17  __printf_flags_ss_wp.o(.constdata)
    x$fpl$usenofp                            0x08006556   Section        0  usenofp.o(x$fpl$usenofp)
    HAL_RCC_GetSysClockFreq.aPredivFactorTable 0x0800657f   Data           2  stm32f1xx_hal_rcc.o(.rodata.HAL_RCC_GetSysClockFreq.aPredivFactorTable)
    [Anonymous Symbol]                       0x0800657f   Section        0  stm32f1xx_hal_rcc.o(.rodata.HAL_RCC_GetSysClockFreq.aPredivFactorTable)
    HAL_RCC_GetSysClockFreq.aPLLMULFactorTable 0x08006581   Data          16  stm32f1xx_hal_rcc.o(.rodata.cst16)
    [Anonymous Symbol]                       0x08006581   Section        0  stm32f1xx_hal_rcc.o(.rodata.cst16)
    sensor_pin_map                           0x08006594   Data          32  main.o(.rodata.cst32)
    [Anonymous Symbol]                       0x08006594   Section        0  main.o(.rodata.cst32)
    [Anonymous Symbol]                       0x080065b4   Section        0  main.o(.rodata.str1.1)
    [Anonymous Symbol]                       0x080065c0   Section        0  system_state.o(.rodata.str1.1)
    .L.str.3                                 0x080065da   Data           8  system_state.o(.rodata.str1.1)
    .L.str.1                                 0x08006609   Data          18  lcd_display.o(.rodata.str1.1)
    [Anonymous Symbol]                       0x08006609   Section        0  lcd_display.o(.rodata.str1.1)
    .L.str                                   0x0800661b   Data          14  lcd_display.o(.rodata.str1.1)
    .L.str.5                                 0x08006629   Data           6  lcd_display.o(.rodata.str1.1)
    .L.str.1                                 0x0800662f   Data           5  timers.o(.rodata.str1.1)
    [Anonymous Symbol]                       0x0800662f   Section        0  timers.o(.rodata.str1.1)
    .L_MergedGlobals                         0x20000000   Data           8  stm32f1xx_hal.o(.data..L_MergedGlobals)
    [Anonymous Symbol]                       0x20000000   Section        0  stm32f1xx_hal.o(.data..L_MergedGlobals)
    uxCriticalNesting                        0x2000000c   Data           4  port.o(.data.uxCriticalNesting)
    [Anonymous Symbol]                       0x2000000c   Section        0  port.o(.data.uxCriticalNesting)
    .bss                                     0x20000010   Section       96  libspace.o(.bss)
    .L_MergedGlobals                         0x20000070   Data         120  main.o(.bss..L_MergedGlobals)
    [Anonymous Symbol]                       0x20000070   Section        0  main.o(.bss..L_MergedGlobals)
    cpu_ticks_per_us                         0x20000074   Data           4  main.o(.bss..L_MergedGlobals)
    lcdMutex                                 0x20000078   Data           4  main.o(.bss..L_MergedGlobals)
    dataQueue                                0x2000007c   Data           4  main.o(.bss..L_MergedGlobals)
    alertQueue                               0x20000080   Data           4  main.o(.bss..L_MergedGlobals)
    trigMutex                                0x20000084   Data           4  main.o(.bss..L_MergedGlobals)
    sampleSem                                0x20000088   Data           4  main.o(.bss..L_MergedGlobals)
    sampleTimer                              0x2000008c   Data           4  main.o(.bss..L_MergedGlobals)
    displayQueue                             0x20000090   Data           4  main.o(.bss..L_MergedGlobals)
    echoSem                                  0x20000094   Data           8  main.o(.bss..L_MergedGlobals)
    distance1                                0x2000009c   Data          12  main.o(.bss..L_MergedGlobals)
    distance2                                0x200000a8   Data          12  main.o(.bss..L_MergedGlobals)
    state1                                   0x200000b4   Data          12  main.o(.bss..L_MergedGlobals)
    state2                                   0x200000c0   Data          12  main.o(.bss..L_MergedGlobals)
    state                                    0x200000cc   Data          12  main.o(.bss..L_MergedGlobals)
    sensor_runtime                           0x200000d8   Data          16  main.o(.bss..L_MergedGlobals)
    .L_MergedGlobals                         0x200000e8   Data          16  lcd_display.o(.bss..L_MergedGlobals)
    ucLcdIsReady                             0x200000e8   Data           1  lcd_display.o(.bss..L_MergedGlobals)
    [Anonymous Symbol]                       0x200000e8   Section        0  lcd_display.o(.bss..L_MergedGlobals)
    lcd_device                               0x200000ec   Data          12  lcd_display.o(.bss..L_MergedGlobals)
    .L_MergedGlobals                         0x200000f8   Data         120  tasks.o(.bss..L_MergedGlobals)
    [Anonymous Symbol]                       0x200000f8   Section        0  tasks.o(.bss..L_MergedGlobals)
    uxTopReadyPriority                       0x200000fc   Data           4  tasks.o(.bss..L_MergedGlobals)
    uxTaskNumber                             0x20000100   Data           4  tasks.o(.bss..L_MergedGlobals)
    uxDeletedTasksWaitingCleanUp             0x20000104   Data           4  tasks.o(.bss..L_MergedGlobals)
    uxCurrentNumberOfTasks                   0x20000108   Data           4  tasks.o(.bss..L_MergedGlobals)
    xSchedulerRunning                        0x2000010c   Data           4  tasks.o(.bss..L_MergedGlobals)
    uxSchedulerSuspended                     0x20000110   Data           4  tasks.o(.bss..L_MergedGlobals)
    xIdleTaskHandle                          0x20000114   Data           4  tasks.o(.bss..L_MergedGlobals)
    xNextTaskUnblockTime                     0x20000118   Data           4  tasks.o(.bss..L_MergedGlobals)
    xTickCount                               0x2000011c   Data           4  tasks.o(.bss..L_MergedGlobals)
    xYieldPending                            0x20000120   Data           4  tasks.o(.bss..L_MergedGlobals)
    xPendedTicks                             0x20000124   Data           4  tasks.o(.bss..L_MergedGlobals)
    pxDelayedTaskList                        0x20000128   Data           4  tasks.o(.bss..L_MergedGlobals)
    pxOverflowDelayedTaskList                0x2000012c   Data           4  tasks.o(.bss..L_MergedGlobals)
    xNumOfOverflows                          0x20000130   Data           4  tasks.o(.bss..L_MergedGlobals)
    xTasksWaitingTermination                 0x20000134   Data          20  tasks.o(.bss..L_MergedGlobals)
    xSuspendedTaskList                       0x20000148   Data          20  tasks.o(.bss..L_MergedGlobals)
    xPendingReadyList                        0x2000015c   Data          20  tasks.o(.bss..L_MergedGlobals)
    .L_MergedGlobals                         0x20000170   Data          60  timers.o(.bss..L_MergedGlobals)
    xTimerQueue                              0x20000170   Data           4  timers.o(.bss..L_MergedGlobals)
    [Anonymous Symbol]                       0x20000170   Section        0  timers.o(.bss..L_MergedGlobals)
    xTimerTaskHandle                         0x20000174   Data           4  timers.o(.bss..L_MergedGlobals)
    pxCurrentTimerList                       0x20000178   Data           4  timers.o(.bss..L_MergedGlobals)
    pxOverflowTimerList                      0x2000017c   Data           4  timers.o(.bss..L_MergedGlobals)
    prvSampleTimeNow.xLastTime               0x20000180   Data           4  timers.o(.bss..L_MergedGlobals)
    xActiveTimerList1                        0x20000184   Data          20  timers.o(.bss..L_MergedGlobals)
    xActiveTimerList2                        0x20000198   Data          20  timers.o(.bss..L_MergedGlobals)
    .L_MergedGlobals                         0x200001ac   Data          32  heap_4.o(.bss..L_MergedGlobals)
    xBlockAllocatedBit                       0x200001ac   Data           1  heap_4.o(.bss..L_MergedGlobals)
    [Anonymous Symbol]                       0x200001ac   Section        0  heap_4.o(.bss..L_MergedGlobals)
    pxEnd                                    0x200001b0   Data           4  heap_4.o(.bss..L_MergedGlobals)
    xFreeBytesRemaining                      0x200001b4   Data           4  heap_4.o(.bss..L_MergedGlobals)
    xMinimumEverFreeBytesRemaining           0x200001b8   Data           4  heap_4.o(.bss..L_MergedGlobals)
    xNumberOfSuccessfulAllocations           0x200001bc   Data           4  heap_4.o(.bss..L_MergedGlobals)
    xNumberOfSuccessfulFrees                 0x200001c0   Data           4  heap_4.o(.bss..L_MergedGlobals)
    xStart                                   0x200001c4   Data           8  heap_4.o(.bss..L_MergedGlobals)
    .L_MergedGlobals                         0x200001cc   Data           8  port.o(.bss..L_MergedGlobals)
    ucMaxSysCallPriority                     0x200001cc   Data           1  port.o(.bss..L_MergedGlobals)
    [Anonymous Symbol]                       0x200001cc   Section        0  port.o(.bss..L_MergedGlobals)
    ulMaxPRIGROUPValue                       0x200001d0   Data           4  port.o(.bss..L_MergedGlobals)
    .L_MergedGlobals.2                       0x200001d4   Data          40  tasks.o(.bss..L_MergedGlobals.2)
    xDelayedTaskList1                        0x200001d4   Data          20  tasks.o(.bss..L_MergedGlobals.2)
    [Anonymous Symbol]                       0x200001d4   Section        0  tasks.o(.bss..L_MergedGlobals.2)
    xDelayedTaskList2                        0x200001e8   Data          20  tasks.o(.bss..L_MergedGlobals.2)
    .L_MergedGlobals.7                       0x200001fc   Data         108  main.o(.bss..L_MergedGlobals.7)
    sensor_capture                           0x200001fc   Data          24  main.o(.bss..L_MergedGlobals.7)
    [Anonymous Symbol]                       0x200001fc   Section        0  main.o(.bss..L_MergedGlobals.7)
    prvCheckForValidListAndQueue.ucStaticTimerQueueStorage 0x20000268   Data         120  timers.o(.bss.prvCheckForValidListAndQueue.ucStaticTimerQueueStorage)
    [Anonymous Symbol]                       0x20000268   Section        0  timers.o(.bss.prvCheckForValidListAndQueue.ucStaticTimerQueueStorage)
    prvCheckForValidListAndQueue.xStaticTimerQueue 0x200002e0   Data          72  timers.o(.bss.prvCheckForValidListAndQueue.xStaticTimerQueue)
    [Anonymous Symbol]                       0x200002e0   Section        0  timers.o(.bss.prvCheckForValidListAndQueue.xStaticTimerQueue)
    pxReadyTasksLists                        0x20000328   Data         140  tasks.o(.bss.pxReadyTasksLists)
    [Anonymous Symbol]                       0x20000328   Section        0  tasks.o(.bss.pxReadyTasksLists)
    s_bank                                   0x200003b4   Data          64  sensor_filter.o(.bss.s_bank)
    [Anonymous Symbol]                       0x200003b4   Section        0  sensor_filter.o(.bss.s_bank)
    ucHeap                                   0x200003f4   Data       10240  heap_4.o(.bss.ucHeap)
    [Anonymous Symbol]                       0x200003f4   Section        0  heap_4.o(.bss.ucHeap)
    xCurrentSystemState                      0x20002bf8   Data          12  system_state.o(.bss.xCurrentSystemState)
    [Anonymous Symbol]                       0x20002bf8   Section        0  system_state.o(.bss.xCurrentSystemState)
    xIdleStack                               0x20002c04   Data         512  freertos.o(.bss.xIdleStack)
    [Anonymous Symbol]                       0x20002c04   Section        0  freertos.o(.bss.xIdleStack)
    xIdleTaskTCBBuffer                       0x20002e04   Data          84  freertos.o(.bss.xIdleTaskTCBBuffer)
    [Anonymous Symbol]                       0x20002e04   Section        0  freertos.o(.bss.xIdleTaskTCBBuffer)
    xTimerStack                              0x20002e98   Data         512  freertos.o(.bss.xTimerStack)
    [Anonymous Symbol]                       0x20002e98   Section        0  freertos.o(.bss.xTimerStack)
    xTimerTaskTCBBuffer                      0x20003098   Data          84  freertos.o(.bss.xTimerTaskTCBBuffer)
    [Anonymous Symbol]                       0x20003098   Section        0  freertos.o(.bss.xTimerTaskTCBBuffer)
    Heap_Mem                                 0x200030f0   Data         512  startup_stm32f103xb.o(HEAP)
    HEAP                                     0x200030f0   Section      512  startup_stm32f103xb.o(HEAP)
    Stack_Mem                                0x200032f0   Data        1024  startup_stm32f103xb.o(STACK)
    STACK                                    0x200032f0   Section     1024  startup_stm32f103xb.o(STACK)
    __initial_sp                             0x200036f0   Data           0  startup_stm32f103xb.o(STACK)

    Global Symbols

    Symbol Name                              Value     Ov Type        Size  Object(Section)

    BuildAttributes$$THM_ISAv4$P$D$K$B$S$PE$A:L22UL41UL21$X:L11$S22US41US21$IEEE1$IW$~IW$USESV6$~STKCKD$USESV7$~SHL$OTIME$ROPI$EBA8$UX$STANDARDLIB$REQ8$PRES8$EABIv2 0x00000000   Number         0  anon$$obj.o ABSOLUTE
    __fp_init_empty                          0x00000000   Number         0  fpinit_empty.o ABSOLUTE
    _printf_flags                            0x00000000   Number         0  printf_stubs.o ABSOLUTE
    _printf_return_value                     0x00000000   Number         0  printf_stubs.o ABSOLUTE
    _printf_sizespec                         0x00000000   Number         0  printf_stubs.o ABSOLUTE
    _printf_widthprec                        0x00000000   Number         0  printf_stubs.o ABSOLUTE
    __ARM_exceptions_init                     - Undefined Weak Reference
    __alloca_initialize                       - Undefined Weak Reference
    __arm_preinit_                            - Undefined Weak Reference
    __arm_relocate_pie_                       - Undefined Weak Reference
    __cpp_initialize__aeabi_                  - Undefined Weak Reference
    __cxa_finalize                            - Undefined Weak Reference
    __rt_locale                               - Undefined Weak Reference
    __sigvec_lookup                           - Undefined Weak Reference
    _atexit_init                              - Undefined Weak Reference
    _call_atexit_fns                          - Undefined Weak Reference
    _clock_init                               - Undefined Weak Reference
    _fp_trap_init                             - Undefined Weak Reference
    _fp_trap_shutdown                         - Undefined Weak Reference
    _get_lc_collate                           - Undefined Weak Reference
    _get_lc_ctype                             - Undefined Weak Reference
    _get_lc_monetary                          - Undefined Weak Reference
    _get_lc_numeric                           - Undefined Weak Reference
    _get_lc_time                              - Undefined Weak Reference
    _getenv_init                              - Undefined Weak Reference
    _handle_redirection                       - Undefined Weak Reference
    _init_alloc                               - Undefined Weak Reference
    _init_user_alloc                          - Undefined Weak Reference
    _initio                                   - Undefined Weak Reference
    _printf_truncate_signed                   - Undefined Weak Reference
    _printf_truncate_unsigned                 - Undefined Weak Reference
    _rand_init                                - Undefined Weak Reference
    _signal_finish                            - Undefined Weak Reference
    _signal_init                              - Undefined Weak Reference
    _terminate_alloc                          - Undefined Weak Reference
    _terminate_user_alloc                     - Undefined Weak Reference
    _terminateio                              - Undefined Weak Reference
    __Vectors_Size                           0x000000ec   Number         0  startup_stm32f103xb.o ABSOLUTE
    __Vectors                                0x08000000   Data           4  startup_stm32f103xb.o(RESET)
    __Vectors_End                            0x080000ec   Data           0  startup_stm32f103xb.o(RESET)
    __main                                   0x080000ed   Thumb Code     8  __main.o(!!!main)
    __scatterload                            0x080000f5   Thumb Code     0  __scatter.o(!!!scatter)
    __scatterload_rt2                        0x080000f5   Thumb Code    84  __scatter.o(!!!scatter)
    __scatterload_rt2_thumb_only             0x080000f5   Thumb Code     0  __scatter.o(!!!scatter)
    __scatterload_loop                       0x080000ff   Thumb Code     0  __scatter.o(!!!scatter)
    __scatterload_copy                       0x08000151   Thumb Code    26  __scatter_copy.o(!!handler_copy)
    __scatterload_null                       0x0800016d   Thumb Code     2  __scatter.o(!!handler_null)
    __scatterload_zeroinit                   0x08000171   Thumb Code    28  __scatter_zi.o(!!handler_zi)
    _printf_percent                          0x0800018d   Thumb Code     0  _printf_percent.o(.ARM.Collect$$_printf_percent$$00000000)
    _printf_u                                0x0800018d   Thumb Code     0  _printf_u.o(.ARM.Collect$$_printf_percent$$0000000A)
    _printf_percent_end                      0x08000193   Thumb Code     0  _printf_percent_end.o(.ARM.Collect$$_printf_percent$$00000017)
    __rt_lib_init                            0x08000197   Thumb Code     0  libinit.o(.ARM.Collect$$libinit$$00000000)
    __rt_lib_init_alloca_1                   0x08000199   Thumb Code     0  libinit2.o(.ARM.Collect$$libinit$$00000030)
    __rt_lib_init_argv_1                     0x08000199   Thumb Code     0  libinit2.o(.ARM.Collect$$libinit$$0000002E)
    __rt_lib_init_atexit_1                   0x08000199   Thumb Code     0  libinit2.o(.ARM.Collect$$libinit$$0000001D)
    __rt_lib_init_clock_1                    0x08000199   Thumb Code     0  libinit2.o(.ARM.Collect$$libinit$$00000023)
    __rt_lib_init_cpp_1                      0x08000199   Thumb Code     0  libinit2.o(.ARM.Collect$$libinit$$00000034)
    __rt_lib_init_exceptions_1               0x08000199   Thumb Code     0  libinit2.o(.ARM.Collect$$libinit$$00000032)
    __rt_lib_init_fp_1                       0x08000199   Thumb Code     0  libinit2.o(.ARM.Collect$$libinit$$00000002)
    __rt_lib_init_fp_trap_1                  0x08000199   Thumb Code     0  libinit2.o(.ARM.Collect$$libinit$$00000021)
    __rt_lib_init_getenv_1                   0x08000199   Thumb Code     0  libinit2.o(.ARM.Collect$$libinit$$00000025)
    __rt_lib_init_heap_1                     0x08000199   Thumb Code     0  libinit2.o(.ARM.Collect$$libinit$$0000000C)
    __rt_lib_init_lc_collate_1               0x08000199   Thumb Code     0  libinit2.o(.ARM.Collect$$libinit$$00000013)
    __rt_lib_init_lc_ctype_1                 0x08000199   Thumb Code     0  libinit2.o(.ARM.Collect$$libinit$$00000015)
    __rt_lib_init_lc_monetary_1              0x08000199   Thumb Code     0  libinit2.o(.ARM.Collect$$libinit$$00000017)
    __rt_lib_init_lc_numeric_1               0x08000199   Thumb Code     0  libinit2.o(.ARM.Collect$$libinit$$00000019)
    __rt_lib_init_lc_time_1                  0x08000199   Thumb Code     0  libinit2.o(.ARM.Collect$$libinit$$0000001B)
    __rt_lib_init_preinit_1                  0x08000199   Thumb Code     0  libinit2.o(.ARM.Collect$$libinit$$00000006)
    __rt_lib_init_rand_1                     0x08000199   Thumb Code     0  libinit2.o(.ARM.Collect$$libinit$$00000010)
    __rt_lib_init_relocate_pie_1             0x08000199   Thumb Code     0  libinit2.o(.ARM.Collect$$libinit$$00000004)
    __rt_lib_init_return                     0x08000199   Thumb Code     0  libinit2.o(.ARM.Collect$$libinit$$00000035)
    __rt_lib_init_signal_1                   0x08000199   Thumb Code     0  libinit2.o(.ARM.Collect$$libinit$$0000001F)
    __rt_lib_init_stdio_1                    0x08000199   Thumb Code     0  libinit2.o(.ARM.Collect$$libinit$$00000027)
    __rt_lib_init_user_alloc_1               0x08000199   Thumb Code     0  libinit2.o(.ARM.Collect$$libinit$$0000000E)
    __rt_lib_shutdown                        0x0800019b   Thumb Code     0  libshutdown.o(.ARM.Collect$$libshutdown$$00000000)
    __rt_lib_shutdown_cpp_1                  0x0800019d   Thumb Code     0  libshutdown2.o(.ARM.Collect$$libshutdown$$00000002)
    __rt_lib_shutdown_fp_trap_1              0x0800019d   Thumb Code     0  libshutdown2.o(.ARM.Collect$$libshutdown$$00000007)
    __rt_lib_shutdown_heap_1                 0x0800019d   Thumb Code     0  libshutdown2.o(.ARM.Collect$$libshutdown$$0000000F)
    __rt_lib_shutdown_return                 0x0800019d   Thumb Code     0  libshutdown2.o(.ARM.Collect$$libshutdown$$00000010)
    __rt_lib_shutdown_signal_1               0x0800019d   Thumb Code     0  libshutdown2.o(.ARM.Collect$$libshutdown$$0000000A)
    __rt_lib_shutdown_stdio_1                0x0800019d   Thumb Code     0  libshutdown2.o(.ARM.Collect$$libshutdown$$00000004)
    __rt_lib_shutdown_user_alloc_1           0x0800019d   Thumb Code     0  libshutdown2.o(.ARM.Collect$$libshutdown$$0000000C)
    __rt_entry                               0x0800019f   Thumb Code     0  __rtentry.o(.ARM.Collect$$rtentry$$00000000)
    __rt_entry_presh_1                       0x0800019f   Thumb Code     0  __rtentry2.o(.ARM.Collect$$rtentry$$00000002)
    __rt_entry_sh                            0x0800019f   Thumb Code     0  __rtentry4.o(.ARM.Collect$$rtentry$$00000004)
    __rt_entry_li                            0x080001a5   Thumb Code     0  __rtentry2.o(.ARM.Collect$$rtentry$$0000000A)
    __rt_entry_postsh_1                      0x080001a5   Thumb Code     0  __rtentry2.o(.ARM.Collect$$rtentry$$00000009)
    __rt_entry_main                          0x080001a9   Thumb Code     0  __rtentry2.o(.ARM.Collect$$rtentry$$0000000D)
    __rt_entry_postli_1                      0x080001a9   Thumb Code     0  __rtentry2.o(.ARM.Collect$$rtentry$$0000000C)
    __rt_exit                                0x080001b1   Thumb Code     0  rtexit.o(.ARM.Collect$$rtexit$$00000000)
    __rt_exit_ls                             0x080001b3   Thumb Code     0  rtexit2.o(.ARM.Collect$$rtexit$$00000003)
    __rt_exit_prels_1                        0x080001b3   Thumb Code     0  rtexit2.o(.ARM.Collect$$rtexit$$00000002)
    __rt_exit_exit                           0x080001b7   Thumb Code     0  rtexit2.o(.ARM.Collect$$rtexit$$00000004)
    Reset_Handler                            0x080001bd   Thumb Code     8  startup_stm32f103xb.o(.text)
    ADC1_2_IRQHandler                        0x080001d7   Thumb Code     0  startup_stm32f103xb.o(.text)
    CAN1_RX1_IRQHandler                      0x080001d7   Thumb Code     0  startup_stm32f103xb.o(.text)
    CAN1_SCE_IRQHandler                      0x080001d7   Thumb Code     0  startup_stm32f103xb.o(.text)
    DMA1_Channel1_IRQHandler                 0x080001d7   Thumb Code     0  startup_stm32f103xb.o(.text)
    DMA1_Channel2_IRQHandler                 0x080001d7   Thumb Code     0  startup_stm32f103xb.o(.text)
    DMA1_Channel3_IRQHandler                 0x080001d7   Thumb Code     0  startup_stm32f103xb.o(.text)
    DMA1_Channel4_IRQHandler                 0x080001d7   Thumb Code     0  startup_stm32f103xb.o(.text)
    DMA1_Channel5_IRQHandler                 0x080001d7   Thumb Code     0  startup_stm32f103xb.o(.text)
    DMA1_Channel6_IRQHandler                 0x080001d7   Thumb Code     0  startup_stm32f103xb.o(.text)
    DMA1_Channel7_IRQHandler                 0x080001d7   Thumb Code     0  startup_stm32f103xb.o(.text)
    EXTI0_IRQHandler                         0x080001d7   Thumb Code     0  startup_stm32f103xb.o(.text)
    EXTI15_10_IRQHandler                     0x080001d7   Thumb Code     0  startup_stm32f103xb.o(.text)
    EXTI1_IRQHandler                         0x080001d7   Thumb Code     0  startup_stm32f103xb.o(.text)
    EXTI3_IRQHandler                         0x080001d7   Thumb Code     0  startup_stm32f103xb.o(.text)
    EXTI9_5_IRQHandler                       0x080001d7   Thumb Code     0  startup_stm32f103xb.o(.text)
    FLASH_IRQHandler                         0x080001d7   Thumb Code     0  startup_stm32f103xb.o(.text)
    I2C1_ER_IRQHandler                       0x080001d7   Thumb Code     0  startup_stm32f103xb.o(.text)
    I2C1_EV_IRQHandler                       0x080001d7   Thumb Code     0  startup_stm32f103xb.o(.text)
    I2C2_ER_IRQHandler                       0x080001d7   Thumb Code     0  startup_stm32f103xb.o(.text)
    I2C2_EV_IRQHandler                       0x080001d7   Thumb Code     0  startup_stm32f103xb.o(.text)
    PVD_IRQHandler                           0x080001d7   Thumb Code     0  startup_stm32f103xb.o(.text)
    RCC_IRQHandler                           0x080001d7   Thumb Code     0  startup_stm32f103xb.o(.text)
    RTC_Alarm_IRQHandler                     0x080001d7   Thumb Code     0  startup_stm32f103xb.o(.text)
    RTC_IRQHandler                           0x080001d7   Thumb Code     0  startup_stm32f103xb.o(.text)
    SPI1_IRQHandler                          0x080001d7   Thumb Code     0  startup_stm32f103xb.o(.text)
    SPI2_IRQHandler                          0x080001d7   Thumb Code     0  startup_stm32f103xb.o(.text)
    TAMPER_IRQHandler                        0x080001d7   Thumb Code     0  startup_stm32f103xb.o(.text)
    TIM1_BRK_IRQHandler                      0x080001d7   Thumb Code     0  startup_stm32f103xb.o(.text)
    TIM1_CC_IRQHandler                       0x080001d7   Thumb Code     0  startup_stm32f103xb.o(.text)
    TIM1_TRG_COM_IRQHandler                  0x080001d7   Thumb Code     0  startup_stm32f103xb.o(.text)
    TIM1_UP_IRQHandler                       0x080001d7   Thumb Code     0  startup_stm32f103xb.o(.text)
    TIM2_IRQHandler                          0x080001d7   Thumb Code     0  startup_stm32f103xb.o(.text)
    TIM3_IRQHandler                          0x080001d7   Thumb Code     0  startup_stm32f103xb.o(.text)
    TIM4_IRQHandler                          0x080001d7   Thumb Code     0  startup_stm32f103xb.o(.text)
    USART1_IRQHandler                        0x080001d7   Thumb Code     0  startup_stm32f103xb.o(.text)
    USART2_IRQHandler                        0x080001d7   Thumb Code     0  startup_stm32f103xb.o(.text)
    USART3_IRQHandler                        0x080001d7   Thumb Code     0  startup_stm32f103xb.o(.text)
    USBWakeUp_IRQHandler                     0x080001d7   Thumb Code     0  startup_stm32f103xb.o(.text)
    USB_HP_CAN1_TX_IRQHandler                0x080001d7   Thumb Code     0  startup_stm32f103xb.o(.text)
    USB_LP_CAN1_RX0_IRQHandler               0x080001d7   Thumb Code     0  startup_stm32f103xb.o(.text)
    WWDG_IRQHandler                          0x080001d7   Thumb Code     0  startup_stm32f103xb.o(.text)
    __user_initial_stackheap                 0x080001d9   Thumb Code     0  startup_stm32f103xb.o(.text)
    __2snprintf                              0x080001fd   Thumb Code    58  noretval__2snprintf.o(.text)
    _printf_pre_padding                      0x0800023d   Thumb Code    44  _printf_pad.o(.text)
    _printf_post_padding                     0x08000269   Thumb Code    34  _printf_pad.o(.text)
    _printf_int_dec                          0x0800028d   Thumb Code   104  _printf_dec.o(.text)
    __printf                                 0x08000305   Thumb Code   388  __printf_flags_ss_wp.o(.text)
    qsort                                    0x0800066b   Thumb Code   134  qsortnoex.o(.text)
    __aeabi_memcpy                           0x080006f1   Thumb Code     0  rt_memcpy_v6.o(.text)
    __rt_memcpy                              0x080006f1   Thumb Code   138  rt_memcpy_v6.o(.text)
    _memcpy_lastbytes                        0x08000757   Thumb Code     0  rt_memcpy_v6.o(.text)
    __aeabi_memcpy4                          0x0800077b   Thumb Code     0  rt_memcpy_w.o(.text)
    __aeabi_memcpy8                          0x0800077b   Thumb Code     0  rt_memcpy_w.o(.text)
    __rt_memcpy_w                            0x0800077b   Thumb Code   100  rt_memcpy_w.o(.text)
    _memcpy_lastbytes_aligned                0x080007c3   Thumb Code     0  rt_memcpy_w.o(.text)
    __aeabi_memclr4                          0x080007df   Thumb Code     0  rt_memclr_w.o(.text)
    __aeabi_memclr8                          0x080007df   Thumb Code     0  rt_memclr_w.o(.text)
    __rt_memclr_w                            0x080007df   Thumb Code     0  rt_memclr_w.o(.text)
    _memset_w                                0x080007e3   Thumb Code    74  rt_memclr_w.o(.text)
    __use_two_region_memory                  0x0800082d   Thumb Code     2  heapauxi.o(.text)
    __rt_heap_escrow$2region                 0x0800082f   Thumb Code     2  heapauxi.o(.text)
    __rt_heap_expand$2region                 0x08000831   Thumb Code     2  heapauxi.o(.text)
    _printf_int_common                       0x08000833   Thumb Code   178  _printf_intcommon.o(.text)
    _printf_char_common                      0x080008ef   Thumb Code    32  _printf_char_common.o(.text)
    _snputc                                  0x08000915   Thumb Code    16  _snputc.o(.text)
    __user_setup_stackheap                   0x08000925   Thumb Code    74  sys_stackheap_outer.o(.text)
    exit                                     0x0800096f   Thumb Code    18  exit.o(.text)
    __user_libspace                          0x08000981   Thumb Code     8  libspace.o(.text)
    __user_perproc_libspace                  0x08000981   Thumb Code     0  libspace.o(.text)
    __user_perthread_libspace                0x08000981   Thumb Code     0  libspace.o(.text)
    _sys_exit                                0x08000989   Thumb Code     8  sys_exit.o(.text)
    __I$use$semihosting                      0x08000995   Thumb Code     0  use_no_semi.o(.text)
    __use_no_semihosting_swi                 0x08000995   Thumb Code     2  use_no_semi.o(.text)
    __semihosting_library_function           0x08000997   Thumb Code     0  indicate_semi.o(.text)
    BusFault_Handler                         0x08000999   Thumb Code     2  stm32f1xx_it.o(.text.BusFault_Handler)
    CLCD_I2C_Init                            0x0800099d   Thumb Code   734  lcd_display.o(.text.CLCD_I2C_Init)
    CLCD_I2C_SetCursor                       0x08000c7d   Thumb Code   150  lcd_display.o(.text.CLCD_I2C_SetCursor)
    DebugMon_Handler                         0x08000d15   Thumb Code     2  stm32f1xx_it.o(.text.DebugMon_Handler)
    EXTI2_IRQHandler                         0x08000d19   Thumb Code     6  stm32f1xx_it.o(.text.EXTI2_IRQHandler)
    EXTI4_IRQHandler                         0x08000d21   Thumb Code     6  stm32f1xx_it.o(.text.EXTI4_IRQHandler)
    HAL_Delay                                0x08000d29   Thumb Code    40  stm32f1xx_hal.o(.text.HAL_Delay)
    HAL_GPIO_EXTI_Callback                   0x08000d51   Thumb Code     4  main.o(.text.HAL_GPIO_EXTI_Callback)
    HAL_GPIO_EXTI_IRQHandler                 0x08000d55   Thumb Code    22  stm32f1xx_hal_gpio.o(.text.HAL_GPIO_EXTI_IRQHandler)
    HAL_GPIO_Init                            0x08000d6d   Thumb Code   526  stm32f1xx_hal_gpio.o(.text.HAL_GPIO_Init)
    HAL_GPIO_ReadPin                         0x08000f7d   Thumb Code    10  stm32f1xx_hal_gpio.o(.text.HAL_GPIO_ReadPin)
    HAL_GPIO_WritePin                        0x08000f89   Thumb Code    10  stm32f1xx_hal_gpio.o(.text.HAL_GPIO_WritePin)
    HAL_GetTick                              0x08000f95   Thumb Code    12  stm32f1xx_hal.o(.text.HAL_GetTick)
    HAL_I2C_Init                             0x08000fa1   Thumb Code   356  stm32f1xx_hal_i2c.o(.text.HAL_I2C_Init)
    HAL_I2C_IsDeviceReady                    0x08001105   Thumb Code   532  stm32f1xx_hal_i2c.o(.text.HAL_I2C_IsDeviceReady)
    HAL_I2C_Master_Transmit                  0x08001319   Thumb Code   476  stm32f1xx_hal_i2c.o(.text.HAL_I2C_Master_Transmit)
    HAL_I2C_MspInit                          0x080014f5   Thumb Code   130  stm32f1xx_hal_msp.o(.text.HAL_I2C_MspInit)
    HAL_IncTick                              0x08001579   Thumb Code    26  stm32f1xx_hal.o(.text.HAL_IncTick)
    HAL_Init                                 0x08001595   Thumb Code    38  stm32f1xx_hal.o(.text.HAL_Init)
    HAL_InitTick                             0x080015bd   Thumb Code    72  stm32f1xx_hal.o(.text.HAL_InitTick)
    HAL_MspInit                              0x08001605   Thumb Code    80  stm32f1xx_hal_msp.o(.text.HAL_MspInit)
    HAL_NVIC_EnableIRQ                       0x08001655   Thumb Code    34  stm32f1xx_hal_cortex.o(.text.HAL_NVIC_EnableIRQ)
    HAL_NVIC_SetPriority                     0x08001679   Thumb Code    86  stm32f1xx_hal_cortex.o(.text.HAL_NVIC_SetPriority)
    HAL_NVIC_SetPriorityGrouping             0x080016d1   Thumb Code    32  stm32f1xx_hal_cortex.o(.text.HAL_NVIC_SetPriorityGrouping)
    HAL_RCC_ClockConfig                      0x080016f1   Thumb Code   442  stm32f1xx_hal_rcc.o(.text.HAL_RCC_ClockConfig)
    HAL_RCC_GetHCLKFreq                      0x080018ad   Thumb Code    12  stm32f1xx_hal_rcc.o(.text.HAL_RCC_GetHCLKFreq)
    HAL_RCC_GetPCLK1Freq                     0x080018b9   Thumb Code    38  stm32f1xx_hal_rcc.o(.text.HAL_RCC_GetPCLK1Freq)
    HAL_RCC_OscConfig                        0x080018e1   Thumb Code  1024  stm32f1xx_hal_rcc.o(.text.HAL_RCC_OscConfig)
    HAL_SYSTICK_Config                       0x08001ce1   Thumb Code    44  stm32f1xx_hal_cortex.o(.text.HAL_SYSTICK_Config)
    HardFault_Handler                        0x08001d0d   Thumb Code     2  stm32f1xx_it.o(.text.HardFault_Handler)
    MemManage_Handler                        0x0800212d   Thumb Code     2  stm32f1xx_it.o(.text.MemManage_Handler)
    NMI_Handler                              0x08002131   Thumb Code     2  stm32f1xx_it.o(.text.NMI_Handler)
    PendSV_Handler                           0x08002141   Thumb Code    68  port.o(.text.PendSV_Handler)
    SVC_Handler                              0x08002191   Thumb Code    36  port.o(.text.SVC_Handler)
    StartDefaultTask                         0x080021b5   Thumb Code   480  main.o(.text.StartDefaultTask)
    SysTick_Handler                          0x080023dd   Thumb Code    24  stm32f1xx_it.o(.text.SysTick_Handler)
    SystemInit                               0x080023f5   Thumb Code     2  system_stm32f1xx.o(.text.SystemInit)
    UsageFault_Handler                       0x080023f9   Thumb Code     2  stm32f1xx_it.o(.text.UsageFault_Handler)
    app_support_init                         0x080024a5   Thumb Code   168  main.o(.text.app_support_init)
    lcd_display_init                         0x08002641   Thumb Code   132  lcd_display.o(.text.lcd_display_init)
    lcd_display_show_state                   0x080026c5   Thumb Code   896  lcd_display.o(.text.lcd_display_show_state)
    main                                     0x08002b69   Thumb Code   436  main.o(.text.main)
    osKernelStart                            0x08002d39   Thumb Code    10  cmsis_os.o(.text.osKernelStart)
    osThreadCreate                           0x08002d45   Thumb Code    92  cmsis_os.o(.text.osThreadCreate)
    pvPortMalloc                             0x08003589   Thumb Code   488  heap_4.o(.text.pvPortMalloc)
    pvTaskIncrementMutexHeldCount            0x08003771   Thumb Code    24  tasks.o(.text.pvTaskIncrementMutexHeldCount)
    pxPortInitialiseStack                    0x08003789   Thumb Code    32  port.o(.text.pxPortInitialiseStack)
    sensor_filter_commit                     0x080037c5   Thumb Code   368  sensor_filter.o(.text.sensor_filter_commit)
    sensor_filter_reset_all                  0x08003935   Thumb Code    24  sensor_filter.o(.text.sensor_filter_reset_all)
    system_state_get_status_text             0x0800394d   Thumb Code    20  system_state.o(.text.system_state_get_status_text)
    system_state_get_warning_text            0x08003975   Thumb Code    20  system_state.o(.text.system_state_get_warning_text)
    system_state_init                        0x08003995   Thumb Code    20  system_state.o(.text.system_state_init)
    system_state_update                      0x080039a9   Thumb Code    42  system_state.o(.text.system_state_update)
    taskHandleEchoEdgeIsr                    0x080039d5   Thumb Code   222  main.o(.text.taskHandleEchoEdgeIsr)
    taskReadDistanceSensor                   0x08003ab5   Thumb Code   660  main.o(.text.taskReadDistanceSensor)
    uxListRemove                             0x08003d49   Thumb Code    34  list.o(.text.uxListRemove)
    vApplicationGetIdleTaskMemory            0x08003ea5   Thumb Code    26  freertos.o(.text.vApplicationGetIdleTaskMemory)
    vApplicationGetTimerTaskMemory           0x08003ec1   Thumb Code    26  freertos.o(.text.vApplicationGetTimerTaskMemory)
    vListInitialise                          0x08003f7d   Thumb Code    22  list.o(.text.vListInitialise)
    vListInitialiseItem                      0x08003f95   Thumb Code     6  list.o(.text.vListInitialiseItem)
    vListInsert                              0x08003f9d   Thumb Code    98  list.o(.text.vListInsert)
    vListInsertEnd                           0x08004001   Thumb Code    26  list.o(.text.vListInsertEnd)
    vPortEnterCritical                       0x0800401d   Thumb Code    70  port.o(.text.vPortEnterCritical)
    vPortExitCritical                        0x08004065   Thumb Code    46  port.o(.text.vPortExitCritical)
    vPortFree                                0x08004095   Thumb Code   222  heap_4.o(.text.vPortFree)
    vPortSetupTimerInterrupt                 0x08004175   Thumb Code    52  port.o(.text.vPortSetupTimerInterrupt)
    vPortValidateInterruptPriority           0x080041a9   Thumb Code    94  port.o(.text.vPortValidateInterruptPriority)
    vQueueAddToRegistry                      0x0800451d   Thumb Code    88  queue.o(.text.vQueueAddToRegistry)
    vQueueWaitForMessageRestricted           0x08004575   Thumb Code    82  queue.o(.text.vQueueWaitForMessageRestricted)
    vTaskDelay                               0x08004641   Thumb Code   158  tasks.o(.text.vTaskDelay)
    vTaskDelete                              0x080046e1   Thumb Code   262  tasks.o(.text.vTaskDelete)
    vTaskInternalSetTimeOutState             0x080047e9   Thumb Code    18  tasks.o(.text.vTaskInternalSetTimeOutState)
    vTaskMissedYield                         0x080047fd   Thumb Code    14  tasks.o(.text.vTaskMissedYield)
    vTaskPlaceOnEventList                    0x0800480d   Thumb Code    54  tasks.o(.text.vTaskPlaceOnEventList)
    vTaskPlaceOnEventListRestricted          0x08004845   Thumb Code   142  tasks.o(.text.vTaskPlaceOnEventListRestricted)
    vTaskPriorityDisinheritAfterTimeout      0x080048d5   Thumb Code   178  tasks.o(.text.vTaskPriorityDisinheritAfterTimeout)
    vTaskStartScheduler                      0x08004989   Thumb Code   232  tasks.o(.text.vTaskStartScheduler)
    vTaskSuspendAll                          0x08004a79   Thumb Code    16  tasks.o(.text.vTaskSuspendAll)
    vTaskSwitchContext                       0x08004a89   Thumb Code   110  tasks.o(.text.vTaskSwitchContext)
    xPortStartScheduler                      0x08004af9   Thumb Code   304  port.o(.text.xPortStartScheduler)
    xPortSysTickHandler                      0x08004c29   Thumb Code    46  port.o(.text.xPortSysTickHandler)
    xQueueCreateMutex                        0x08004c59   Thumb Code   106  queue.o(.text.xQueueCreateMutex)
    xQueueGenericCreate                      0x08004cc5   Thumb Code   126  queue.o(.text.xQueueGenericCreate)
    xQueueGenericCreateStatic                0x08004d45   Thumb Code   214  queue.o(.text.xQueueGenericCreateStatic)
    xQueueGenericSend                        0x08004e1d   Thumb Code   704  queue.o(.text.xQueueGenericSend)
    xQueueGenericSendFromISR                 0x080050dd   Thumb Code   328  queue.o(.text.xQueueGenericSendFromISR)
    xQueueGiveFromISR                        0x08005225   Thumb Code   186  queue.o(.text.xQueueGiveFromISR)
    xQueueReceive                            0x080052e1   Thumb Code   574  queue.o(.text.xQueueReceive)
    xQueueSemaphoreTake                      0x08005521   Thumb Code   650  queue.o(.text.xQueueSemaphoreTake)
    xTaskCheckForTimeOut                     0x080057ad   Thumb Code   154  tasks.o(.text.xTaskCheckForTimeOut)
    xTaskCreate                              0x08005849   Thumb Code    96  tasks.o(.text.xTaskCreate)
    xTaskCreateStatic                        0x080058a9   Thumb Code   118  tasks.o(.text.xTaskCreateStatic)
    xTaskGetSchedulerState                   0x08005921   Thumb Code    30  tasks.o(.text.xTaskGetSchedulerState)
    xTaskGetTickCount                        0x08005941   Thumb Code    12  tasks.o(.text.xTaskGetTickCount)
    xTaskIncrementTick                       0x0800594d   Thumb Code   262  tasks.o(.text.xTaskIncrementTick)
    xTaskPriorityDisinherit                  0x08005a55   Thumb Code   174  tasks.o(.text.xTaskPriorityDisinherit)
    xTaskPriorityInherit                     0x08005b05   Thumb Code   166  tasks.o(.text.xTaskPriorityInherit)
    xTaskRemoveFromEventList                 0x08005bad   Thumb Code   116  tasks.o(.text.xTaskRemoveFromEventList)
    xTaskResumeAll                           0x08005c21   Thumb Code   234  tasks.o(.text.xTaskResumeAll)
    xTimerCreate                             0x08005d0d   Thumb Code    58  timers.o(.text.xTimerCreate)
    xTimerCreateTimerTask                    0x08005d49   Thumb Code   172  timers.o(.text.xTimerCreateTimerTask)
    xTimerGenericCommand                     0x08005dfd   Thumb Code   118  timers.o(.text.xTimerGenericCommand)
    _is_digit                                0x08005e73   Thumb Code    14  __printf_wp.o(i._is_digit)
    __aeabi_fadd                             0x08005e81   Thumb Code     0  faddsub_clz.o(x$fpl$fadd)
    _fadd                                    0x08005e81   Thumb Code   196  faddsub_clz.o(x$fpl$fadd)
    __aeabi_fcmpeq                           0x08005f45   Thumb Code     0  fcmp.o(x$fpl$fcmp)
    _feq                                     0x08005f45   Thumb Code    14  fcmp.o(x$fpl$fcmp)
    _fneq                                    0x08005f53   Thumb Code    14  fcmp.o(x$fpl$fcmp)
    __aeabi_fcmpgt                           0x08005f61   Thumb Code     0  fcmp.o(x$fpl$fcmp)
    _fgr                                     0x08005f61   Thumb Code    14  fcmp.o(x$fpl$fcmp)
    __aeabi_fcmpge                           0x08005f6f   Thumb Code     0  fcmp.o(x$fpl$fcmp)
    _fgeq                                    0x08005f6f   Thumb Code    14  fcmp.o(x$fpl$fcmp)
    __aeabi_fcmple                           0x08005f7d   Thumb Code     0  fcmp.o(x$fpl$fcmp)
    _fleq                                    0x08005f7d   Thumb Code    14  fcmp.o(x$fpl$fcmp)
    __aeabi_fcmplt                           0x08005f8b   Thumb Code     0  fcmp.o(x$fpl$fcmp)
    _fls                                     0x08005f8b   Thumb Code    14  fcmp.o(x$fpl$fcmp)
    __fpl_fcmp_Inf                           0x08005f99   Thumb Code    24  fcmpi.o(x$fpl$fcmpinf)
    __aeabi_fdiv                             0x08005fb1   Thumb Code     0  fdiv.o(x$fpl$fdiv)
    _fdiv                                    0x08005fb1   Thumb Code   384  fdiv.o(x$fpl$fdiv)
    __aeabi_cfcmpeq                          0x08006135   Thumb Code     0  feqf.o(x$fpl$feqf)
    _fcmpeq                                  0x08006135   Thumb Code   104  feqf.o(x$fpl$feqf)
    __aeabi_f2uiz                            0x0800619d   Thumb Code     0  ffixu.o(x$fpl$ffixu)
    _ffixu                                   0x0800619d   Thumb Code    62  ffixu.o(x$fpl$ffixu)
    __aeabi_ui2f                             0x080061dd   Thumb Code     0  fflt_clz.o(x$fpl$ffltu)
    _ffltu                                   0x080061dd   Thumb Code    38  fflt_clz.o(x$fpl$ffltu)
    _fcmpge                                  0x08006205   Thumb Code   104  fgeqf.o(x$fpl$fgeqf)
    __aeabi_cfcmple                          0x0800626d   Thumb Code     0  fleqf.o(x$fpl$fleqf)
    _fcmple                                  0x0800626d   Thumb Code   104  fleqf.o(x$fpl$fleqf)
    __fpl_fcmple_InfNaN                      0x080062bf   Thumb Code     0  fleqf.o(x$fpl$fleqf)
    __aeabi_fmul                             0x080062d5   Thumb Code     0  fmul.o(x$fpl$fmul)
    _fmul                                    0x080062d5   Thumb Code   258  fmul.o(x$fpl$fmul)
    __fpl_fnaninf                            0x080063d7   Thumb Code   140  fnaninf.o(x$fpl$fnaninf)
    __fpl_fretinf                            0x08006463   Thumb Code    10  fretinf.o(x$fpl$fretinf)
    __aeabi_fsub                             0x0800646d   Thumb Code     0  faddsub_clz.o(x$fpl$fsub)
    _fsub                                    0x0800646d   Thumb Code   234  faddsub_clz.o(x$fpl$fsub)
    __I$use$fp                               0x08006556   Number         0  usenofp.o(x$fpl$usenofp)
    AHBPrescTable                            0x08006567   Data          16  system_stm32f1xx.o(.rodata.AHBPrescTable)
    APBPrescTable                            0x08006577   Data           8  system_stm32f1xx.o(.rodata.APBPrescTable)
    Region$$Table$$Base                      0x08006634   Number         0  anon$$obj.o(Region$$Table)
    Region$$Table$$Limit                     0x08006654   Number         0  anon$$obj.o(Region$$Table)
    uwTickFreq                               0x20000000   Data           1  stm32f1xx_hal.o(.data..L_MergedGlobals)
    uwTickPrio                               0x20000004   Data           4  stm32f1xx_hal.o(.data..L_MergedGlobals)
    SystemCoreClock                          0x20000008   Data           4  system_stm32f1xx.o(.data.SystemCoreClock)
    __libspace_start                         0x20000010   Data          96  libspace.o(.bss)
    __temporary_stack_top$libspace           0x20000070   Data           0  libspace.o(.bss)
    defaultTaskHandle                        0x20000070   Data           4  main.o(.bss..L_MergedGlobals)
    pxCurrentTCB                             0x200000f8   Data           4  tasks.o(.bss..L_MergedGlobals)
    hi2c1                                    0x20000214   Data          84  main.o(.bss..L_MergedGlobals.7)
    uwTick                                   0x20002bf4   Data           4  stm32f1xx_hal.o(.bss.uwTick)
    xQueueRegistry                           0x20002e58   Data          64  queue.o(.bss.xQueueRegistry)



==============================================================================

Memory Map of the image

  Image Entry point : 0x080000ed

  Load Region LR_IROM1 (Base: 0x08000000, Size: 0x00006668, Max: 0x00010000, ABSOLUTE)

    Execution Region ER_IROM1 (Exec base: 0x08000000, Load base: 0x08000000, Size: 0x00006654, Max: 0x00010000, ABSOLUTE)

    Exec Addr    Load Addr    Size         Type   Attr      Idx    E Section Name        Object

    0x08000000   0x08000000   0x000000ec   Data   RO            3    RESET               startup_stm32f103xb.o
    0x080000ec   0x080000ec   0x00000008   Code   RO         1320  * !!!main             c_w.l(__main.o)
    0x080000f4   0x080000f4   0x0000005c   Code   RO         1533    !!!scatter          c_w.l(__scatter.o)
    0x08000150   0x08000150   0x0000001a   Code   RO         1537    !!handler_copy      c_w.l(__scatter_copy.o)
    0x0800016a   0x0800016a   0x00000002   PAD
    0x0800016c   0x0800016c   0x00000002   Code   RO         1534    !!handler_null      c_w.l(__scatter.o)
    0x0800016e   0x0800016e   0x00000002   PAD
    0x08000170   0x08000170   0x0000001c   Code   RO         1539    !!handler_zi        c_w.l(__scatter_zi.o)
    0x0800018c   0x0800018c   0x00000000   Code   RO         1307    .ARM.Collect$$_printf_percent$$00000000  c_w.l(_printf_percent.o)
    0x0800018c   0x0800018c   0x00000006   Code   RO         1306    .ARM.Collect$$_printf_percent$$0000000A  c_w.l(_printf_u.o)
    0x08000192   0x08000192   0x00000004   Code   RO         1353    .ARM.Collect$$_printf_percent$$00000017  c_w.l(_printf_percent_end.o)
    0x08000196   0x08000196   0x00000002   Code   RO         1395    .ARM.Collect$$libinit$$00000000  c_w.l(libinit.o)
    0x08000198   0x08000198   0x00000000   Code   RO         1402    .ARM.Collect$$libinit$$00000002  c_w.l(libinit2.o)
    0x08000198   0x08000198   0x00000000   Code   RO         1404    .ARM.Collect$$libinit$$00000004  c_w.l(libinit2.o)
    0x08000198   0x08000198   0x00000000   Code   RO         1406    .ARM.Collect$$libinit$$00000006  c_w.l(libinit2.o)
    0x08000198   0x08000198   0x00000000   Code   RO         1409    .ARM.Collect$$libinit$$0000000C  c_w.l(libinit2.o)
    0x08000198   0x08000198   0x00000000   Code   RO         1411    .ARM.Collect$$libinit$$0000000E  c_w.l(libinit2.o)
    0x08000198   0x08000198   0x00000000   Code   RO         1413    .ARM.Collect$$libinit$$00000010  c_w.l(libinit2.o)
    0x08000198   0x08000198   0x00000000   Code   RO         1416    .ARM.Collect$$libinit$$00000013  c_w.l(libinit2.o)
    0x08000198   0x08000198   0x00000000   Code   RO         1418    .ARM.Collect$$libinit$$00000015  c_w.l(libinit2.o)
    0x08000198   0x08000198   0x00000000   Code   RO         1420    .ARM.Collect$$libinit$$00000017  c_w.l(libinit2.o)
    0x08000198   0x08000198   0x00000000   Code   RO         1422    .ARM.Collect$$libinit$$00000019  c_w.l(libinit2.o)
    0x08000198   0x08000198   0x00000000   Code   RO         1424    .ARM.Collect$$libinit$$0000001B  c_w.l(libinit2.o)
    0x08000198   0x08000198   0x00000000   Code   RO         1426    .ARM.Collect$$libinit$$0000001D  c_w.l(libinit2.o)
    0x08000198   0x08000198   0x00000000   Code   RO         1428    .ARM.Collect$$libinit$$0000001F  c_w.l(libinit2.o)
    0x08000198   0x08000198   0x00000000   Code   RO         1430    .ARM.Collect$$libinit$$00000021  c_w.l(libinit2.o)
    0x08000198   0x08000198   0x00000000   Code   RO         1432    .ARM.Collect$$libinit$$00000023  c_w.l(libinit2.o)
    0x08000198   0x08000198   0x00000000   Code   RO         1434    .ARM.Collect$$libinit$$00000025  c_w.l(libinit2.o)
    0x08000198   0x08000198   0x00000000   Code   RO         1436    .ARM.Collect$$libinit$$00000027  c_w.l(libinit2.o)
    0x08000198   0x08000198   0x00000000   Code   RO         1440    .ARM.Collect$$libinit$$0000002E  c_w.l(libinit2.o)
    0x08000198   0x08000198   0x00000000   Code   RO         1442    .ARM.Collect$$libinit$$00000030  c_w.l(libinit2.o)
    0x08000198   0x08000198   0x00000000   Code   RO         1444    .ARM.Collect$$libinit$$00000032  c_w.l(libinit2.o)
    0x08000198   0x08000198   0x00000000   Code   RO         1446    .ARM.Collect$$libinit$$00000034  c_w.l(libinit2.o)
    0x08000198   0x08000198   0x00000002   Code   RO         1447    .ARM.Collect$$libinit$$00000035  c_w.l(libinit2.o)
    0x0800019a   0x0800019a   0x00000002   Code   RO         1469    .ARM.Collect$$libshutdown$$00000000  c_w.l(libshutdown.o)
    0x0800019c   0x0800019c   0x00000000   Code   RO         1484    .ARM.Collect$$libshutdown$$00000002  c_w.l(libshutdown2.o)
    0x0800019c   0x0800019c   0x00000000   Code   RO         1486    .ARM.Collect$$libshutdown$$00000004  c_w.l(libshutdown2.o)
    0x0800019c   0x0800019c   0x00000000   Code   RO         1489    .ARM.Collect$$libshutdown$$00000007  c_w.l(libshutdown2.o)
    0x0800019c   0x0800019c   0x00000000   Code   RO         1492    .ARM.Collect$$libshutdown$$0000000A  c_w.l(libshutdown2.o)
    0x0800019c   0x0800019c   0x00000000   Code   RO         1494    .ARM.Collect$$libshutdown$$0000000C  c_w.l(libshutdown2.o)
    0x0800019c   0x0800019c   0x00000000   Code   RO         1497    .ARM.Collect$$libshutdown$$0000000F  c_w.l(libshutdown2.o)
    0x0800019c   0x0800019c   0x00000002   Code   RO         1498    .ARM.Collect$$libshutdown$$00000010  c_w.l(libshutdown2.o)
    0x0800019e   0x0800019e   0x00000000   Code   RO         1346    .ARM.Collect$$rtentry$$00000000  c_w.l(__rtentry.o)
    0x0800019e   0x0800019e   0x00000000   Code   RO         1368    .ARM.Collect$$rtentry$$00000002  c_w.l(__rtentry2.o)
    0x0800019e   0x0800019e   0x00000006   Code   RO         1380    .ARM.Collect$$rtentry$$00000004  c_w.l(__rtentry4.o)
    0x080001a4   0x080001a4   0x00000000   Code   RO         1370    .ARM.Collect$$rtentry$$00000009  c_w.l(__rtentry2.o)
    0x080001a4   0x080001a4   0x00000004   Code   RO         1371    .ARM.Collect$$rtentry$$0000000A  c_w.l(__rtentry2.o)
    0x080001a8   0x080001a8   0x00000000   Code   RO         1373    .ARM.Collect$$rtentry$$0000000C  c_w.l(__rtentry2.o)
    0x080001a8   0x080001a8   0x00000008   Code   RO         1374    .ARM.Collect$$rtentry$$0000000D  c_w.l(__rtentry2.o)
    0x080001b0   0x080001b0   0x00000002   Code   RO         1399    .ARM.Collect$$rtexit$$00000000  c_w.l(rtexit.o)
    0x080001b2   0x080001b2   0x00000000   Code   RO         1449    .ARM.Collect$$rtexit$$00000002  c_w.l(rtexit2.o)
    0x080001b2   0x080001b2   0x00000004   Code   RO         1450    .ARM.Collect$$rtexit$$00000003  c_w.l(rtexit2.o)
    0x080001b6   0x080001b6   0x00000006   Code   RO         1451    .ARM.Collect$$rtexit$$00000004  c_w.l(rtexit2.o)
    0x080001bc   0x080001bc   0x00000040   Code   RO            4    .text               startup_stm32f103xb.o
    0x080001fc   0x080001fc   0x00000040   Code   RO         1278    .text               c_w.l(noretval__2snprintf.o)
    0x0800023c   0x0800023c   0x0000004e   Code   RO         1282    .text               c_w.l(_printf_pad.o)
    0x0800028a   0x0800028a   0x00000002   PAD
    0x0800028c   0x0800028c   0x00000078   Code   RO         1284    .text               c_w.l(_printf_dec.o)
    0x08000304   0x08000304   0x00000188   Code   RO         1303    .text               c_w.l(__printf_flags_ss_wp.o)
    0x0800048c   0x0800048c   0x00000264   Code   RO         1308    .text               c_w.l(qsortnoex.o)
    0x080006f0   0x080006f0   0x0000008a   Code   RO         1310    .text               c_w.l(rt_memcpy_v6.o)
    0x0800077a   0x0800077a   0x00000064   Code   RO         1312    .text               c_w.l(rt_memcpy_w.o)
    0x080007de   0x080007de   0x0000004e   Code   RO         1316    .text               c_w.l(rt_memclr_w.o)
    0x0800082c   0x0800082c   0x00000006   Code   RO         1318    .text               c_w.l(heapauxi.o)
    0x08000832   0x08000832   0x000000b2   Code   RO         1347    .text               c_w.l(_printf_intcommon.o)
    0x080008e4   0x080008e4   0x00000030   Code   RO         1349    .text               c_w.l(_printf_char_common.o)
    0x08000914   0x08000914   0x00000010   Code   RO         1351    .text               c_w.l(_snputc.o)
    0x08000924   0x08000924   0x0000004a   Code   RO         1386    .text               c_w.l(sys_stackheap_outer.o)
    0x0800096e   0x0800096e   0x00000012   Code   RO         1388    .text               c_w.l(exit.o)
    0x08000980   0x08000980   0x00000008   Code   RO         1396    .text               c_w.l(libspace.o)
    0x08000988   0x08000988   0x0000000c   Code   RO         1459    .text               c_w.l(sys_exit.o)
    0x08000994   0x08000994   0x00000002   Code   RO         1474    .text               c_w.l(use_no_semi.o)
    0x08000996   0x08000996   0x00000000   Code   RO         1476    .text               c_w.l(indicate_semi.o)
    0x08000996   0x08000996   0x00000002   PAD
    0x08000998   0x08000998   0x00000002   Code   RO           85    .text.BusFault_Handler  stm32f1xx_it.o
    0x0800099a   0x0800099a   0x00000002   PAD
    0x0800099c   0x0800099c   0x000002de   Code   RO          142    .text.CLCD_I2C_Init  lcd_display.o
    0x08000c7a   0x08000c7a   0x00000002   PAD
    0x08000c7c   0x08000c7c   0x00000096   Code   RO          144    .text.CLCD_I2C_SetCursor  lcd_display.o
    0x08000d12   0x08000d12   0x00000002   PAD
    0x08000d14   0x08000d14   0x00000002   Code   RO           89    .text.DebugMon_Handler  stm32f1xx_it.o
    0x08000d16   0x08000d16   0x00000002   PAD
    0x08000d18   0x08000d18   0x00000006   Code   RO           93    .text.EXTI2_IRQHandler  stm32f1xx_it.o
    0x08000d1e   0x08000d1e   0x00000002   PAD
    0x08000d20   0x08000d20   0x00000006   Code   RO           95    .text.EXTI4_IRQHandler  stm32f1xx_it.o
    0x08000d26   0x08000d26   0x00000002   PAD
    0x08000d28   0x08000d28   0x00000028   Code   RO          215    .text.HAL_Delay     stm32f1xx_hal.o
    0x08000d50   0x08000d50   0x00000004   Code   RO           33    .text.HAL_GPIO_EXTI_Callback  main.o
    0x08000d54   0x08000d54   0x00000016   Code   RO          319    .text.HAL_GPIO_EXTI_IRQHandler  stm32f1xx_hal_gpio.o
    0x08000d6a   0x08000d6a   0x00000002   PAD
    0x08000d6c   0x08000d6c   0x0000020e   Code   RO          307    .text.HAL_GPIO_Init  stm32f1xx_hal_gpio.o
    0x08000f7a   0x08000f7a   0x00000002   PAD
    0x08000f7c   0x08000f7c   0x0000000a   Code   RO          311    .text.HAL_GPIO_ReadPin  stm32f1xx_hal_gpio.o
    0x08000f86   0x08000f86   0x00000002   PAD
    0x08000f88   0x08000f88   0x0000000a   Code   RO          313    .text.HAL_GPIO_WritePin  stm32f1xx_hal_gpio.o
    0x08000f92   0x08000f92   0x00000002   PAD
    0x08000f94   0x08000f94   0x0000000c   Code   RO          207    .text.HAL_GetTick   stm32f1xx_hal.o
    0x08000fa0   0x08000fa0   0x00000164   Code   RO          528    .text.HAL_I2C_Init  stm32f1xx_hal_i2c.o
    0x08001104   0x08001104   0x00000214   Code   RO          588    .text.HAL_I2C_IsDeviceReady  stm32f1xx_hal_i2c.o
    0x08001318   0x08001318   0x000001dc   Code   RO          536    .text.HAL_I2C_Master_Transmit  stm32f1xx_hal_i2c.o
    0x080014f4   0x080014f4   0x00000082   Code   RO          106    .text.HAL_I2C_MspInit  stm32f1xx_hal_msp.o
    0x08001576   0x08001576   0x00000002   PAD
    0x08001578   0x08001578   0x0000001a   Code   RO          205    .text.HAL_IncTick   stm32f1xx_hal.o
    0x08001592   0x08001592   0x00000002   PAD
    0x08001594   0x08001594   0x00000026   Code   RO          195    .text.HAL_Init      stm32f1xx_hal.o
    0x080015ba   0x080015ba   0x00000002   PAD
    0x080015bc   0x080015bc   0x00000048   Code   RO          197    .text.HAL_InitTick  stm32f1xx_hal.o
    0x08001604   0x08001604   0x00000050   Code   RO          104    .text.HAL_MspInit   stm32f1xx_hal_msp.o
    0x08001654   0x08001654   0x00000022   Code   RO          367    .text.HAL_NVIC_EnableIRQ  stm32f1xx_hal_cortex.o
    0x08001676   0x08001676   0x00000002   PAD
    0x08001678   0x08001678   0x00000056   Code   RO          365    .text.HAL_NVIC_SetPriority  stm32f1xx_hal_cortex.o
    0x080016ce   0x080016ce   0x00000002   PAD
    0x080016d0   0x080016d0   0x00000020   Code   RO          363    .text.HAL_NVIC_SetPriorityGrouping  stm32f1xx_hal_cortex.o
    0x080016f0   0x080016f0   0x000001ba   Code   RO          259    .text.HAL_RCC_ClockConfig  stm32f1xx_hal_rcc.o
    0x080018aa   0x080018aa   0x00000002   PAD
    0x080018ac   0x080018ac   0x0000000c   Code   RO          269    .text.HAL_RCC_GetHCLKFreq  stm32f1xx_hal_rcc.o
    0x080018b8   0x080018b8   0x00000026   Code   RO          271    .text.HAL_RCC_GetPCLK1Freq  stm32f1xx_hal_rcc.o
    0x080018de   0x080018de   0x00000002   PAD
    0x080018e0   0x080018e0   0x00000400   Code   RO          257    .text.HAL_RCC_OscConfig  stm32f1xx_hal_rcc.o
    0x08001ce0   0x08001ce0   0x0000002c   Code   RO          375    .text.HAL_SYSTICK_Config  stm32f1xx_hal_cortex.o
    0x08001d0c   0x08001d0c   0x00000002   Code   RO           81    .text.HardFault_Handler  stm32f1xx_it.o
    0x08001d0e   0x08001d0e   0x00000002   PAD
    0x08001d10   0x08001d10   0x000000ba   Code   RO          542    .text.I2C_WaitOnBTFFlagUntilTimeout  stm32f1xx_hal_i2c.o
    0x08001dca   0x08001dca   0x00000002   PAD
    0x08001dcc   0x08001dcc   0x000001ca   Code   RO          538    .text.I2C_WaitOnFlagUntilTimeout  stm32f1xx_hal_i2c.o
    0x08001f96   0x08001f96   0x00000002   PAD
    0x08001f98   0x08001f98   0x000000d6   Code   RO          656    .text.I2C_WaitOnMasterAddressFlagUntilTimeout  stm32f1xx_hal_i2c.o
    0x0800206e   0x0800206e   0x00000002   PAD
    0x08002070   0x08002070   0x000000ba   Code   RO          540    .text.I2C_WaitOnTXEFlagUntilTimeout  stm32f1xx_hal_i2c.o
    0x0800212a   0x0800212a   0x00000002   PAD
    0x0800212c   0x0800212c   0x00000002   Code   RO           83    .text.MemManage_Handler  stm32f1xx_it.o
    0x0800212e   0x0800212e   0x00000002   PAD
    0x08002130   0x08002130   0x00000002   Code   RO           79    .text.NMI_Handler   stm32f1xx_it.o
    0x08002132   0x08002132   0x0000000e   PAD
    0x08002140   0x08002140   0x00000044   Code   RO         1259    .text.PendSV_Handler  port.o
    0x08002184   0x08002184   0x0000000c   PAD
    0x08002190   0x08002190   0x00000024   Code   RO         1245    .text.SVC_Handler   port.o
    0x080021b4   0x080021b4   0x00000228   Code   RO           17    .text.StartDefaultTask  main.o
    0x080023dc   0x080023dc   0x00000018   Code   RO           91    .text.SysTick_Handler  stm32f1xx_it.o
    0x080023f4   0x080023f4   0x00000002   Code   RO          786    .text.SystemInit    system_stm32f1xx.o
    0x080023f6   0x080023f6   0x00000002   PAD
    0x080023f8   0x080023f8   0x00000002   Code   RO           87    .text.UsageFault_Handler  stm32f1xx_it.o
    0x080023fa   0x080023fa   0x00000002   PAD
    0x080023fc   0x080023fc   0x000000a6   Code   RO           35    .text.app_init_default_state  main.o
    0x080024a2   0x080024a2   0x00000002   PAD
    0x080024a4   0x080024a4   0x000000a8   Code   RO           15    .text.app_support_init  main.o
    0x0800254c   0x0800254c   0x000000c6   Code   RO           47    .text.dual_state_combine  main.o
    0x08002612   0x08002612   0x00000002   PAD
    0x08002614   0x08002614   0x0000002a   Code   RO          170    .text.float_compare  sensor_filter.o
    0x0800263e   0x0800263e   0x00000002   PAD
    0x08002640   0x08002640   0x00000084   Code   RO          148    .text.lcd_display_init  lcd_display.o
    0x080026c4   0x080026c4   0x00000380   Code   RO          154    .text.lcd_display_show_state  lcd_display.o
    0x08002a44   0x08002a44   0x00000124   Code   RO          152    .text.lcd_display_write_line  lcd_display.o
    0x08002b68   0x08002b68   0x000001d0   Code   RO           11    .text.main          main.o
    0x08002d38   0x08002d38   0x0000000a   Code   RO         1104    .text.osKernelStart  cmsis_os.o
    0x08002d42   0x08002d42   0x00000002   PAD
    0x08002d44   0x08002d44   0x0000005c   Code   RO         1110    .text.osThreadCreate  cmsis_os.o
    0x08002da0   0x08002da0   0x0000007e   Code   RO          969    .text.prvAddCurrentTaskToDelayedList  tasks.o
    0x08002e1e   0x08002e1e   0x00000002   PAD
    0x08002e20   0x08002e20   0x000000fc   Code   RO          959    .text.prvAddNewTaskToReadyList  tasks.o
    0x08002f1c   0x08002f1c   0x00000086   Code   RO          989    .text.prvIdleTask   tasks.o
    0x08002fa2   0x08002fa2   0x00000002   PAD
    0x08002fa4   0x08002fa4   0x000000f4   Code   RO          957    .text.prvInitialiseNewTask  tasks.o
    0x08003098   0x08003098   0x000000ae   Code   RO         1068    .text.prvInitialiseNewTimer  timers.o
    0x08003146   0x08003146   0x00000002   PAD
    0x08003148   0x08003148   0x00000020   Code   RO         1251    .text.prvPortStartFirstTask  port.o
    0x08003168   0x08003168   0x0000003e   Code   RO         1243    .text.prvTaskExitError  port.o
    0x080031a6   0x080031a6   0x00000002   PAD
    0x080031a8   0x080031a8   0x0000036a   Code   RO         1064    .text.prvTimerTask  timers.o
    0x08003512   0x08003512   0x00000002   PAD
    0x08003514   0x08003514   0x00000074   Code   RO          870    .text.prvUnlockQueue  queue.o
    0x08003588   0x08003588   0x000001e8   Code   RO         1219    .text.pvPortMalloc  heap_4.o
    0x08003770   0x08003770   0x00000018   Code   RO         1035    .text.pvTaskIncrementMutexHeldCount  tasks.o
    0x08003788   0x08003788   0x00000020   Code   RO         1241    .text.pxPortInitialiseStack  port.o
    0x080037a8   0x080037a8   0x0000001a   Code   RO           45    .text.sample_timer_cb  main.o
    0x080037c2   0x080037c2   0x00000002   PAD
    0x080037c4   0x080037c4   0x00000170   Code   RO          168    .text.sensor_filter_commit  sensor_filter.o
    0x08003934   0x08003934   0x00000018   Code   RO          166    .text.sensor_filter_reset_all  sensor_filter.o
    0x0800394c   0x0800394c   0x00000028   Code   RO          130    .text.system_state_get_status_text  system_state.o
    0x08003974   0x08003974   0x00000020   Code   RO          128    .text.system_state_get_warning_text  system_state.o
    0x08003994   0x08003994   0x00000014   Code   RO          122    .text.system_state_init  system_state.o
    0x080039a8   0x080039a8   0x0000002a   Code   RO          124    .text.system_state_update  system_state.o
    0x080039d2   0x080039d2   0x00000002   PAD
    0x080039d4   0x080039d4   0x000000de   Code   RO           31    .text.taskHandleEchoEdgeIsr  main.o
    0x08003ab2   0x08003ab2   0x00000002   PAD
    0x08003ab4   0x08003ab4   0x00000294   Code   RO           23    .text.taskReadDistanceSensor  main.o
    0x08003d48   0x08003d48   0x00000022   Code   RO          838    .text.uxListRemove  list.o
    0x08003d6a   0x08003d6a   0x00000002   PAD
    0x08003d6c   0x08003d6c   0x00000138   Code   RO           41    .text.vAlertTask    main.o
    0x08003ea4   0x08003ea4   0x0000001a   Code   RO           63    .text.vApplicationGetIdleTaskMemory  freertos.o
    0x08003ebe   0x08003ebe   0x00000002   PAD
    0x08003ec0   0x08003ec0   0x0000001a   Code   RO           65    .text.vApplicationGetTimerTaskMemory  freertos.o
    0x08003eda   0x08003eda   0x00000002   PAD
    0x08003edc   0x08003edc   0x000000a0   Code   RO           43    .text.vDisplayTask  main.o
    0x08003f7c   0x08003f7c   0x00000016   Code   RO          830    .text.vListInitialise  list.o
    0x08003f92   0x08003f92   0x00000002   PAD
    0x08003f94   0x08003f94   0x00000006   Code   RO          832    .text.vListInitialiseItem  list.o
    0x08003f9a   0x08003f9a   0x00000002   PAD
    0x08003f9c   0x08003f9c   0x00000062   Code   RO          836    .text.vListInsert   list.o
    0x08003ffe   0x08003ffe   0x00000002   PAD
    0x08004000   0x08004000   0x0000001a   Code   RO          834    .text.vListInsertEnd  list.o
    0x0800401a   0x0800401a   0x00000002   PAD
    0x0800401c   0x0800401c   0x00000046   Code   RO         1255    .text.vPortEnterCritical  port.o
    0x08004062   0x08004062   0x00000002   PAD
    0x08004064   0x08004064   0x0000002e   Code   RO         1257    .text.vPortExitCritical  port.o
    0x08004092   0x08004092   0x00000002   PAD
    0x08004094   0x08004094   0x000000de   Code   RO         1221    .text.vPortFree     heap_4.o
    0x08004172   0x08004172   0x00000002   PAD
    0x08004174   0x08004174   0x00000034   Code   RO         1249    .text.vPortSetupTimerInterrupt  port.o
    0x080041a8   0x080041a8   0x0000005e   Code   RO         1263    .text.vPortValidateInterruptPriority  port.o
    0x08004206   0x08004206   0x00000002   PAD
    0x08004208   0x08004208   0x00000314   Code   RO           39    .text.vProcessingTask  main.o
    0x0800451c   0x0800451c   0x00000058   Code   RO          898    .text.vQueueAddToRegistry  queue.o
    0x08004574   0x08004574   0x00000052   Code   RO          902    .text.vQueueWaitForMessageRestricted  queue.o
    0x080045c6   0x080045c6   0x00000002   PAD
    0x080045c8   0x080045c8   0x00000078   Code   RO           37    .text.vSensorTask   main.o
    0x08004640   0x08004640   0x0000009e   Code   RO          965    .text.vTaskDelay    tasks.o
    0x080046de   0x080046de   0x00000002   PAD
    0x080046e0   0x080046e0   0x00000106   Code   RO          963    .text.vTaskDelete   tasks.o
    0x080047e6   0x080047e6   0x00000002   PAD
    0x080047e8   0x080047e8   0x00000012   Code   RO         1017    .text.vTaskInternalSetTimeOutState  tasks.o
    0x080047fa   0x080047fa   0x00000002   PAD
    0x080047fc   0x080047fc   0x0000000e   Code   RO         1021    .text.vTaskMissedYield  tasks.o
    0x0800480a   0x0800480a   0x00000002   PAD
    0x0800480c   0x0800480c   0x00000036   Code   RO         1005    .text.vTaskPlaceOnEventList  tasks.o
    0x08004842   0x08004842   0x00000002   PAD
    0x08004844   0x08004844   0x0000008e   Code   RO         1009    .text.vTaskPlaceOnEventListRestricted  tasks.o
    0x080048d2   0x080048d2   0x00000002   PAD
    0x080048d4   0x080048d4   0x000000b2   Code   RO         1031    .text.vTaskPriorityDisinheritAfterTimeout  tasks.o
    0x08004986   0x08004986   0x00000002   PAD
    0x08004988   0x08004988   0x000000f0   Code   RO          987    .text.vTaskStartScheduler  tasks.o
    0x08004a78   0x08004a78   0x00000010   Code   RO          967    .text.vTaskSuspendAll  tasks.o
    0x08004a88   0x08004a88   0x0000006e   Code   RO          981    .text.vTaskSwitchContext  tasks.o
    0x08004af6   0x08004af6   0x00000002   PAD
    0x08004af8   0x08004af8   0x00000130   Code   RO         1247    .text.xPortStartScheduler  port.o
    0x08004c28   0x08004c28   0x0000002e   Code   RO         1261    .text.xPortSysTickHandler  port.o
    0x08004c56   0x08004c56   0x00000002   PAD
    0x08004c58   0x08004c58   0x0000006a   Code   RO          854    .text.xQueueCreateMutex  queue.o
    0x08004cc2   0x08004cc2   0x00000002   PAD
    0x08004cc4   0x08004cc4   0x0000007e   Code   RO          852    .text.xQueueGenericCreate  queue.o
    0x08004d42   0x08004d42   0x00000002   PAD
    0x08004d44   0x08004d44   0x000000d6   Code   RO          850    .text.xQueueGenericCreateStatic  queue.o
    0x08004e1a   0x08004e1a   0x00000002   PAD
    0x08004e1c   0x08004e1c   0x000002c0   Code   RO          860    .text.xQueueGenericSend  queue.o
    0x080050dc   0x080050dc   0x00000148   Code   RO          872    .text.xQueueGenericSendFromISR  queue.o
    0x08005224   0x08005224   0x000000ba   Code   RO          874    .text.xQueueGiveFromISR  queue.o
    0x080052de   0x080052de   0x00000002   PAD
    0x080052e0   0x080052e0   0x0000023e   Code   RO          876    .text.xQueueReceive  queue.o
    0x0800551e   0x0800551e   0x00000002   PAD
    0x08005520   0x08005520   0x0000028a   Code   RO          864    .text.xQueueSemaphoreTake  queue.o
    0x080057aa   0x080057aa   0x00000002   PAD
    0x080057ac   0x080057ac   0x0000009a   Code   RO         1019    .text.xTaskCheckForTimeOut  tasks.o
    0x08005846   0x08005846   0x00000002   PAD
    0x08005848   0x08005848   0x00000060   Code   RO          961    .text.xTaskCreate   tasks.o
    0x080058a8   0x080058a8   0x00000076   Code   RO          955    .text.xTaskCreateStatic  tasks.o
    0x0800591e   0x0800591e   0x00000002   PAD
    0x08005920   0x08005920   0x0000001e   Code   RO         1025    .text.xTaskGetSchedulerState  tasks.o
    0x0800593e   0x0800593e   0x00000002   PAD
    0x08005940   0x08005940   0x0000000c   Code   RO          995    .text.xTaskGetTickCount  tasks.o
    0x0800594c   0x0800594c   0x00000106   Code   RO          993    .text.xTaskIncrementTick  tasks.o
    0x08005a52   0x08005a52   0x00000002   PAD
    0x08005a54   0x08005a54   0x000000ae   Code   RO         1029    .text.xTaskPriorityDisinherit  tasks.o
    0x08005b02   0x08005b02   0x00000002   PAD
    0x08005b04   0x08005b04   0x000000a6   Code   RO         1027    .text.xTaskPriorityInherit  tasks.o
    0x08005baa   0x08005baa   0x00000002   PAD
    0x08005bac   0x08005bac   0x00000074   Code   RO         1011    .text.xTaskRemoveFromEventList  tasks.o
    0x08005c20   0x08005c20   0x000000ea   Code   RO          971    .text.xTaskResumeAll  tasks.o
    0x08005d0a   0x08005d0a   0x00000002   PAD
    0x08005d0c   0x08005d0c   0x0000003a   Code   RO         1066    .text.xTimerCreate  timers.o
    0x08005d46   0x08005d46   0x00000002   PAD
    0x08005d48   0x08005d48   0x000000b4   Code   RO         1062    .text.xTimerCreateTimerTask  timers.o
    0x08005dfc   0x08005dfc   0x00000076   Code   RO         1072    .text.xTimerGenericCommand  timers.o
    0x08005e72   0x08005e72   0x0000000e   Code   RO         1296    i._is_digit         c_w.l(__printf_wp.o)
    0x08005e80   0x08005e80   0x000000c4   Code   RO         1322    x$fpl$fadd          fz_ws.l(faddsub_clz.o)
    0x08005f44   0x08005f44   0x00000054   Code   RO         1328    x$fpl$fcmp          fz_ws.l(fcmp.o)
    0x08005f98   0x08005f98   0x00000018   Code   RO         1384    x$fpl$fcmpinf       fz_ws.l(fcmpi.o)
    0x08005fb0   0x08005fb0   0x00000184   Code   RO         1331    x$fpl$fdiv          fz_ws.l(fdiv.o)
    0x08006134   0x08006134   0x00000068   Code   RO         1356    x$fpl$feqf          fz_ws.l(feqf.o)
    0x0800619c   0x0800619c   0x0000003e   Code   RO         1334    x$fpl$ffixu         fz_ws.l(ffixu.o)
    0x080061da   0x080061da   0x00000002   PAD
    0x080061dc   0x080061dc   0x00000026   Code   RO         1338    x$fpl$ffltu         fz_ws.l(fflt_clz.o)
    0x08006202   0x08006202   0x00000002   PAD
    0x08006204   0x08006204   0x00000068   Code   RO         1358    x$fpl$fgeqf         fz_ws.l(fgeqf.o)
    0x0800626c   0x0800626c   0x00000068   Code   RO         1360    x$fpl$fleqf         fz_ws.l(fleqf.o)
    0x080062d4   0x080062d4   0x00000102   Code   RO         1344    x$fpl$fmul          fz_ws.l(fmul.o)
    0x080063d6   0x080063d6   0x0000008c   Code   RO         1362    x$fpl$fnaninf       fz_ws.l(fnaninf.o)
    0x08006462   0x08006462   0x0000000a   Code   RO         1364    x$fpl$fretinf       fz_ws.l(fretinf.o)
    0x0800646c   0x0800646c   0x000000ea   Code   RO         1324    x$fpl$fsub          fz_ws.l(faddsub_clz.o)
    0x08006556   0x08006556   0x00000000   Code   RO         1366    x$fpl$usenofp       fz_ws.l(usenofp.o)
    0x08006556   0x08006556   0x00000011   Data   RO         1304    .constdata          c_w.l(__printf_flags_ss_wp.o)
    0x08006567   0x08006567   0x00000010   Data   RO          791    .rodata.AHBPrescTable  system_stm32f1xx.o
    0x08006577   0x08006577   0x00000008   Data   RO          792    .rodata.APBPrescTable  system_stm32f1xx.o
    0x0800657f   0x0800657f   0x00000002   Data   RO          284    .rodata.HAL_RCC_GetSysClockFreq.aPredivFactorTable  stm32f1xx_hal_rcc.o
    0x08006581   0x08006581   0x00000010   Data   RO          283    .rodata.cst16       stm32f1xx_hal_rcc.o
    0x08006591   0x08006591   0x00000003   PAD
    0x08006594   0x08006594   0x00000020   Data   RO           50    .rodata.cst32       main.o
    0x080065b4   0x080065b4   0x0000000c   Data   RO           49    .rodata.str1.1      main.o
    0x080065c0   0x080065c0   0x00000049   Data   RO          133    .rodata.str1.1      system_state.o
    0x08006609   0x08006609   0x00000026   Data   RO          156    .rodata.str1.1      lcd_display.o
    0x0800662f   0x0800662f   0x00000005   Data   RO         1094    .rodata.str1.1      timers.o
    0x08006634   0x08006634   0x00000020   Data   RO         1532    Region$$Table       anon$$obj.o


    Execution Region RW_IRAM1 (Exec base: 0x20000000, Load base: 0x08006658, Size: 0x000036f0, Max: 0x00005000, ABSOLUTE)

    Exec Addr    Load Addr    Size         Type   Attr      Idx    E Section Name        Object

    0x20000000   0x08006658   0x00000008   Data   RW          246    .data..L_MergedGlobals  stm32f1xx_hal.o
    0x20000008   0x08006660   0x00000004   Data   RW          790    .data.SystemCoreClock  system_stm32f1xx.o
    0x2000000c   0x08006664   0x00000004   Data   RW         1265    .data.uxCriticalNesting  port.o
    0x20000010        -       0x00000060   Zero   RW         1397    .bss                c_w.l(libspace.o)
    0x20000070        -       0x00000078   Zero   RW           53    .bss..L_MergedGlobals  main.o
    0x200000e8        -       0x00000010   Zero   RW          157    .bss..L_MergedGlobals  lcd_display.o
    0x200000f8        -       0x00000078   Zero   RW         1052    .bss..L_MergedGlobals  tasks.o
    0x20000170        -       0x0000003c   Zero   RW         1095    .bss..L_MergedGlobals  timers.o
    0x200001ac        -       0x00000020   Zero   RW         1232    .bss..L_MergedGlobals  heap_4.o
    0x200001cc        -       0x00000008   Zero   RW         1266    .bss..L_MergedGlobals  port.o
    0x200001d4        -       0x00000028   Zero   RW         1053    .bss..L_MergedGlobals.2  tasks.o
    0x200001fc        -       0x0000006c   Zero   RW           54    .bss..L_MergedGlobals.7  main.o
    0x20000268        -       0x00000078   Zero   RW         1093    .bss.prvCheckForValidListAndQueue.ucStaticTimerQueueStorage  timers.o
    0x200002e0        -       0x00000048   Zero   RW         1092    .bss.prvCheckForValidListAndQueue.xStaticTimerQueue  timers.o
    0x20000328        -       0x0000008c   Zero   RW         1051    .bss.pxReadyTasksLists  tasks.o
    0x200003b4        -       0x00000040   Zero   RW          172    .bss.s_bank         sensor_filter.o
    0x200003f4        -       0x00002800   Zero   RW         1231    .bss.ucHeap         heap_4.o
    0x20002bf4        -       0x00000004   Zero   RW          245    .bss.uwTick         stm32f1xx_hal.o
    0x20002bf8        -       0x0000000c   Zero   RW          132    .bss.xCurrentSystemState  system_state.o
    0x20002c04        -       0x00000200   Zero   RW           68    .bss.xIdleStack     freertos.o
    0x20002e04        -       0x00000054   Zero   RW           67    .bss.xIdleTaskTCBBuffer  freertos.o
    0x20002e58        -       0x00000040   Zero   RW          904    .bss.xQueueRegistry  queue.o
    0x20002e98        -       0x00000200   Zero   RW           70    .bss.xTimerStack    freertos.o
    0x20003098        -       0x00000054   Zero   RW           69    .bss.xTimerTaskTCBBuffer  freertos.o
    0x200030ec   0x08006668   0x00000004   PAD
    0x200030f0        -       0x00000200   Zero   RW            2    HEAP                startup_stm32f103xb.o
    0x200032f0        -       0x00000400   Zero   RW            1    STACK               startup_stm32f103xb.o


==============================================================================

Image component sizes


      Code (inc. data)   RO Data    RW Data    ZI Data      Debug   Object Name

       102          0          0          0          0      26071   cmsis_os.o
        52          0          0          0       1192       2028   freertos.o
       710          0          0          0      10272       5984   heap_4.o
      2204          4         38          0         16      17838   lcd_display.o
       186          0          0          0          0       2415   list.o
      3840        100         44          0        228      24466   main.o
       842         12          0          4          8       4207   port.o
      3174          0          0          0         64      29232   queue.o
       434          0          0          0         64       3200   sensor_filter.o
        64         26        236          0       1536        840   startup_stm32f103xb.o
       188          0          0          8          4       5828   stm32f1xx_hal.o
       196          0          0          0          0       8483   stm32f1xx_hal_cortex.o
       568         22          0          0          0       4825   stm32f1xx_hal_gpio.o
      2408          0          0          0          0      45177   stm32f1xx_hal_i2c.o
       210          0          0          0          0       7463   stm32f1xx_hal_msp.o
      1516          0         18          0          0       8136   stm32f1xx_hal_rcc.o
        48          0          0          0          0       1637   stm32f1xx_it.o
       134         32         73          0         12       2715   system_state.o
         2          0         24          4          0       1647   system_stm32f1xx.o
      3334          8          0          0        300      29800   tasks.o
      1404         18          5          0        252      15131   timers.o

    ----------------------------------------------------------------------
     21786        234        473         16      13952     247123   Object Totals
         0          0         32          0          0          0   (incl. Generated)
       170         12          3          0          4          0   (incl. Padding)

    ----------------------------------------------------------------------

      Code (inc. data)   RO Data    RW Data    ZI Data      Debug   Library Member Name

         8          0          0          0          0         68   __main.o
       392          4         17          0          0         92   __printf_flags_ss_wp.o
        14          0          0          0          0         68   __printf_wp.o
         0          0          0          0          0          0   __rtentry.o
        12          0          0          0          0          0   __rtentry2.o
         6          0          0          0          0          0   __rtentry4.o
        94          8          0          0          0          0   __scatter.o
        26          0          0          0          0          0   __scatter_copy.o
        28          0          0          0          0          0   __scatter_zi.o
        48          6          0          0          0         96   _printf_char_common.o
       120         16          0          0          0         92   _printf_dec.o
       178          0          0          0          0         88   _printf_intcommon.o
        78          0          0          0          0        108   _printf_pad.o
         0          0          0          0          0          0   _printf_percent.o
         4          0          0          0          0          0   _printf_percent_end.o
         6          0          0          0          0          0   _printf_u.o
        16          0          0          0          0         68   _snputc.o
        18          0          0          0          0         80   exit.o
         6          0          0          0          0        152   heapauxi.o
         0          0          0          0          0          0   indicate_semi.o
         2          0          0          0          0          0   libinit.o
         2          0          0          0          0          0   libinit2.o
         2          0          0          0          0          0   libshutdown.o
         2          0          0          0          0          0   libshutdown2.o
         8          4          0          0         96         68   libspace.o
        64          6          0          0          0         84   noretval__2snprintf.o
       612          0          0          0          0        136   qsortnoex.o
        78          0          0          0          0         80   rt_memclr_w.o
       138          0          0          0          0         68   rt_memcpy_v6.o
       100          0          0          0          0         80   rt_memcpy_w.o
         2          0          0          0          0          0   rtexit.o
        10          0          0          0          0          0   rtexit2.o
        12          4          0          0          0         68   sys_exit.o
        74          0          0          0          0         80   sys_stackheap_outer.o
         2          0          0          0          0         68   use_no_semi.o
       430          8          0          0          0        168   faddsub_clz.o
        84          0          0          0          0        196   fcmp.o
        24          0          0          0          0         68   fcmpi.o
       388         76          0          0          0         96   fdiv.o
       104          4          0          0          0         84   feqf.o
        62          4          0          0          0         84   ffixu.o
        38          0          0          0          0         68   fflt_clz.o
       104          4          0          0          0         84   fgeqf.o
       104          4          0          0          0         84   fleqf.o
       258          4          0          0          0         84   fmul.o
       140          4          0          0          0         84   fnaninf.o
        10          0          0          0          0         68   fretinf.o
         0          0          0          0          0          0   usenofp.o

    ----------------------------------------------------------------------
      3920        156         17          0         96       2812   Library Totals
        12          0          0          0          0          0   (incl. Padding)

    ----------------------------------------------------------------------

      Code (inc. data)   RO Data    RW Data    ZI Data      Debug   Library Name

      2162         48         17          0         96       1644   c_w.l
      1746        108          0          0          0       1168   fz_ws.l

    ----------------------------------------------------------------------
      3920        156         17          0         96       2812   Library Totals

    ----------------------------------------------------------------------

==============================================================================


      Code (inc. data)   RO Data    RW Data    ZI Data      Debug   

     25706        390        490         16      14048     248215   Grand Totals
     25706        390        490         16      14048     248215   ELF Image Totals
     25706        390        490         16          0          0   ROM Totals

==============================================================================

    Total RO  Size (Code + RO Data)                26196 (  25.58kB)
    Total RW  Size (RW Data + ZI Data)             14064 (  13.73kB)
    Total ROM Size (Code + RO Data + RW Data)      26212 (  25.60kB)

==============================================================================

