Component: Arm Compiler for Embedded 6.24 Tool: armlink [5f371500]

==============================================================================

Section Cross References

    startup_stm32f103xb.o(STACK) refers (Special) to heapauxi.o(.text) for __use_two_region_memory
    startup_stm32f103xb.o(HEAP) refers (Special) to heapauxi.o(.text) for __use_two_region_memory
    startup_stm32f103xb.o(RESET) refers (Special) to heapauxi.o(.text) for __use_two_region_memory
    startup_stm32f103xb.o(RESET) refers to startup_stm32f103xb.o(STACK) for __initial_sp
    startup_stm32f103xb.o(RESET) refers to startup_stm32f103xb.o(.text) for Reset_Handler
    startup_stm32f103xb.o(RESET) refers to stm32f1xx_it.o(.text.NMI_Handler) for NMI_Handler
    startup_stm32f103xb.o(RESET) refers to stm32f1xx_it.o(.text.HardFault_Handler) for HardFault_Handler
    startup_stm32f103xb.o(RESET) refers to stm32f1xx_it.o(.text.MemManage_Handler) for MemManage_Handler
    startup_stm32f103xb.o(RESET) refers to stm32f1xx_it.o(.text.BusFault_Handler) for BusFault_Handler
    startup_stm32f103xb.o(RESET) refers to stm32f1xx_it.o(.text.UsageFault_Handler) for UsageFault_Handler
    startup_stm32f103xb.o(RESET) refers to port.o(.text.SVC_Handler) for SVC_Handler
    startup_stm32f103xb.o(RESET) refers to stm32f1xx_it.o(.text.DebugMon_Handler) for DebugMon_Handler
    startup_stm32f103xb.o(RESET) refers to port.o(.text.PendSV_Handler) for PendSV_Handler
    startup_stm32f103xb.o(RESET) refers to stm32f1xx_it.o(.text.SysTick_Handler) for SysTick_Handler
    startup_stm32f103xb.o(RESET) refers to stm32f1xx_it.o(.text.EXTI2_IRQHandler) for EXTI2_IRQHandler
    startup_stm32f103xb.o(RESET) refers to stm32f1xx_it.o(.text.EXTI4_IRQHandler) for EXTI4_IRQHandler
    startup_stm32f103xb.o(RESET) refers to main.o(.text.EXTI15_10_IRQHandler) for EXTI15_10_IRQHandler
    startup_stm32f103xb.o(.text) refers (Special) to heapauxi.o(.text) for __use_two_region_memory
    startup_stm32f103xb.o(.text) refers to system_stm32f1xx.o(.text.SystemInit) for SystemInit
    startup_stm32f103xb.o(.text) refers to __main.o(!!!main) for __main
    startup_stm32f103xb.o(.text) refers to startup_stm32f103xb.o(HEAP) for Heap_Mem
    startup_stm32f103xb.o(.text) refers to startup_stm32f103xb.o(STACK) for Stack_Mem
    main.o(.text.main) refers to stm32f1xx_hal.o(.text.HAL_Init) for HAL_Init
    main.o(.text.main) refers to rt_memclr_w.o(.text) for __aeabi_memclr4
    main.o(.text.main) refers to stm32f1xx_hal_rcc.o(.text.HAL_RCC_OscConfig) for HAL_RCC_OscConfig
    main.o(.text.main) refers to stm32f1xx_hal_rcc.o(.text.HAL_RCC_ClockConfig) for HAL_RCC_ClockConfig
    main.o(.text.main) refers to stm32f1xx_hal_gpio.o(.text.HAL_GPIO_WritePin) for HAL_GPIO_WritePin
    main.o(.text.main) refers to stm32f1xx_hal_gpio.o(.text.HAL_GPIO_Init) for HAL_GPIO_Init
    main.o(.text.main) refers to stm32f1xx_hal_cortex.o(.text.HAL_NVIC_SetPriority) for HAL_NVIC_SetPriority
    main.o(.text.main) refers to stm32f1xx_hal_cortex.o(.text.HAL_NVIC_EnableIRQ) for HAL_NVIC_EnableIRQ
    main.o(.text.main) refers to main.o(.bss.hi2c1) for hi2c1
    main.o(.text.main) refers to stm32f1xx_hal_i2c.o(.text.HAL_I2C_Init) for HAL_I2C_Init
    main.o(.text.main) refers to stm32f1xx_hal_rcc.o(.text.HAL_RCC_GetHCLKFreq) for HAL_RCC_GetHCLKFreq
    main.o(.text.main) refers to main.o(.bss..L_MergedGlobals) for .L_MergedGlobals
    main.o(.text.main) refers to stm32f1xx_hal.o(.text.HAL_GetTick) for HAL_GetTick
    main.o(.text.main) refers to lcd_display.o(.text.lcd_display_init) for lcd_display_init
    main.o(.text.main) refers to queue.o(.text.xQueueGenericCreate) for xQueueGenericCreate
    main.o(.text.main) refers to queue.o(.text.xQueueCreateMutex) for xQueueCreateMutex
    main.o(.text.main) refers to event_groups.o(.text.xEventGroupCreate) for xEventGroupCreate
    main.o(.text.main) refers to main.o(.text.SampleTimerCallback) for SampleTimerCallback
    main.o(.text.main) refers to timers.o(.text.xTimerCreate) for xTimerCreate
    main.o(.text.main) refers to main.o(.text.AlertTimerCallback) for AlertTimerCallback
    main.o(.text.main) refers to tasks.o(.text.xTaskGetTickCount) for xTaskGetTickCount
    main.o(.text.main) refers to timers.o(.text.xTimerGenericCommand) for xTimerGenericCommand
    main.o(.text.main) refers to main.o(.text.SensorTask) for SensorTask
    main.o(.text.main) refers to tasks.o(.text.xTaskCreate) for xTaskCreate
    main.o(.text.main) refers to main.o(.text.WarningTask) for WarningTask
    main.o(.text.main) refers to main.o(.text.DisplayTask) for DisplayTask
    main.o(.text.main) refers to cmsis_os.o(.text.osThreadCreate) for osThreadCreate
    main.o(.text.main) refers to cmsis_os.o(.text.osKernelStart) for osKernelStart
    main.o(.text.main) refers to main.o(.rodata.str1.1) for [Anonymous Symbol]
    main.o(.text.main) refers to main.o(.text.StartDefaultTask) for StartDefaultTask
    main.o(.ARM.exidx.text.main) refers to main.o(.text.main) for [Anonymous Symbol]
[...]
    .text                                    0x08000730   Section        2  use_no_semi.o(.text)
    .text                                    0x08000732   Section        0  indicate_semi.o(.text)
    AlertTimerCallback                       0x08000735   Thumb Code    16  main.o(.text.AlertTimerCallback)
    [Anonymous Symbol]                       0x08000734   Section        0  main.o(.text.AlertTimerCallback)
    [Anonymous Symbol]                       0x08000744   Section        0  stm32f1xx_it.o(.text.BusFault_Handler)
    [Anonymous Symbol]                       0x08000748   Section        0  stm32f1xx_it.o(.text.DebugMon_Handler)
    DisplayTask                              0x0800074d   Thumb Code    66  main.o(.text.DisplayTask)
    [Anonymous Symbol]                       0x0800074c   Section        0  main.o(.text.DisplayTask)
    [Anonymous Symbol]                       0x08000790   Section        0  main.o(.text.EXTI15_10_IRQHandler)
    [Anonymous Symbol]                       0x08000798   Section        0  stm32f1xx_it.o(.text.EXTI2_IRQHandler)
    [Anonymous Symbol]                       0x080007a0   Section        0  stm32f1xx_it.o(.text.EXTI4_IRQHandler)
    [Anonymous Symbol]                       0x080007a8   Section        0  stm32f1xx_hal.o(.text.HAL_Delay)
    [Anonymous Symbol]                       0x080007d0   Section        0  main.o(.text.HAL_GPIO_EXTI_Callback)
    sensor_pins                              0x08000888   Number         0  main.o(.text.HAL_GPIO_EXTI_Callback)
    [Anonymous Symbol]                       0x080008a8   Section        0  stm32f1xx_hal_gpio.o(.text.HAL_GPIO_EXTI_IRQHandler)
    [Anonymous Symbol]                       0x080008c0   Section        0  stm32f1xx_hal_gpio.o(.text.HAL_GPIO_Init)
    [Anonymous Symbol]                       0x08000ad0   Section        0  stm32f1xx_hal_gpio.o(.text.HAL_GPIO_ReadPin)
    [Anonymous Symbol]                       0x08000adc   Section        0  stm32f1xx_hal_gpio.o(.text.HAL_GPIO_WritePin)
    [Anonymous Symbol]                       0x08000ae8   Section        0  stm32f1xx_hal.o(.text.HAL_GetTick)
    [Anonymous Symbol]                       0x08000af4   Section        0  stm32f1xx_hal_i2c.o(.text.HAL_I2C_Init)
    [Anonymous Symbol]                       0x08000c58   Section        0  stm32f1xx_hal_i2c.o(.text.HAL_I2C_IsDeviceReady)
    [Anonymous Symbol]                       0x08000e6c   Section        0  stm32f1xx_hal_i2c.o(.text.HAL_I2C_Master_Transmit)
    [Anonymous Symbol]                       0x08001048   Section        0  stm32f1xx_hal_msp.o(.text.HAL_I2C_MspInit)
    [Anonymous Symbol]                       0x080010cc   Section        0  stm32f1xx_hal.o(.text.HAL_IncTick)
    [Anonymous Symbol]                       0x080010e8   Section        0  stm32f1xx_hal.o(.text.HAL_Init)
    [Anonymous Symbol]                       0x08001110   Section        0  stm32f1xx_hal.o(.text.HAL_InitTick)
    [Anonymous Symbol]                       0x08001158   Section        0  stm32f1xx_hal_msp.o(.text.HAL_MspInit)
    [Anonymous Symbol]                       0x080011a8   Section        0  stm32f1xx_hal_cortex.o(.text.HAL_NVIC_EnableIRQ)
    [Anonymous Symbol]                       0x080011cc   Section        0  stm32f1xx_hal_cortex.o(.text.HAL_NVIC_SetPriority)
    [Anonymous Symbol]                       0x08001224   Section        0  stm32f1xx_hal_cortex.o(.text.HAL_NVIC_SetPriorityGrouping)
    [Anonymous Symbol]                       0x08001244   Section        0  stm32f1xx_hal_rcc.o(.text.HAL_RCC_ClockConfig)
    [Anonymous Symbol]                       0x08001400   Section        0  stm32f1xx_hal_rcc.o(.text.HAL_RCC_GetHCLKFreq)
    [Anonymous Symbol]                       0x0800140c   Section        0  stm32f1xx_hal_rcc.o(.text.HAL_RCC_GetPCLK1Freq)
    [Anonymous Symbol]                       0x08001434   Section        0  stm32f1xx_hal_rcc.o(.text.HAL_RCC_OscConfig)
    [Anonymous Symbol]                       0x08001834   Section        0  stm32f1xx_hal_cortex.o(.text.HAL_SYSTICK_Config)
    [Anonymous Symbol]                       0x08001860   Section        0  stm32f1xx_it.o(.text.HardFault_Handler)
    I2C_WaitOnBTFFlagUntilTimeout            0x08001865   Thumb Code   186  stm32f1xx_hal_i2c.o(.text.I2C_WaitOnBTFFlagUntilTimeout)
    [Anonymous Symbol]                       0x08001864   Section        0  stm32f1xx_hal_i2c.o(.text.I2C_WaitOnBTFFlagUntilTimeout)
    I2C_WaitOnFlagUntilTimeout               0x08001921   Thumb Code   458  stm32f1xx_hal_i2c.o(.text.I2C_WaitOnFlagUntilTimeout)
    [Anonymous Symbol]                       0x08001920   Section        0  stm32f1xx_hal_i2c.o(.text.I2C_WaitOnFlagUntilTimeout)
    I2C_WaitOnMasterAddressFlagUntilTimeout  0x08001aed   Thumb Code   214  stm32f1xx_hal_i2c.o(.text.I2C_WaitOnMasterAddressFlagUntilTimeout)
    [Anonymous Symbol]                       0x08001aec   Section        0  stm32f1xx_hal_i2c.o(.text.I2C_WaitOnMasterAddressFlagUntilTimeout)
    I2C_WaitOnTXEFlagUntilTimeout            0x08001bc5   Thumb Code   186  stm32f1xx_hal_i2c.o(.text.I2C_WaitOnTXEFlagUntilTimeout)
    [Anonymous Symbol]                       0x08001bc4   Section        0  stm32f1xx_hal_i2c.o(.text.I2C_WaitOnTXEFlagUntilTimeout)
    [Anonymous Symbol]                       0x08001c80   Section        0  stm32f1xx_it.o(.text.MemManage_Handler)
    [Anonymous Symbol]                       0x08001c84   Section        0  stm32f1xx_it.o(.text.NMI_Handler)
    [Anonymous Symbol]                       0x08001c90   Section        0  port.o(.text.PendSV_Handler)
    pxCurrentTCBConst                        0x08001cd0   Number         0  port.o(.text.PendSV_Handler)
    [Anonymous Symbol]                       0x08001ce0   Section        0  port.o(.text.SVC_Handler)
    pxCurrentTCBConst2                       0x08001d00   Number         0  port.o(.text.SVC_Handler)
    SampleTimerCallback                      0x08001d05   Thumb Code    20  main.o(.text.SampleTimerCallback)
    [Anonymous Symbol]                       0x08001d04   Section        0  main.o(.text.SampleTimerCallback)
    SensorTask                               0x08001d19   Thumb Code   636  main.o(.text.SensorTask)
    [Anonymous Symbol]                       0x08001d18   Section        0  main.o(.text.SensorTask)
    [Anonymous Symbol]                       0x08001f94   Section        0  main.o(.text.StartDefaultTask)
    [Anonymous Symbol]                       0x08001f9c   Section        0  stm32f1xx_it.o(.text.SysTick_Handler)
    [Anonymous Symbol]                       0x08001fb4   Section        0  system_stm32f1xx.o(.text.SystemInit)
    UpdateWarningOutputs                     0x08001fb9   Thumb Code   280  main.o(.text.UpdateWarningOutputs)
    [Anonymous Symbol]                       0x08001fb8   Section        0  main.o(.text.UpdateWarningOutputs)
    [Anonymous Symbol]                       0x080020d0   Section        0  stm32f1xx_it.o(.text.UsageFault_Handler)
    WarningTask                              0x080020d5   Thumb Code   712  main.o(.text.WarningTask)
    [Anonymous Symbol]                       0x080020d4   Section        0  main.o(.text.WarningTask)
    [Anonymous Symbol]                       0x0800239c   Section        0  lcd_display.o(.text.lcd_display_init)
    [Anonymous Symbol]                       0x080024a4   Section        0  lcd_display.o(.text.lcd_display_show_state)
    lcd_write_line                           0x08002831   Thumb Code   360  lcd_display.o(.text.lcd_write_line)
    [Anonymous Symbol]                       0x08002830   Section        0  lcd_display.o(.text.lcd_write_line)
    lcd_set_cursor.row_offset                0x08002998   Number         0  lcd_display.o(.text.lcd_write_line)
    [Anonymous Symbol]                       0x0800299c   Section        0  main.o(.text.main)
    [Anonymous Symbol]                       0x08002e14   Section        0  cmsis_os.o(.text.osDelay)
    [Anonymous Symbol]                       0x08002e24   Section        0  cmsis_os.o(.text.osKernelStart)
    [Anonymous Symbol]                       0x08002e30   Section        0  cmsis_os.o(.text.osThreadCreate)
    prvAddCurrentTaskToDelayedList           0x08002e8d   Thumb Code   126  tasks.o(.text.prvAddCurrentTaskToDelayedList)
    [Anonymous Symbol]                       0x08002e8c   Section        0  tasks.o(.text.prvAddCurrentTaskToDelayedList)
    prvAddNewTaskToReadyList                 0x08002f0d   Thumb Code   252  tasks.o(.text.prvAddNewTaskToReadyList)
    [Anonymous Symbol]                       0x08002f0c   Section        0  tasks.o(.text.prvAddNewTaskToReadyList)
    prvIdleTask                              0x08003009   Thumb Code   134  tasks.o(.text.prvIdleTask)
    [Anonymous Symbol]                       0x08003008   Section        0  tasks.o(.text.prvIdleTask)
    prvInitialiseNewTask                     0x08003091   Thumb Code   244  tasks.o(.text.prvInitialiseNewTask)
    [Anonymous Symbol]                       0x08003090   Section        0  tasks.o(.text.prvInitialiseNewTask)
    prvInitialiseNewTimer                    0x08003185   Thumb Code   174  timers.o(.text.prvInitialiseNewTimer)
    [Anonymous Symbol]                       0x08003184   Section        0  timers.o(.text.prvInitialiseNewTimer)
    prvPortStartFirstTask                    0x08003235   Thumb Code    26  port.o(.text.prvPortStartFirstTask)
    [Anonymous Symbol]                       0x08003234   Section        0  port.o(.text.prvPortStartFirstTask)
    prvTaskExitError                         0x08003255   Thumb Code    62  port.o(.text.prvTaskExitError)
    [Anonymous Symbol]                       0x08003254   Section        0  port.o(.text.prvTaskExitError)
    prvTimerTask                             0x08003295   Thumb Code   874  timers.o(.text.prvTimerTask)
    [Anonymous Symbol]                       0x08003294   Section        0  timers.o(.text.prvTimerTask)
    prvUnlockQueue                           0x08003601   Thumb Code   116  queue.o(.text.prvUnlockQueue)
    [Anonymous Symbol]                       0x08003600   Section        0  queue.o(.text.prvUnlockQueue)
    [Anonymous Symbol]                       0x08003674   Section        0  heap_4.o(.text.pvPortMalloc)
    [Anonymous Symbol]                       0x0800385c   Section        0  tasks.o(.text.pvTaskIncrementMutexHeldCount)
    [Anonymous Symbol]                       0x08003874   Section        0  port.o(.text.pxPortInitialiseStack)
    [Anonymous Symbol]                       0x08003894   Section        0  tasks.o(.text.ulTaskNotifyTake)
    [Anonymous Symbol]                       0x080038fc   Section        0  list.o(.text.uxListRemove)
    [Anonymous Symbol]                       0x08003920   Section        0  tasks.o(.text.uxTaskResetEventItemValue)
    [Anonymous Symbol]                       0x0800393c   Section        0  freertos.o(.text.vApplicationGetIdleTaskMemory)
    [Anonymous Symbol]                       0x08003958   Section        0  freertos.o(.text.vApplicationGetTimerTaskMemory)
    [Anonymous Symbol]                       0x08003974   Section        0  list.o(.text.vListInitialise)
    [Anonymous Symbol]                       0x0800398c   Section        0  list.o(.text.vListInitialiseItem)
    [Anonymous Symbol]                       0x08003994   Section        0  list.o(.text.vListInsert)
    [Anonymous Symbol]                       0x080039f8   Section        0  list.o(.text.vListInsertEnd)
    [Anonymous Symbol]                       0x08003a14   Section        0  port.o(.text.vPortEnterCritical)
    [Anonymous Symbol]                       0x08003a5c   Section        0  port.o(.text.vPortExitCritical)
    [Anonymous Symbol]                       0x08003a8c   Section        0  heap_4.o(.text.vPortFree)
    [Anonymous Symbol]                       0x08003b6c   Section        0  port.o(.text.vPortSetupTimerInterrupt)
    [Anonymous Symbol]                       0x08003ba0   Section        0  port.o(.text.vPortValidateInterruptPriority)
    [Anonymous Symbol]                       0x08003c00   Section        0  queue.o(.text.vQueueAddToRegistry)
    [Anonymous Symbol]                       0x08003c58   Section        0  queue.o(.text.vQueueWaitForMessageRestricted)
    [Anonymous Symbol]                       0x08003cac   Section        0  tasks.o(.text.vTaskDelay)
    [Anonymous Symbol]                       0x08003d4c   Section        0  tasks.o(.text.vTaskInternalSetTimeOutState)
    [Anonymous Symbol]                       0x08003d60   Section        0  tasks.o(.text.vTaskMissedYield)
    [Anonymous Symbol]                       0x08003d70   Section        0  tasks.o(.text.vTaskPlaceOnEventList)
    [Anonymous Symbol]                       0x08003da8   Section        0  tasks.o(.text.vTaskPlaceOnEventListRestricted)
    [Anonymous Symbol]                       0x08003e38   Section        0  tasks.o(.text.vTaskPlaceOnUnorderedEventList)
    [Anonymous Symbol]                       0x08003e90   Section        0  tasks.o(.text.vTaskPriorityDisinheritAfterTimeout)
    [Anonymous Symbol]                       0x08003f44   Section        0  tasks.o(.text.vTaskRemoveFromUnorderedEventList)
    [Anonymous Symbol]                       0x08003fc8   Section        0  tasks.o(.text.vTaskStartScheduler)
    [Anonymous Symbol]                       0x080040b8   Section        0  tasks.o(.text.vTaskSuspendAll)
    [Anonymous Symbol]                       0x080040c8   Section        0  tasks.o(.text.vTaskSwitchContext)
    [Anonymous Symbol]                       0x08004138   Section        0  event_groups.o(.text.xEventGroupCreate)
    [Anonymous Symbol]                       0x0800415c   Section        0  event_groups.o(.text.xEventGroupSetBits)
    [Anonymous Symbol]                       0x080041f8   Section        0  event_groups.o(.text.xEventGroupWaitBits)
    [Anonymous Symbol]                       0x08004338   Section        0  port.o(.text.xPortStartScheduler)
    [Anonymous Symbol]                       0x08004468   Section        0  port.o(.text.xPortSysTickHandler)
    [Anonymous Symbol]                       0x08004498   Section        0  queue.o(.text.xQueueCreateMutex)
    [Anonymous Symbol]                       0x08004504   Section        0  queue.o(.text.xQueueGenericCreate)
    [Anonymous Symbol]                       0x08004584   Section        0  queue.o(.text.xQueueGenericCreateStatic)
    [Anonymous Symbol]                       0x0800465c   Section        0  queue.o(.text.xQueueGenericSend)
    [Anonymous Symbol]                       0x0800491c   Section        0  queue.o(.text.xQueueGenericSendFromISR)
    [Anonymous Symbol]                       0x08004a64   Section        0  queue.o(.text.xQueueGiveFromISR)
    [Anonymous Symbol]                       0x08004b20   Section        0  queue.o(.text.xQueueReceive)
    [Anonymous Symbol]                       0x08004d60   Section        0  queue.o(.text.xQueueSemaphoreTake)
    [Anonymous Symbol]                       0x08004fec   Section        0  tasks.o(.text.xTaskCheckForTimeOut)
    [Anonymous Symbol]                       0x08005088   Section        0  tasks.o(.text.xTaskCreate)
    [Anonymous Symbol]                       0x080050e8   Section        0  tasks.o(.text.xTaskCreateStatic)
    [Anonymous Symbol]                       0x08005160   Section        0  tasks.o(.text.xTaskGenericNotify)
    [Anonymous Symbol]                       0x08005268   Section        0  tasks.o(.text.xTaskGetSchedulerState)
    [Anonymous Symbol]                       0x08005288   Section        0  tasks.o(.text.xTaskGetTickCount)
    [Anonymous Symbol]                       0x08005294   Section        0  tasks.o(.text.xTaskIncrementTick)
    [Anonymous Symbol]                       0x0800539c   Section        0  tasks.o(.text.xTaskPriorityDisinherit)
    [Anonymous Symbol]                       0x0800544c   Section        0  tasks.o(.text.xTaskPriorityInherit)
    [Anonymous Symbol]                       0x080054f4   Section        0  tasks.o(.text.xTaskRemoveFromEventList)
    [Anonymous Symbol]                       0x08005568   Section        0  tasks.o(.text.xTaskResumeAll)
    [Anonymous Symbol]                       0x08005654   Section        0  timers.o(.text.xTimerCreate)
    [Anonymous Symbol]                       0x08005690   Section        0  timers.o(.text.xTimerCreateTimerTask)
    [Anonymous Symbol]                       0x08005744   Section        0  timers.o(.text.xTimerGenericCommand)
    i._is_digit                              0x080057ba   Section        0  __printf_wp.o(i._is_digit)
    maptable                                 0x080057c8   Data          17  __printf_flags_ss_wp.o(.constdata)
    .constdata                               0x080057c8   Section       17  __printf_flags_ss_wp.o(.constdata)
    HAL_RCC_GetSysClockFreq.aPredivFactorTable 0x080057f1   Data           2  stm32f1xx_hal_rcc.o(.rodata.HAL_RCC_GetSysClockFreq.aPredivFactorTable)
    [Anonymous Symbol]                       0x080057f1   Section        0  stm32f1xx_hal_rcc.o(.rodata.HAL_RCC_GetSysClockFreq.aPredivFactorTable)
    HAL_RCC_GetSysClockFreq.aPLLMULFactorTable 0x080057f3   Data          16  stm32f1xx_hal_rcc.o(.rodata.cst16)
    [Anonymous Symbol]                       0x080057f3   Section        0  stm32f1xx_hal_rcc.o(.rodata.cst16)
    [Anonymous Symbol]                       0x08005803   Section        0  main.o(.rodata.str1.1)
    .L.str.8                                 0x0800580f   Data           8  lcd_display.o(.rodata.str1.1)
    [Anonymous Symbol]                       0x0800580f   Section        0  lcd_display.o(.rodata.str1.1)
    .L.str.7                                 0x08005817   Data           8  lcd_display.o(.rodata.str1.1)
    .L.str.10                                0x0800581f   Data           8  lcd_display.o(.rodata.str1.1)
    .L.str.1                                 0x08005827   Data           8  lcd_display.o(.rodata.str1.1)
    .L.str.6                                 0x0800582f   Data           8  lcd_display.o(.rodata.str1.1)
    .L.str.5                                 0x08005837   Data           4  lcd_display.o(.rodata.str1.1)
    .L.str.11                                0x0800583b   Data           8  lcd_display.o(.rodata.str1.1)
    .L.str.9                                 0x08005843   Data           8  lcd_display.o(.rodata.str1.1)
    .L.str.1                                 0x0800584b   Data           5  timers.o(.rodata.str1.1)
    [Anonymous Symbol]                       0x0800584b   Section        0  timers.o(.rodata.str1.1)
    .L_MergedGlobals                         0x20000000   Data           8  stm32f1xx_hal.o(.data..L_MergedGlobals)
    [Anonymous Symbol]                       0x20000000   Section        0  stm32f1xx_hal.o(.data..L_MergedGlobals)
    last_valid_mm                            0x2000000c   Data           4  main.o(.data.last_valid_mm)
    [Anonymous Symbol]                       0x2000000c   Section        0  main.o(.data.last_valid_mm)
    uxCriticalNesting                        0x20000010   Data           4  port.o(.data.uxCriticalNesting)
    [Anonymous Symbol]                       0x20000010   Section        0  port.o(.data.uxCriticalNesting)
    .bss                                     0x20000018   Section       96  libspace.o(.bss)
    .L_MergedGlobals                         0x20000078   Data         104  main.o(.bss..L_MergedGlobals)
    mute_request                             0x20000078   Data           1  main.o(.bss..L_MergedGlobals)
    [Anonymous Symbol]                       0x20000078   Section        0  main.o(.bss..L_MergedGlobals)
    mute_enabled                             0x20000079   Data           1  main.o(.bss..L_MergedGlobals)
    sensorQueue                              0x20000080   Data           4  main.o(.bss..L_MergedGlobals)
    displayQueue                             0x20000084   Data           4  main.o(.bss..L_MergedGlobals)
    lcdMutex                                 0x20000088   Data           4  main.o(.bss..L_MergedGlobals)
    appEvents                                0x2000008c   Data           4  main.o(.bss..L_MergedGlobals)
    sampleTimer                              0x20000090   Data           4  main.o(.bss..L_MergedGlobals)
    alertTimer                               0x20000094   Data           4  main.o(.bss..L_MergedGlobals)
    sensorTaskHandle                         0x20000098   Data           4  main.o(.bss..L_MergedGlobals)
    cpuTicksPerUs                            0x2000009c   Data           4  main.o(.bss..L_MergedGlobals)
    echoSem                                  0x200000a0   Data           8  main.o(.bss..L_MergedGlobals)
    danger_lock_time                         0x200000a8   Data           8  main.o(.bss..L_MergedGlobals)
    sensorCapture                            0x200000b0   Data          24  main.o(.bss..L_MergedGlobals)
    sensorState                              0x200000c8   Data          24  main.o(.bss..L_MergedGlobals)
    .L_MergedGlobals                         0x200000e0   Data          16  lcd_display.o(.bss..L_MergedGlobals)
    lcd.1                                    0x200000e0   Data           1  lcd_display.o(.bss..L_MergedGlobals)
    [Anonymous Symbol]                       0x200000e0   Section        0  lcd_display.o(.bss..L_MergedGlobals)
    lcd.2                                    0x200000e4   Data           1  lcd_display.o(.bss..L_MergedGlobals)
    lcd.3                                    0x200000e6   Data           1  lcd_display.o(.bss..L_MergedGlobals)
    lcd.4                                    0x200000e8   Data           1  lcd_display.o(.bss..L_MergedGlobals)
    lcd_ready                                0x200000e9   Data           1  lcd_display.o(.bss..L_MergedGlobals)
    lcd.0                                    0x200000ec   Data           4  lcd_display.o(.bss..L_MergedGlobals)
    .L_MergedGlobals                         0x200000f0   Data         120  tasks.o(.bss..L_MergedGlobals)
    [Anonymous Symbol]                       0x200000f0   Section        0  tasks.o(.bss..L_MergedGlobals)
    uxTopReadyPriority                       0x200000f4   Data           4  tasks.o(.bss..L_MergedGlobals)
    uxTaskNumber                             0x200000f8   Data           4  tasks.o(.bss..L_MergedGlobals)
    uxDeletedTasksWaitingCleanUp             0x200000fc   Data           4  tasks.o(.bss..L_MergedGlobals)
    uxCurrentNumberOfTasks                   0x20000100   Data           4  tasks.o(.bss..L_MergedGlobals)
    xSchedulerRunning                        0x20000104   Data           4  tasks.o(.bss..L_MergedGlobals)
    uxSchedulerSuspended                     0x20000108   Data           4  tasks.o(.bss..L_MergedGlobals)
    xIdleTaskHandle                          0x2000010c   Data           4  tasks.o(.bss..L_MergedGlobals)
    xNextTaskUnblockTime                     0x20000110   Data           4  tasks.o(.bss..L_MergedGlobals)
    xTickCount                               0x20000114   Data           4  tasks.o(.bss..L_MergedGlobals)
    xYieldPending                            0x20000118   Data           4  tasks.o(.bss..L_MergedGlobals)
    xPendedTicks                             0x2000011c   Data           4  tasks.o(.bss..L_MergedGlobals)
    pxDelayedTaskList                        0x20000120   Data           4  tasks.o(.bss..L_MergedGlobals)
    pxOverflowDelayedTaskList                0x20000124   Data           4  tasks.o(.bss..L_MergedGlobals)
    xNumOfOverflows                          0x20000128   Data           4  tasks.o(.bss..L_MergedGlobals)
    xTasksWaitingTermination                 0x2000012c   Data          20  tasks.o(.bss..L_MergedGlobals)
    xSuspendedTaskList                       0x20000140   Data          20  tasks.o(.bss..L_MergedGlobals)
    xPendingReadyList                        0x20000154   Data          20  tasks.o(.bss..L_MergedGlobals)
    .L_MergedGlobals                         0x20000168   Data          60  timers.o(.bss..L_MergedGlobals)
    xTimerQueue                              0x20000168   Data           4  timers.o(.bss..L_MergedGlobals)
    [Anonymous Symbol]                       0x20000168   Section        0  timers.o(.bss..L_MergedGlobals)
    xTimerTaskHandle                         0x2000016c   Data           4  timers.o(.bss..L_MergedGlobals)
    pxCurrentTimerList                       0x20000170   Data           4  timers.o(.bss..L_MergedGlobals)
    pxOverflowTimerList                      0x20000174   Data           4  timers.o(.bss..L_MergedGlobals)
    prvSampleTimeNow.xLastTime               0x20000178   Data           4  timers.o(.bss..L_MergedGlobals)
    xActiveTimerList1                        0x2000017c   Data          20  timers.o(.bss..L_MergedGlobals)
    xActiveTimerList2                        0x20000190   Data          20  timers.o(.bss..L_MergedGlobals)
    .L_MergedGlobals                         0x200001a4   Data          32  heap_4.o(.bss..L_MergedGlobals)
    xBlockAllocatedBit                       0x200001a4   Data           1  heap_4.o(.bss..L_MergedGlobals)
    [Anonymous Symbol]                       0x200001a4   Section        0  heap_4.o(.bss..L_MergedGlobals)
    pxEnd                                    0x200001a8   Data           4  heap_4.o(.bss..L_MergedGlobals)
    xFreeBytesRemaining                      0x200001ac   Data           4  heap_4.o(.bss..L_MergedGlobals)
    xMinimumEverFreeBytesRemaining           0x200001b0   Data           4  heap_4.o(.bss..L_MergedGlobals)
    xNumberOfSuccessfulAllocations           0x200001b4   Data           4  heap_4.o(.bss..L_MergedGlobals)
    xNumberOfSuccessfulFrees                 0x200001b8   Data           4  heap_4.o(.bss..L_MergedGlobals)
    xStart                                   0x200001bc   Data           8  heap_4.o(.bss..L_MergedGlobals)
    .L_MergedGlobals                         0x200001c4   Data           8  port.o(.bss..L_MergedGlobals)
    ucMaxSysCallPriority                     0x200001c4   Data           1  port.o(.bss..L_MergedGlobals)
    [Anonymous Symbol]                       0x200001c4   Section        0  port.o(.bss..L_MergedGlobals)
    ulMaxPRIGROUPValue                       0x200001c8   Data           4  port.o(.bss..L_MergedGlobals)
    .L_MergedGlobals.2                       0x200001cc   Data          40  tasks.o(.bss..L_MergedGlobals.2)
    xDelayedTaskList1                        0x200001cc   Data          20  tasks.o(.bss..L_MergedGlobals.2)
    [Anonymous Symbol]                       0x200001cc   Section        0  tasks.o(.bss..L_MergedGlobals.2)
    xDelayedTaskList2                        0x200001e0   Data          20  tasks.o(.bss..L_MergedGlobals.2)
    prvCheckForValidListAndQueue.ucStaticTimerQueueStorage 0x20000248   Data         120  timers.o(.bss.prvCheckForValidListAndQueue.ucStaticTimerQueueStorage)
    [Anonymous Symbol]                       0x20000248   Section        0  timers.o(.bss.prvCheckForValidListAndQueue.ucStaticTimerQueueStorage)
    prvCheckForValidListAndQueue.xStaticTimerQueue 0x200002c0   Data          72  timers.o(.bss.prvCheckForValidListAndQueue.xStaticTimerQueue)
    [Anonymous Symbol]                       0x200002c0   Section        0  timers.o(.bss.prvCheckForValidListAndQueue.xStaticTimerQueue)
    pxReadyTasksLists                        0x20000308   Data         140  tasks.o(.bss.pxReadyTasksLists)
    [Anonymous Symbol]                       0x20000308   Section        0  tasks.o(.bss.pxReadyTasksLists)
    ucHeap                                   0x20000394   Data       10240  heap_4.o(.bss.ucHeap)
    [Anonymous Symbol]                       0x20000394   Section        0  heap_4.o(.bss.ucHeap)
    xIdleStack                               0x20002b98   Data         512  freertos.o(.bss.xIdleStack)
    [Anonymous Symbol]                       0x20002b98   Section        0  freertos.o(.bss.xIdleStack)
    xIdleTaskTCBBuffer                       0x20002d98   Data          84  freertos.o(.bss.xIdleTaskTCBBuffer)
    [Anonymous Symbol]                       0x20002d98   Section        0  freertos.o(.bss.xIdleTaskTCBBuffer)
    xTimerStack                              0x20002e2c   Data        1024  freertos.o(.bss.xTimerStack)
    [Anonymous Symbol]                       0x20002e2c   Section        0  freertos.o(.bss.xTimerStack)
    xTimerTaskTCBBuffer                      0x2000322c   Data          84  freertos.o(.bss.xTimerTaskTCBBuffer)
    [Anonymous Symbol]                       0x2000322c   Section        0  freertos.o(.bss.xTimerTaskTCBBuffer)
    Heap_Mem                                 0x20003280   Data         512  startup_stm32f103xb.o(HEAP)
    HEAP                                     0x20003280   Section      512  startup_stm32f103xb.o(HEAP)
    Stack_Mem                                0x20003480   Data        1024  startup_stm32f103xb.o(STACK)
    STACK                                    0x20003480   Section     1024  startup_stm32f103xb.o(STACK)
    __initial_sp                             0x20003880   Data           0  startup_stm32f103xb.o(STACK)

    Global Symbols

    Symbol Name                              Value     Ov Type        Size  Object(Section)

    BuildAttributes$$THM_ISAv4$P$D$K$B$S$PE$A:L22UL41UL21$X:L11$S22US41US21$IEEE1$IW$~IW$USESV6$~STKCKD$USESV7$~SHL$OTIME$ROPI$EBA8$UX$STANDARDLIB$REQ8$PRES8$EABIv2 0x00000000   Number         0  anon$$obj.o ABSOLUTE
    __fp_init_empty                          0x00000000   Number         0  fpinit_empty.o ABSOLUTE
    _printf_flags                            0x00000000   Number         0  printf_stubs.o ABSOLUTE
    _printf_return_value                     0x00000000   Number         0  printf_stubs.o ABSOLUTE
    _printf_sizespec                         0x00000000   Number         0  printf_stubs.o ABSOLUTE
    _printf_widthprec                        0x00000000   Number         0  printf_stubs.o ABSOLUTE
    __ARM_exceptions_init                     - Undefined Weak Reference
    __alloca_initialize                       - Undefined Weak Reference
    __arm_preinit_                            - Undefined Weak Reference
    __arm_relocate_pie_                       - Undefined Weak Reference
    __cpp_initialize__aeabi_                  - Undefined Weak Reference
    __cxa_finalize                            - Undefined Weak Reference
    __rt_locale                               - Undefined Weak Reference
    __sigvec_lookup                           - Undefined Weak Reference
    _atexit_init                              - Undefined Weak Reference
    _call_atexit_fns                          - Undefined Weak Reference
    _clock_init                               - Undefined Weak Reference
    _fp_trap_init                             - Undefined Weak Reference
    _fp_trap_shutdown                         - Undefined Weak Reference
    _get_lc_collate                           - Undefined Weak Reference
    _get_lc_ctype                             - Undefined Weak Reference
    _get_lc_monetary                          - Undefined Weak Reference
    _get_lc_numeric                           - Undefined Weak Reference
    _get_lc_time                              - Undefined Weak Reference
    _getenv_init                              - Undefined Weak Reference
    _handle_redirection                       - Undefined Weak Reference
    _init_alloc                               - Undefined Weak Reference
    _init_user_alloc                          - Undefined Weak Reference
    _initio                                   - Undefined Weak Reference
    _printf_truncate_signed                   - Undefined Weak Reference
    _printf_truncate_unsigned                 - Undefined Weak Reference
    _rand_init                                - Undefined Weak Reference
    _signal_finish                            - Undefined Weak Reference
    _signal_init                              - Undefined Weak Reference
    _terminate_alloc                          - Undefined Weak Reference
    _terminate_user_alloc                     - Undefined Weak Reference
    _terminateio                              - Undefined Weak Reference
    __Vectors_Size                           0x000000ec   Number         0  startup_stm32f103xb.o ABSOLUTE
    __Vectors                                0x08000000   Data           4  startup_stm32f103xb.o(RESET)
    __Vectors_End                            0x080000ec   Data           0  startup_stm32f103xb.o(RESET)
    __main                                   0x080000ed   Thumb Code     8  __main.o(!!!main)
    __scatterload                            0x080000f5   Thumb Code     0  __scatter.o(!!!scatter)
    __scatterload_rt2                        0x080000f5   Thumb Code    84  __scatter.o(!!!scatter)
    __scatterload_rt2_thumb_only             0x080000f5   Thumb Code     0  __scatter.o(!!!scatter)
    __scatterload_loop                       0x080000ff   Thumb Code     0  __scatter.o(!!!scatter)
    __scatterload_copy                       0x08000151   Thumb Code    26  __scatter_copy.o(!!handler_copy)
    __scatterload_null                       0x0800016d   Thumb Code     2  __scatter.o(!!handler_null)
    __scatterload_zeroinit                   0x08000171   Thumb Code    28  __scatter_zi.o(!!handler_zi)
    _printf_percent                          0x0800018d   Thumb Code     0  _printf_percent.o(.ARM.Collect$$_printf_percent$$00000000)
    _printf_u                                0x0800018d   Thumb Code     0  _printf_u.o(.ARM.Collect$$_printf_percent$$0000000A)
    _printf_percent_end                      0x08000193   Thumb Code     0  _printf_percent_end.o(.ARM.Collect$$_printf_percent$$00000017)
    __rt_lib_init                            0x08000197   Thumb Code     0  libinit.o(.ARM.Collect$$libinit$$00000000)
    __rt_lib_init_alloca_1                   0x08000199   Thumb Code     0  libinit2.o(.ARM.Collect$$libinit$$00000030)
    __rt_lib_init_argv_1                     0x08000199   Thumb Code     0  libinit2.o(.ARM.Collect$$libinit$$0000002E)
    __rt_lib_init_atexit_1                   0x08000199   Thumb Code     0  libinit2.o(.ARM.Collect$$libinit$$0000001D)
    __rt_lib_init_clock_1                    0x08000199   Thumb Code     0  libinit2.o(.ARM.Collect$$libinit$$00000023)
    __rt_lib_init_cpp_1                      0x08000199   Thumb Code     0  libinit2.o(.ARM.Collect$$libinit$$00000034)
    __rt_lib_init_exceptions_1               0x08000199   Thumb Code     0  libinit2.o(.ARM.Collect$$libinit$$00000032)
    __rt_lib_init_fp_1                       0x08000199   Thumb Code     0  libinit2.o(.ARM.Collect$$libinit$$00000002)
    __rt_lib_init_fp_trap_1                  0x08000199   Thumb Code     0  libinit2.o(.ARM.Collect$$libinit$$00000021)
    __rt_lib_init_getenv_1                   0x08000199   Thumb Code     0  libinit2.o(.ARM.Collect$$libinit$$00000025)
    __rt_lib_init_heap_1                     0x08000199   Thumb Code     0  libinit2.o(.ARM.Collect$$libinit$$0000000C)
    __rt_lib_init_lc_collate_1               0x08000199   Thumb Code     0  libinit2.o(.ARM.Collect$$libinit$$00000013)
    __rt_lib_init_lc_ctype_1                 0x08000199   Thumb Code     0  libinit2.o(.ARM.Collect$$libinit$$00000015)
    __rt_lib_init_lc_monetary_1              0x08000199   Thumb Code     0  libinit2.o(.ARM.Collect$$libinit$$00000017)
    __rt_lib_init_lc_numeric_1               0x08000199   Thumb Code     0  libinit2.o(.ARM.Collect$$libinit$$00000019)
    __rt_lib_init_lc_time_1                  0x08000199   Thumb Code     0  libinit2.o(.ARM.Collect$$libinit$$0000001B)
    __rt_lib_init_preinit_1                  0x08000199   Thumb Code     0  libinit2.o(.ARM.Collect$$libinit$$00000006)
    __rt_lib_init_rand_1                     0x08000199   Thumb Code     0  libinit2.o(.ARM.Collect$$libinit$$00000010)
    __rt_lib_init_relocate_pie_1             0x08000199   Thumb Code     0  libinit2.o(.ARM.Collect$$libinit$$00000004)
    __rt_lib_init_return                     0x08000199   Thumb Code     0  libinit2.o(.ARM.Collect$$libinit$$00000035)
    __rt_lib_init_signal_1                   0x08000199   Thumb Code     0  libinit2.o(.ARM.Collect$$libinit$$0000001F)
    __rt_lib_init_stdio_1                    0x08000199   Thumb Code     0  libinit2.o(.ARM.Collect$$libinit$$00000027)
    __rt_lib_init_user_alloc_1               0x08000199   Thumb Code     0  libinit2.o(.ARM.Collect$$libinit$$0000000E)
    __rt_lib_shutdown                        0x0800019b   Thumb Code     0  libshutdown.o(.ARM.Collect$$libshutdown$$00000000)
    __rt_lib_shutdown_cpp_1                  0x0800019d   Thumb Code     0  libshutdown2.o(.ARM.Collect$$libshutdown$$00000002)
    __rt_lib_shutdown_fp_trap_1              0x0800019d   Thumb Code     0  libshutdown2.o(.ARM.Collect$$libshutdown$$00000007)
    __rt_lib_shutdown_heap_1                 0x0800019d   Thumb Code     0  libshutdown2.o(.ARM.Collect$$libshutdown$$0000000F)
    __rt_lib_shutdown_return                 0x0800019d   Thumb Code     0  libshutdown2.o(.ARM.Collect$$libshutdown$$00000010)
    __rt_lib_shutdown_signal_1               0x0800019d   Thumb Code     0  libshutdown2.o(.ARM.Collect$$libshutdown$$0000000A)
    __rt_lib_shutdown_stdio_1                0x0800019d   Thumb Code     0  libshutdown2.o(.ARM.Collect$$libshutdown$$00000004)
    __rt_lib_shutdown_user_alloc_1           0x0800019d   Thumb Code     0  libshutdown2.o(.ARM.Collect$$libshutdown$$0000000C)
    __rt_entry                               0x0800019f   Thumb Code     0  __rtentry.o(.ARM.Collect$$rtentry$$00000000)
    __rt_entry_presh_1                       0x0800019f   Thumb Code     0  __rtentry2.o(.ARM.Collect$$rtentry$$00000002)
    __rt_entry_sh                            0x0800019f   Thumb Code     0  __rtentry4.o(.ARM.Collect$$rtentry$$00000004)
    __rt_entry_li                            0x080001a5   Thumb Code     0  __rtentry2.o(.ARM.Collect$$rtentry$$0000000A)
    __rt_entry_postsh_1                      0x080001a5   Thumb Code     0  __rtentry2.o(.ARM.Collect$$rtentry$$00000009)
    __rt_entry_main                          0x080001a9   Thumb Code     0  __rtentry2.o(.ARM.Collect$$rtentry$$0000000D)
    __rt_entry_postli_1                      0x080001a9   Thumb Code     0  __rtentry2.o(.ARM.Collect$$rtentry$$0000000C)
    __rt_exit                                0x080001b1   Thumb Code     0  rtexit.o(.ARM.Collect$$rtexit$$00000000)
    __rt_exit_ls                             0x080001b3   Thumb Code     0  rtexit2.o(.ARM.Collect$$rtexit$$00000003)
    __rt_exit_prels_1                        0x080001b3   Thumb Code     0  rtexit2.o(.ARM.Collect$$rtexit$$00000002)
    __rt_exit_exit                           0x080001b7   Thumb Code     0  rtexit2.o(.ARM.Collect$$rtexit$$00000004)
    Reset_Handler                            0x080001bd   Thumb Code     8  startup_stm32f103xb.o(.text)
    ADC1_2_IRQHandler                        0x080001d7   Thumb Code     0  startup_stm32f103xb.o(.text)
    CAN1_RX1_IRQHandler                      0x080001d7   Thumb Code     0  startup_stm32f103xb.o(.text)
    CAN1_SCE_IRQHandler                      0x080001d7   Thumb Code     0  startup_stm32f103xb.o(.text)
    DMA1_Channel1_IRQHandler                 0x080001d7   Thumb Code     0  startup_stm32f103xb.o(.text)
    DMA1_Channel2_IRQHandler                 0x080001d7   Thumb Code     0  startup_stm32f103xb.o(.text)
    DMA1_Channel3_IRQHandler                 0x080001d7   Thumb Code     0  startup_stm32f103xb.o(.text)
    DMA1_Channel4_IRQHandler                 0x080001d7   Thumb Code     0  startup_stm32f103xb.o(.text)
    DMA1_Channel5_IRQHandler                 0x080001d7   Thumb Code     0  startup_stm32f103xb.o(.text)
    DMA1_Channel6_IRQHandler                 0x080001d7   Thumb Code     0  startup_stm32f103xb.o(.text)
    DMA1_Channel7_IRQHandler                 0x080001d7   Thumb Code     0  startup_stm32f103xb.o(.text)
    EXTI0_IRQHandler                         0x080001d7   Thumb Code     0  startup_stm32f103xb.o(.text)
    EXTI1_IRQHandler                         0x080001d7   Thumb Code     0  startup_stm32f103xb.o(.text)
    EXTI3_IRQHandler                         0x080001d7   Thumb Code     0  startup_stm32f103xb.o(.text)
    EXTI9_5_IRQHandler                       0x080001d7   Thumb Code     0  startup_stm32f103xb.o(.text)
    FLASH_IRQHandler                         0x080001d7   Thumb Code     0  startup_stm32f103xb.o(.text)
    I2C1_ER_IRQHandler                       0x080001d7   Thumb Code     0  startup_stm32f103xb.o(.text)
    I2C1_EV_IRQHandler                       0x080001d7   Thumb Code     0  startup_stm32f103xb.o(.text)
    I2C2_ER_IRQHandler                       0x080001d7   Thumb Code     0  startup_stm32f103xb.o(.text)
    I2C2_EV_IRQHandler                       0x080001d7   Thumb Code     0  startup_stm32f103xb.o(.text)
    PVD_IRQHandler                           0x080001d7   Thumb Code     0  startup_stm32f103xb.o(.text)
    RCC_IRQHandler                           0x080001d7   Thumb Code     0  startup_stm32f103xb.o(.text)
    RTC_Alarm_IRQHandler                     0x080001d7   Thumb Code     0  startup_stm32f103xb.o(.text)
    RTC_IRQHandler                           0x080001d7   Thumb Code     0  startup_stm32f103xb.o(.text)
    SPI1_IRQHandler                          0x080001d7   Thumb Code     0  startup_stm32f103xb.o(.text)
    SPI2_IRQHandler                          0x080001d7   Thumb Code     0  startup_stm32f103xb.o(.text)
    TAMPER_IRQHandler                        0x080001d7   Thumb Code     0  startup_stm32f103xb.o(.text)
    TIM1_BRK_IRQHandler                      0x080001d7   Thumb Code     0  startup_stm32f103xb.o(.text)
    TIM1_CC_IRQHandler                       0x080001d7   Thumb Code     0  startup_stm32f103xb.o(.text)
    TIM1_TRG_COM_IRQHandler                  0x080001d7   Thumb Code     0  startup_stm32f103xb.o(.text)
    TIM1_UP_IRQHandler                       0x080001d7   Thumb Code     0  startup_stm32f103xb.o(.text)
    TIM2_IRQHandler                          0x080001d7   Thumb Code     0  startup_stm32f103xb.o(.text)
    TIM3_IRQHandler                          0x080001d7   Thumb Code     0  startup_stm32f103xb.o(.text)
    TIM4_IRQHandler                          0x080001d7   Thumb Code     0  startup_stm32f103xb.o(.text)
    USART1_IRQHandler                        0x080001d7   Thumb Code     0  startup_stm32f103xb.o(.text)
    USART2_IRQHandler                        0x080001d7   Thumb Code     0  startup_stm32f103xb.o(.text)
    USART3_IRQHandler                        0x080001d7   Thumb Code     0  startup_stm32f103xb.o(.text)
    USBWakeUp_IRQHandler                     0x080001d7   Thumb Code     0  startup_stm32f103xb.o(.text)
    USB_HP_CAN1_TX_IRQHandler                0x080001d7   Thumb Code     0  startup_stm32f103xb.o(.text)
    USB_LP_CAN1_RX0_IRQHandler               0x080001d7   Thumb Code     0  startup_stm32f103xb.o(.text)
    WWDG_IRQHandler                          0x080001d7   Thumb Code     0  startup_stm32f103xb.o(.text)
    __user_initial_stackheap                 0x080001d9   Thumb Code     0  startup_stm32f103xb.o(.text)
    __2snprintf                              0x080001fd   Thumb Code    58  noretval__2snprintf.o(.text)
    _printf_pre_padding                      0x0800023d   Thumb Code    44  _printf_pad.o(.text)
    _printf_post_padding                     0x08000269   Thumb Code    34  _printf_pad.o(.text)
    _printf_int_dec                          0x0800028d   Thumb Code   104  _printf_dec.o(.text)
    __printf                                 0x08000305   Thumb Code   388  __printf_flags_ss_wp.o(.text)
    __aeabi_memcpy                           0x0800048d   Thumb Code     0  rt_memcpy_v6.o(.text)
    __rt_memcpy                              0x0800048d   Thumb Code   138  rt_memcpy_v6.o(.text)
    _memcpy_lastbytes                        0x080004f3   Thumb Code     0  rt_memcpy_v6.o(.text)
    __aeabi_memclr4                          0x08000517   Thumb Code     0  rt_memclr_w.o(.text)
    __aeabi_memclr8                          0x08000517   Thumb Code     0  rt_memclr_w.o(.text)
    __rt_memclr_w                            0x08000517   Thumb Code     0  rt_memclr_w.o(.text)
    _memset_w                                0x0800051b   Thumb Code    74  rt_memclr_w.o(.text)
    __use_two_region_memory                  0x08000565   Thumb Code     2  heapauxi.o(.text)
    __rt_heap_escrow$2region                 0x08000567   Thumb Code     2  heapauxi.o(.text)
    __rt_heap_expand$2region                 0x08000569   Thumb Code     2  heapauxi.o(.text)
    _printf_int_common                       0x0800056b   Thumb Code   178  _printf_intcommon.o(.text)
    _printf_char_common                      0x08000627   Thumb Code    32  _printf_char_common.o(.text)
    _snputc                                  0x0800064d   Thumb Code    16  _snputc.o(.text)
    __aeabi_memcpy4                          0x0800065d   Thumb Code     0  rt_memcpy_w.o(.text)
    __aeabi_memcpy8                          0x0800065d   Thumb Code     0  rt_memcpy_w.o(.text)
    __rt_memcpy_w                            0x0800065d   Thumb Code   100  rt_memcpy_w.o(.text)
    _memcpy_lastbytes_aligned                0x080006a5   Thumb Code     0  rt_memcpy_w.o(.text)
    __user_setup_stackheap                   0x080006c1   Thumb Code    74  sys_stackheap_outer.o(.text)
    exit                                     0x0800070b   Thumb Code    18  exit.o(.text)
    __user_libspace                          0x0800071d   Thumb Code     8  libspace.o(.text)
    __user_perproc_libspace                  0x0800071d   Thumb Code     0  libspace.o(.text)
    __user_perthread_libspace                0x0800071d   Thumb Code     0  libspace.o(.text)
    _sys_exit                                0x08000725   Thumb Code     8  sys_exit.o(.text)
    __I$use$semihosting                      0x08000731   Thumb Code     0  use_no_semi.o(.text)
    __use_no_semihosting_swi                 0x08000731   Thumb Code     2  use_no_semi.o(.text)
    __semihosting_library_function           0x08000733   Thumb Code     0  indicate_semi.o(.text)
    BusFault_Handler                         0x08000745   Thumb Code     2  stm32f1xx_it.o(.text.BusFault_Handler)
    DebugMon_Handler                         0x08000749   Thumb Code     2  stm32f1xx_it.o(.text.DebugMon_Handler)
    EXTI15_10_IRQHandler                     0x08000791   Thumb Code     8  main.o(.text.EXTI15_10_IRQHandler)
    EXTI2_IRQHandler                         0x08000799   Thumb Code     6  stm32f1xx_it.o(.text.EXTI2_IRQHandler)
    EXTI4_IRQHandler                         0x080007a1   Thumb Code     6  stm32f1xx_it.o(.text.EXTI4_IRQHandler)
    HAL_Delay                                0x080007a9   Thumb Code    40  stm32f1xx_hal.o(.text.HAL_Delay)
    HAL_GPIO_EXTI_Callback                   0x080007d1   Thumb Code   184  main.o(.text.HAL_GPIO_EXTI_Callback)
    HAL_GPIO_EXTI_IRQHandler                 0x080008a9   Thumb Code    22  stm32f1xx_hal_gpio.o(.text.HAL_GPIO_EXTI_IRQHandler)
    HAL_GPIO_Init                            0x080008c1   Thumb Code   526  stm32f1xx_hal_gpio.o(.text.HAL_GPIO_Init)
    HAL_GPIO_ReadPin                         0x08000ad1   Thumb Code    10  stm32f1xx_hal_gpio.o(.text.HAL_GPIO_ReadPin)
    HAL_GPIO_WritePin                        0x08000add   Thumb Code    10  stm32f1xx_hal_gpio.o(.text.HAL_GPIO_WritePin)
    HAL_GetTick                              0x08000ae9   Thumb Code    12  stm32f1xx_hal.o(.text.HAL_GetTick)
    HAL_I2C_Init                             0x08000af5   Thumb Code   356  stm32f1xx_hal_i2c.o(.text.HAL_I2C_Init)
    HAL_I2C_IsDeviceReady                    0x08000c59   Thumb Code   532  stm32f1xx_hal_i2c.o(.text.HAL_I2C_IsDeviceReady)
    HAL_I2C_Master_Transmit                  0x08000e6d   Thumb Code   476  stm32f1xx_hal_i2c.o(.text.HAL_I2C_Master_Transmit)
    HAL_I2C_MspInit                          0x08001049   Thumb Code   130  stm32f1xx_hal_msp.o(.text.HAL_I2C_MspInit)
    HAL_IncTick                              0x080010cd   Thumb Code    26  stm32f1xx_hal.o(.text.HAL_IncTick)
    HAL_Init                                 0x080010e9   Thumb Code    38  stm32f1xx_hal.o(.text.HAL_Init)
    HAL_InitTick                             0x08001111   Thumb Code    72  stm32f1xx_hal.o(.text.HAL_InitTick)
    HAL_MspInit                              0x08001159   Thumb Code    80  stm32f1xx_hal_msp.o(.text.HAL_MspInit)
    HAL_NVIC_EnableIRQ                       0x080011a9   Thumb Code    34  stm32f1xx_hal_cortex.o(.text.HAL_NVIC_EnableIRQ)
    HAL_NVIC_SetPriority                     0x080011cd   Thumb Code    86  stm32f1xx_hal_cortex.o(.text.HAL_NVIC_SetPriority)
    HAL_NVIC_SetPriorityGrouping             0x08001225   Thumb Code    32  stm32f1xx_hal_cortex.o(.text.HAL_NVIC_SetPriorityGrouping)
    HAL_RCC_ClockConfig                      0x08001245   Thumb Code   442  stm32f1xx_hal_rcc.o(.text.HAL_RCC_ClockConfig)
    HAL_RCC_GetHCLKFreq                      0x08001401   Thumb Code    12  stm32f1xx_hal_rcc.o(.text.HAL_RCC_GetHCLKFreq)
    HAL_RCC_GetPCLK1Freq                     0x0800140d   Thumb Code    38  stm32f1xx_hal_rcc.o(.text.HAL_RCC_GetPCLK1Freq)
    HAL_RCC_OscConfig                        0x08001435   Thumb Code  1024  stm32f1xx_hal_rcc.o(.text.HAL_RCC_OscConfig)
    HAL_SYSTICK_Config                       0x08001835   Thumb Code    44  stm32f1xx_hal_cortex.o(.text.HAL_SYSTICK_Config)
    HardFault_Handler                        0x08001861   Thumb Code     2  stm32f1xx_it.o(.text.HardFault_Handler)
    MemManage_Handler                        0x08001c81   Thumb Code     2  stm32f1xx_it.o(.text.MemManage_Handler)
    NMI_Handler                              0x08001c85   Thumb Code     2  stm32f1xx_it.o(.text.NMI_Handler)
    PendSV_Handler                           0x08001c91   Thumb Code    68  port.o(.text.PendSV_Handler)
    SVC_Handler                              0x08001ce1   Thumb Code    36  port.o(.text.SVC_Handler)
    StartDefaultTask                         0x08001f95   Thumb Code     8  main.o(.text.StartDefaultTask)
    SysTick_Handler                          0x08001f9d   Thumb Code    24  stm32f1xx_it.o(.text.SysTick_Handler)
    SystemInit                               0x08001fb5   Thumb Code     2  system_stm32f1xx.o(.text.SystemInit)
    UsageFault_Handler                       0x080020d1   Thumb Code     2  stm32f1xx_it.o(.text.UsageFault_Handler)
    lcd_display_init                         0x0800239d   Thumb Code   264  lcd_display.o(.text.lcd_display_init)
    lcd_display_show_state                   0x080024a5   Thumb Code   906  lcd_display.o(.text.lcd_display_show_state)
    main                                     0x0800299d   Thumb Code  1076  main.o(.text.main)
    osDelay                                  0x08002e15   Thumb Code    16  cmsis_os.o(.text.osDelay)
    osKernelStart                            0x08002e25   Thumb Code    10  cmsis_os.o(.text.osKernelStart)
    osThreadCreate                           0x08002e31   Thumb Code    92  cmsis_os.o(.text.osThreadCreate)
    pvPortMalloc                             0x08003675   Thumb Code   488  heap_4.o(.text.pvPortMalloc)
    pvTaskIncrementMutexHeldCount            0x0800385d   Thumb Code    24  tasks.o(.text.pvTaskIncrementMutexHeldCount)
    pxPortInitialiseStack                    0x08003875   Thumb Code    32  port.o(.text.pxPortInitialiseStack)
    ulTaskNotifyTake                         0x08003895   Thumb Code   104  tasks.o(.text.ulTaskNotifyTake)
    uxListRemove                             0x080038fd   Thumb Code    34  list.o(.text.uxListRemove)
    uxTaskResetEventItemValue                0x08003921   Thumb Code    26  tasks.o(.text.uxTaskResetEventItemValue)
    vApplicationGetIdleTaskMemory            0x0800393d   Thumb Code    26  freertos.o(.text.vApplicationGetIdleTaskMemory)
    vApplicationGetTimerTaskMemory           0x08003959   Thumb Code    28  freertos.o(.text.vApplicationGetTimerTaskMemory)
    vListInitialise                          0x08003975   Thumb Code    22  list.o(.text.vListInitialise)
    vListInitialiseItem                      0x0800398d   Thumb Code     6  list.o(.text.vListInitialiseItem)
    vListInsert                              0x08003995   Thumb Code    98  list.o(.text.vListInsert)
    vListInsertEnd                           0x080039f9   Thumb Code    26  list.o(.text.vListInsertEnd)
    vPortEnterCritical                       0x08003a15   Thumb Code    70  port.o(.text.vPortEnterCritical)
    vPortExitCritical                        0x08003a5d   Thumb Code    46  port.o(.text.vPortExitCritical)
    vPortFree                                0x08003a8d   Thumb Code   222  heap_4.o(.text.vPortFree)
    vPortSetupTimerInterrupt                 0x08003b6d   Thumb Code    52  port.o(.text.vPortSetupTimerInterrupt)
    vPortValidateInterruptPriority           0x08003ba1   Thumb Code    94  port.o(.text.vPortValidateInterruptPriority)
    vQueueAddToRegistry                      0x08003c01   Thumb Code    88  queue.o(.text.vQueueAddToRegistry)
    vQueueWaitForMessageRestricted           0x08003c59   Thumb Code    82  queue.o(.text.vQueueWaitForMessageRestricted)
    vTaskDelay                               0x08003cad   Thumb Code   158  tasks.o(.text.vTaskDelay)
    vTaskInternalSetTimeOutState             0x08003d4d   Thumb Code    18  tasks.o(.text.vTaskInternalSetTimeOutState)
    vTaskMissedYield                         0x08003d61   Thumb Code    14  tasks.o(.text.vTaskMissedYield)
    vTaskPlaceOnEventList                    0x08003d71   Thumb Code    54  tasks.o(.text.vTaskPlaceOnEventList)
    vTaskPlaceOnEventListRestricted          0x08003da9   Thumb Code   142  tasks.o(.text.vTaskPlaceOnEventListRestricted)
    vTaskPlaceOnUnorderedEventList           0x08003e39   Thumb Code    86  tasks.o(.text.vTaskPlaceOnUnorderedEventList)
    vTaskPriorityDisinheritAfterTimeout      0x08003e91   Thumb Code   178  tasks.o(.text.vTaskPriorityDisinheritAfterTimeout)
    vTaskRemoveFromUnorderedEventList        0x08003f45   Thumb Code   130  tasks.o(.text.vTaskRemoveFromUnorderedEventList)
    vTaskStartScheduler                      0x08003fc9   Thumb Code   232  tasks.o(.text.vTaskStartScheduler)
    vTaskSuspendAll                          0x080040b9   Thumb Code    16  tasks.o(.text.vTaskSuspendAll)
    vTaskSwitchContext                       0x080040c9   Thumb Code   110  tasks.o(.text.vTaskSwitchContext)
    xEventGroupCreate                        0x08004139   Thumb Code    34  event_groups.o(.text.xEventGroupCreate)
    xEventGroupSetBits                       0x0800415d   Thumb Code   154  event_groups.o(.text.xEventGroupSetBits)
    xEventGroupWaitBits                      0x080041f9   Thumb Code   320  event_groups.o(.text.xEventGroupWaitBits)
    xPortStartScheduler                      0x08004339   Thumb Code   304  port.o(.text.xPortStartScheduler)
    xPortSysTickHandler                      0x08004469   Thumb Code    46  port.o(.text.xPortSysTickHandler)
    xQueueCreateMutex                        0x08004499   Thumb Code   106  queue.o(.text.xQueueCreateMutex)
    xQueueGenericCreate                      0x08004505   Thumb Code   126  queue.o(.text.xQueueGenericCreate)
    xQueueGenericCreateStatic                0x08004585   Thumb Code   214  queue.o(.text.xQueueGenericCreateStatic)
    xQueueGenericSend                        0x0800465d   Thumb Code   704  queue.o(.text.xQueueGenericSend)
    xQueueGenericSendFromISR                 0x0800491d   Thumb Code   328  queue.o(.text.xQueueGenericSendFromISR)
    xQueueGiveFromISR                        0x08004a65   Thumb Code   186  queue.o(.text.xQueueGiveFromISR)
    xQueueReceive                            0x08004b21   Thumb Code   574  queue.o(.text.xQueueReceive)
    xQueueSemaphoreTake                      0x08004d61   Thumb Code   650  queue.o(.text.xQueueSemaphoreTake)
    xTaskCheckForTimeOut                     0x08004fed   Thumb Code   154  tasks.o(.text.xTaskCheckForTimeOut)
    xTaskCreate                              0x08005089   Thumb Code    96  tasks.o(.text.xTaskCreate)
    xTaskCreateStatic                        0x080050e9   Thumb Code   118  tasks.o(.text.xTaskCreateStatic)
    xTaskGenericNotify                       0x08005161   Thumb Code   264  tasks.o(.text.xTaskGenericNotify)
    xTaskGetSchedulerState                   0x08005269   Thumb Code    30  tasks.o(.text.xTaskGetSchedulerState)
    xTaskGetTickCount                        0x08005289   Thumb Code    12  tasks.o(.text.xTaskGetTickCount)
    xTaskIncrementTick                       0x08005295   Thumb Code   262  tasks.o(.text.xTaskIncrementTick)
    xTaskPriorityDisinherit                  0x0800539d   Thumb Code   174  tasks.o(.text.xTaskPriorityDisinherit)
    xTaskPriorityInherit                     0x0800544d   Thumb Code   166  tasks.o(.text.xTaskPriorityInherit)
    xTaskRemoveFromEventList                 0x080054f5   Thumb Code   116  tasks.o(.text.xTaskRemoveFromEventList)
    xTaskResumeAll                           0x08005569   Thumb Code   234  tasks.o(.text.xTaskResumeAll)
    xTimerCreate                             0x08005655   Thumb Code    58  timers.o(.text.xTimerCreate)
    xTimerCreateTimerTask                    0x08005691   Thumb Code   172  timers.o(.text.xTimerCreateTimerTask)
    xTimerGenericCommand                     0x08005745   Thumb Code   118  timers.o(.text.xTimerGenericCommand)
    _is_digit                                0x080057bb   Thumb Code    14  __printf_wp.o(i._is_digit)
    AHBPrescTable                            0x080057d9   Data          16  system_stm32f1xx.o(.rodata.AHBPrescTable)
    APBPrescTable                            0x080057e9   Data           8  system_stm32f1xx.o(.rodata.APBPrescTable)
    Region$$Table$$Base                      0x08005850   Number         0  anon$$obj.o(Region$$Table)
    Region$$Table$$Limit                     0x08005870   Number         0  anon$$obj.o(Region$$Table)
    uwTickFreq                               0x20000000   Data           1  stm32f1xx_hal.o(.data..L_MergedGlobals)
    uwTickPrio                               0x20000004   Data           4  stm32f1xx_hal.o(.data..L_MergedGlobals)
    SystemCoreClock                          0x20000008   Data           4  system_stm32f1xx.o(.data.SystemCoreClock)
    __libspace_start                         0x20000018   Data          96  libspace.o(.bss)
    __temporary_stack_top$libspace           0x20000078   Data           0  libspace.o(.bss)
    defaultTaskHandle                        0x2000007c   Data           4  main.o(.bss..L_MergedGlobals)
    pxCurrentTCB                             0x200000f0   Data           4  tasks.o(.bss..L_MergedGlobals)
    hi2c1                                    0x200001f4   Data          84  main.o(.bss.hi2c1)
    uwTick                                   0x20002b94   Data           4  stm32f1xx_hal.o(.bss.uwTick)
    xQueueRegistry                           0x20002dec   Data          64  queue.o(.bss.xQueueRegistry)



==============================================================================

Memory Map of the image

  Image Entry point : 0x080000ed

  Load Region LR_IROM1 (Base: 0x08000000, Size: 0x00005888, Max: 0x00010000, ABSOLUTE)

    Execution Region ER_IROM1 (Exec base: 0x08000000, Load base: 0x08000000, Size: 0x00005870, Max: 0x00010000, ABSOLUTE)

    Exec Addr    Load Addr    Size         Type   Attr      Idx    E Section Name        Object

    0x08000000   0x08000000   0x000000ec   Data   RO            3    RESET               startup_stm32f103xb.o
    0x080000ec   0x080000ec   0x00000008   Code   RO         1136  * !!!main             c_w.l(__main.o)
    0x080000f4   0x080000f4   0x0000005c   Code   RO         1314    !!!scatter          c_w.l(__scatter.o)
    0x08000150   0x08000150   0x0000001a   Code   RO         1318    !!handler_copy      c_w.l(__scatter_copy.o)
    0x0800016a   0x0800016a   0x00000002   PAD
    0x0800016c   0x0800016c   0x00000002   Code   RO         1315    !!handler_null      c_w.l(__scatter.o)
    0x0800016e   0x0800016e   0x00000002   PAD
    0x08000170   0x08000170   0x0000001c   Code   RO         1320    !!handler_zi        c_w.l(__scatter_zi.o)
    0x0800018c   0x0800018c   0x00000000   Code   RO         1127    .ARM.Collect$$_printf_percent$$00000000  c_w.l(_printf_percent.o)
    0x0800018c   0x0800018c   0x00000006   Code   RO         1126    .ARM.Collect$$_printf_percent$$0000000A  c_w.l(_printf_u.o)
    0x08000192   0x08000192   0x00000004   Code   RO         1145    .ARM.Collect$$_printf_percent$$00000017  c_w.l(_printf_percent_end.o)
    0x08000196   0x08000196   0x00000002   Code   RO         1176    .ARM.Collect$$libinit$$00000000  c_w.l(libinit.o)
    0x08000198   0x08000198   0x00000000   Code   RO         1183    .ARM.Collect$$libinit$$00000002  c_w.l(libinit2.o)
    0x08000198   0x08000198   0x00000000   Code   RO         1185    .ARM.Collect$$libinit$$00000004  c_w.l(libinit2.o)
    0x08000198   0x08000198   0x00000000   Code   RO         1187    .ARM.Collect$$libinit$$00000006  c_w.l(libinit2.o)
    0x08000198   0x08000198   0x00000000   Code   RO         1190    .ARM.Collect$$libinit$$0000000C  c_w.l(libinit2.o)
    0x08000198   0x08000198   0x00000000   Code   RO         1192    .ARM.Collect$$libinit$$0000000E  c_w.l(libinit2.o)
    0x08000198   0x08000198   0x00000000   Code   RO         1194    .ARM.Collect$$libinit$$00000010  c_w.l(libinit2.o)
    0x08000198   0x08000198   0x00000000   Code   RO         1197    .ARM.Collect$$libinit$$00000013  c_w.l(libinit2.o)
    0x08000198   0x08000198   0x00000000   Code   RO         1199    .ARM.Collect$$libinit$$00000015  c_w.l(libinit2.o)
    0x08000198   0x08000198   0x00000000   Code   RO         1201    .ARM.Collect$$libinit$$00000017  c_w.l(libinit2.o)
    0x08000198   0x08000198   0x00000000   Code   RO         1203    .ARM.Collect$$libinit$$00000019  c_w.l(libinit2.o)
    0x08000198   0x08000198   0x00000000   Code   RO         1205    .ARM.Collect$$libinit$$0000001B  c_w.l(libinit2.o)
    0x08000198   0x08000198   0x00000000   Code   RO         1207    .ARM.Collect$$libinit$$0000001D  c_w.l(libinit2.o)
    0x08000198   0x08000198   0x00000000   Code   RO         1209    .ARM.Collect$$libinit$$0000001F  c_w.l(libinit2.o)
    0x08000198   0x08000198   0x00000000   Code   RO         1211    .ARM.Collect$$libinit$$00000021  c_w.l(libinit2.o)
    0x08000198   0x08000198   0x00000000   Code   RO         1213    .ARM.Collect$$libinit$$00000023  c_w.l(libinit2.o)
    0x08000198   0x08000198   0x00000000   Code   RO         1215    .ARM.Collect$$libinit$$00000025  c_w.l(libinit2.o)
    0x08000198   0x08000198   0x00000000   Code   RO         1217    .ARM.Collect$$libinit$$00000027  c_w.l(libinit2.o)
    0x08000198   0x08000198   0x00000000   Code   RO         1221    .ARM.Collect$$libinit$$0000002E  c_w.l(libinit2.o)
    0x08000198   0x08000198   0x00000000   Code   RO         1223    .ARM.Collect$$libinit$$00000030  c_w.l(libinit2.o)
    0x08000198   0x08000198   0x00000000   Code   RO         1225    .ARM.Collect$$libinit$$00000032  c_w.l(libinit2.o)
    0x08000198   0x08000198   0x00000000   Code   RO         1227    .ARM.Collect$$libinit$$00000034  c_w.l(libinit2.o)
    0x08000198   0x08000198   0x00000002   Code   RO         1228    .ARM.Collect$$libinit$$00000035  c_w.l(libinit2.o)
    0x0800019a   0x0800019a   0x00000002   Code   RO         1250    .ARM.Collect$$libshutdown$$00000000  c_w.l(libshutdown.o)
    0x0800019c   0x0800019c   0x00000000   Code   RO         1265    .ARM.Collect$$libshutdown$$00000002  c_w.l(libshutdown2.o)
    0x0800019c   0x0800019c   0x00000000   Code   RO         1267    .ARM.Collect$$libshutdown$$00000004  c_w.l(libshutdown2.o)
    0x0800019c   0x0800019c   0x00000000   Code   RO         1270    .ARM.Collect$$libshutdown$$00000007  c_w.l(libshutdown2.o)
    0x0800019c   0x0800019c   0x00000000   Code   RO         1273    .ARM.Collect$$libshutdown$$0000000A  c_w.l(libshutdown2.o)
    0x0800019c   0x0800019c   0x00000000   Code   RO         1275    .ARM.Collect$$libshutdown$$0000000C  c_w.l(libshutdown2.o)
    0x0800019c   0x0800019c   0x00000000   Code   RO         1278    .ARM.Collect$$libshutdown$$0000000F  c_w.l(libshutdown2.o)
    0x0800019c   0x0800019c   0x00000002   Code   RO         1279    .ARM.Collect$$libshutdown$$00000010  c_w.l(libshutdown2.o)
    0x0800019e   0x0800019e   0x00000000   Code   RO         1138    .ARM.Collect$$rtentry$$00000000  c_w.l(__rtentry.o)
    0x0800019e   0x0800019e   0x00000000   Code   RO         1151    .ARM.Collect$$rtentry$$00000002  c_w.l(__rtentry2.o)
    0x0800019e   0x0800019e   0x00000006   Code   RO         1163    .ARM.Collect$$rtentry$$00000004  c_w.l(__rtentry4.o)
    0x080001a4   0x080001a4   0x00000000   Code   RO         1153    .ARM.Collect$$rtentry$$00000009  c_w.l(__rtentry2.o)
    0x080001a4   0x080001a4   0x00000004   Code   RO         1154    .ARM.Collect$$rtentry$$0000000A  c_w.l(__rtentry2.o)
    0x080001a8   0x080001a8   0x00000000   Code   RO         1156    .ARM.Collect$$rtentry$$0000000C  c_w.l(__rtentry2.o)
    0x080001a8   0x080001a8   0x00000008   Code   RO         1157    .ARM.Collect$$rtentry$$0000000D  c_w.l(__rtentry2.o)
    0x080001b0   0x080001b0   0x00000002   Code   RO         1180    .ARM.Collect$$rtexit$$00000000  c_w.l(rtexit.o)
    0x080001b2   0x080001b2   0x00000000   Code   RO         1230    .ARM.Collect$$rtexit$$00000002  c_w.l(rtexit2.o)
    0x080001b2   0x080001b2   0x00000004   Code   RO         1231    .ARM.Collect$$rtexit$$00000003  c_w.l(rtexit2.o)
    0x080001b6   0x080001b6   0x00000006   Code   RO         1232    .ARM.Collect$$rtexit$$00000004  c_w.l(rtexit2.o)
    0x080001bc   0x080001bc   0x00000040   Code   RO            4    .text               startup_stm32f103xb.o
    0x080001fc   0x080001fc   0x00000040   Code   RO         1098    .text               c_w.l(noretval__2snprintf.o)
    0x0800023c   0x0800023c   0x0000004e   Code   RO         1102    .text               c_w.l(_printf_pad.o)
    0x0800028a   0x0800028a   0x00000002   PAD
    0x0800028c   0x0800028c   0x00000078   Code   RO         1104    .text               c_w.l(_printf_dec.o)
    0x08000304   0x08000304   0x00000188   Code   RO         1123    .text               c_w.l(__printf_flags_ss_wp.o)
    0x0800048c   0x0800048c   0x0000008a   Code   RO         1128    .text               c_w.l(rt_memcpy_v6.o)
    0x08000516   0x08000516   0x0000004e   Code   RO         1132    .text               c_w.l(rt_memclr_w.o)
    0x08000564   0x08000564   0x00000006   Code   RO         1134    .text               c_w.l(heapauxi.o)
    0x0800056a   0x0800056a   0x000000b2   Code   RO         1139    .text               c_w.l(_printf_intcommon.o)
    0x0800061c   0x0800061c   0x00000030   Code   RO         1141    .text               c_w.l(_printf_char_common.o)
    0x0800064c   0x0800064c   0x00000010   Code   RO         1143    .text               c_w.l(_snputc.o)
    0x0800065c   0x0800065c   0x00000064   Code   RO         1146    .text               c_w.l(rt_memcpy_w.o)
    0x080006c0   0x080006c0   0x0000004a   Code   RO         1167    .text               c_w.l(sys_stackheap_outer.o)
    0x0800070a   0x0800070a   0x00000012   Code   RO         1169    .text               c_w.l(exit.o)
    0x0800071c   0x0800071c   0x00000008   Code   RO         1177    .text               c_w.l(libspace.o)
    0x08000724   0x08000724   0x0000000c   Code   RO         1240    .text               c_w.l(sys_exit.o)
    0x08000730   0x08000730   0x00000002   Code   RO         1255    .text               c_w.l(use_no_semi.o)
    0x08000732   0x08000732   0x00000000   Code   RO         1257    .text               c_w.l(indicate_semi.o)
    0x08000732   0x08000732   0x00000002   PAD
    0x08000734   0x08000734   0x00000010   Code   RO           25    .text.AlertTimerCallback  main.o
    0x08000744   0x08000744   0x00000002   Code   RO           70    .text.BusFault_Handler  stm32f1xx_it.o
    0x08000746   0x08000746   0x00000002   PAD
    0x08000748   0x08000748   0x00000002   Code   RO           74    .text.DebugMon_Handler  stm32f1xx_it.o
    0x0800074a   0x0800074a   0x00000002   PAD
    0x0800074c   0x0800074c   0x00000042   Code   RO           31    .text.DisplayTask   main.o
    0x0800078e   0x0800078e   0x00000002   PAD
    0x08000790   0x08000790   0x00000008   Code   RO           19    .text.EXTI15_10_IRQHandler  main.o
    0x08000798   0x08000798   0x00000006   Code   RO           78    .text.EXTI2_IRQHandler  stm32f1xx_it.o
    0x0800079e   0x0800079e   0x00000002   PAD
    0x080007a0   0x080007a0   0x00000006   Code   RO           80    .text.EXTI4_IRQHandler  stm32f1xx_it.o
    0x080007a6   0x080007a6   0x00000002   PAD
    0x080007a8   0x080007a8   0x00000028   Code   RO          155    .text.HAL_Delay     stm32f1xx_hal.o
    0x080007d0   0x080007d0   0x000000d8   Code   RO           21    .text.HAL_GPIO_EXTI_Callback  main.o
    0x080008a8   0x080008a8   0x00000016   Code   RO          259    .text.HAL_GPIO_EXTI_IRQHandler  stm32f1xx_hal_gpio.o
    0x080008be   0x080008be   0x00000002   PAD
    0x080008c0   0x080008c0   0x0000020e   Code   RO          247    .text.HAL_GPIO_Init  stm32f1xx_hal_gpio.o
    0x08000ace   0x08000ace   0x00000002   PAD
    0x08000ad0   0x08000ad0   0x0000000a   Code   RO          251    .text.HAL_GPIO_ReadPin  stm32f1xx_hal_gpio.o
    0x08000ada   0x08000ada   0x00000002   PAD
    0x08000adc   0x08000adc   0x0000000a   Code   RO          253    .text.HAL_GPIO_WritePin  stm32f1xx_hal_gpio.o
    0x08000ae6   0x08000ae6   0x00000002   PAD
    0x08000ae8   0x08000ae8   0x0000000c   Code   RO          147    .text.HAL_GetTick   stm32f1xx_hal.o
    0x08000af4   0x08000af4   0x00000164   Code   RO          468    .text.HAL_I2C_Init  stm32f1xx_hal_i2c.o
    0x08000c58   0x08000c58   0x00000214   Code   RO          528    .text.HAL_I2C_IsDeviceReady  stm32f1xx_hal_i2c.o
    0x08000e6c   0x08000e6c   0x000001dc   Code   RO          476    .text.HAL_I2C_Master_Transmit  stm32f1xx_hal_i2c.o
    0x08001048   0x08001048   0x00000082   Code   RO           91    .text.HAL_I2C_MspInit  stm32f1xx_hal_msp.o
    0x080010ca   0x080010ca   0x00000002   PAD
    0x080010cc   0x080010cc   0x0000001a   Code   RO          145    .text.HAL_IncTick   stm32f1xx_hal.o
    0x080010e6   0x080010e6   0x00000002   PAD
    0x080010e8   0x080010e8   0x00000026   Code   RO          135    .text.HAL_Init      stm32f1xx_hal.o
    0x0800110e   0x0800110e   0x00000002   PAD
    0x08001110   0x08001110   0x00000048   Code   RO          137    .text.HAL_InitTick  stm32f1xx_hal.o
    0x08001158   0x08001158   0x00000050   Code   RO           89    .text.HAL_MspInit   stm32f1xx_hal_msp.o
    0x080011a8   0x080011a8   0x00000022   Code   RO          307    .text.HAL_NVIC_EnableIRQ  stm32f1xx_hal_cortex.o
    0x080011ca   0x080011ca   0x00000002   PAD
    0x080011cc   0x080011cc   0x00000056   Code   RO          305    .text.HAL_NVIC_SetPriority  stm32f1xx_hal_cortex.o
    0x08001222   0x08001222   0x00000002   PAD
    0x08001224   0x08001224   0x00000020   Code   RO          303    .text.HAL_NVIC_SetPriorityGrouping  stm32f1xx_hal_cortex.o
    0x08001244   0x08001244   0x000001ba   Code   RO          199    .text.HAL_RCC_ClockConfig  stm32f1xx_hal_rcc.o
    0x080013fe   0x080013fe   0x00000002   PAD
    0x08001400   0x08001400   0x0000000c   Code   RO          209    .text.HAL_RCC_GetHCLKFreq  stm32f1xx_hal_rcc.o
    0x0800140c   0x0800140c   0x00000026   Code   RO          211    .text.HAL_RCC_GetPCLK1Freq  stm32f1xx_hal_rcc.o
    0x08001432   0x08001432   0x00000002   PAD
    0x08001434   0x08001434   0x00000400   Code   RO          197    .text.HAL_RCC_OscConfig  stm32f1xx_hal_rcc.o
    0x08001834   0x08001834   0x0000002c   Code   RO          315    .text.HAL_SYSTICK_Config  stm32f1xx_hal_cortex.o
    0x08001860   0x08001860   0x00000002   Code   RO           66    .text.HardFault_Handler  stm32f1xx_it.o
    0x08001862   0x08001862   0x00000002   PAD
    0x08001864   0x08001864   0x000000ba   Code   RO          482    .text.I2C_WaitOnBTFFlagUntilTimeout  stm32f1xx_hal_i2c.o
    0x0800191e   0x0800191e   0x00000002   PAD
    0x08001920   0x08001920   0x000001ca   Code   RO          478    .text.I2C_WaitOnFlagUntilTimeout  stm32f1xx_hal_i2c.o
    0x08001aea   0x08001aea   0x00000002   PAD
    0x08001aec   0x08001aec   0x000000d6   Code   RO          596    .text.I2C_WaitOnMasterAddressFlagUntilTimeout  stm32f1xx_hal_i2c.o
    0x08001bc2   0x08001bc2   0x00000002   PAD
    0x08001bc4   0x08001bc4   0x000000ba   Code   RO          480    .text.I2C_WaitOnTXEFlagUntilTimeout  stm32f1xx_hal_i2c.o
    0x08001c7e   0x08001c7e   0x00000002   PAD
    0x08001c80   0x08001c80   0x00000002   Code   RO           68    .text.MemManage_Handler  stm32f1xx_it.o
    0x08001c82   0x08001c82   0x00000002   PAD
    0x08001c84   0x08001c84   0x00000002   Code   RO           64    .text.NMI_Handler   stm32f1xx_it.o
    0x08001c86   0x08001c86   0x0000000a   PAD
    0x08001c90   0x08001c90   0x00000044   Code   RO         1079    .text.PendSV_Handler  port.o
    0x08001cd4   0x08001cd4   0x0000000c   PAD
    0x08001ce0   0x08001ce0   0x00000024   Code   RO         1065    .text.SVC_Handler   port.o
    0x08001d04   0x08001d04   0x00000014   Code   RO           23    .text.SampleTimerCallback  main.o
    0x08001d18   0x08001d18   0x0000027c   Code   RO           27    .text.SensorTask    main.o
    0x08001f94   0x08001f94   0x00000008   Code   RO           15    .text.StartDefaultTask  main.o
    0x08001f9c   0x08001f9c   0x00000018   Code   RO           76    .text.SysTick_Handler  stm32f1xx_it.o
    0x08001fb4   0x08001fb4   0x00000002   Code   RO          606    .text.SystemInit    system_stm32f1xx.o
    0x08001fb6   0x08001fb6   0x00000002   PAD
    0x08001fb8   0x08001fb8   0x00000118   Code   RO           33    .text.UpdateWarningOutputs  main.o
    0x080020d0   0x080020d0   0x00000002   Code   RO           72    .text.UsageFault_Handler  stm32f1xx_it.o
    0x080020d2   0x080020d2   0x00000002   PAD
    0x080020d4   0x080020d4   0x000002c8   Code   RO           29    .text.WarningTask   main.o
    0x0800239c   0x0800239c   0x00000108   Code   RO          103    .text.lcd_display_init  lcd_display.o
    0x080024a4   0x080024a4   0x0000038a   Code   RO          107    .text.lcd_display_show_state  lcd_display.o
    0x0800282e   0x0800282e   0x00000002   PAD
    0x08002830   0x08002830   0x0000016c   Code   RO          109    .text.lcd_write_line  lcd_display.o
    0x0800299c   0x0800299c   0x00000478   Code   RO           11    .text.main          main.o
    0x08002e14   0x08002e14   0x00000010   Code   RO          942    .text.osDelay       cmsis_os.o
    0x08002e24   0x08002e24   0x0000000a   Code   RO          924    .text.osKernelStart  cmsis_os.o
    0x08002e2e   0x08002e2e   0x00000002   PAD
    0x08002e30   0x08002e30   0x0000005c   Code   RO          930    .text.osThreadCreate  cmsis_os.o
    0x08002e8c   0x08002e8c   0x0000007e   Code   RO          789    .text.prvAddCurrentTaskToDelayedList  tasks.o
    0x08002f0a   0x08002f0a   0x00000002   PAD
    0x08002f0c   0x08002f0c   0x000000fc   Code   RO          779    .text.prvAddNewTaskToReadyList  tasks.o
    0x08003008   0x08003008   0x00000086   Code   RO          809    .text.prvIdleTask   tasks.o
    0x0800308e   0x0800308e   0x00000002   PAD
    0x08003090   0x08003090   0x000000f4   Code   RO          777    .text.prvInitialiseNewTask  tasks.o
    0x08003184   0x08003184   0x000000ae   Code   RO          888    .text.prvInitialiseNewTimer  timers.o
    0x08003232   0x08003232   0x00000002   PAD
    0x08003234   0x08003234   0x00000020   Code   RO         1071    .text.prvPortStartFirstTask  port.o
    0x08003254   0x08003254   0x0000003e   Code   RO         1063    .text.prvTaskExitError  port.o
    0x08003292   0x08003292   0x00000002   PAD
    0x08003294   0x08003294   0x0000036a   Code   RO          884    .text.prvTimerTask  timers.o
    0x080035fe   0x080035fe   0x00000002   PAD
    0x08003600   0x08003600   0x00000074   Code   RO          690    .text.prvUnlockQueue  queue.o
    0x08003674   0x08003674   0x000001e8   Code   RO         1039    .text.pvPortMalloc  heap_4.o
    0x0800385c   0x0800385c   0x00000018   Code   RO          855    .text.pvTaskIncrementMutexHeldCount  tasks.o
    0x08003874   0x08003874   0x00000020   Code   RO         1061    .text.pxPortInitialiseStack  port.o
    0x08003894   0x08003894   0x00000068   Code   RO          857    .text.ulTaskNotifyTake  tasks.o
    0x080038fc   0x080038fc   0x00000022   Code   RO          658    .text.uxListRemove  list.o
    0x0800391e   0x0800391e   0x00000002   PAD
    0x08003920   0x08003920   0x0000001a   Code   RO          853    .text.uxTaskResetEventItemValue  tasks.o
    0x0800393a   0x0800393a   0x00000002   PAD
    0x0800393c   0x0800393c   0x0000001a   Code   RO           48    .text.vApplicationGetIdleTaskMemory  freertos.o
    0x08003956   0x08003956   0x00000002   PAD
    0x08003958   0x08003958   0x0000001c   Code   RO           50    .text.vApplicationGetTimerTaskMemory  freertos.o
    0x08003974   0x08003974   0x00000016   Code   RO          650    .text.vListInitialise  list.o
    0x0800398a   0x0800398a   0x00000002   PAD
    0x0800398c   0x0800398c   0x00000006   Code   RO          652    .text.vListInitialiseItem  list.o
    0x08003992   0x08003992   0x00000002   PAD
    0x08003994   0x08003994   0x00000062   Code   RO          656    .text.vListInsert   list.o
    0x080039f6   0x080039f6   0x00000002   PAD
    0x080039f8   0x080039f8   0x0000001a   Code   RO          654    .text.vListInsertEnd  list.o
    0x08003a12   0x08003a12   0x00000002   PAD
    0x08003a14   0x08003a14   0x00000046   Code   RO         1075    .text.vPortEnterCritical  port.o
    0x08003a5a   0x08003a5a   0x00000002   PAD
    0x08003a5c   0x08003a5c   0x0000002e   Code   RO         1077    .text.vPortExitCritical  port.o
    0x08003a8a   0x08003a8a   0x00000002   PAD
    0x08003a8c   0x08003a8c   0x000000de   Code   RO         1041    .text.vPortFree     heap_4.o
    0x08003b6a   0x08003b6a   0x00000002   PAD
    0x08003b6c   0x08003b6c   0x00000034   Code   RO         1069    .text.vPortSetupTimerInterrupt  port.o
    0x08003ba0   0x08003ba0   0x0000005e   Code   RO         1083    .text.vPortValidateInterruptPriority  port.o
    0x08003bfe   0x08003bfe   0x00000002   PAD
    0x08003c00   0x08003c00   0x00000058   Code   RO          718    .text.vQueueAddToRegistry  queue.o
    0x08003c58   0x08003c58   0x00000052   Code   RO          722    .text.vQueueWaitForMessageRestricted  queue.o
    0x08003caa   0x08003caa   0x00000002   PAD
    0x08003cac   0x08003cac   0x0000009e   Code   RO          785    .text.vTaskDelay    tasks.o
    0x08003d4a   0x08003d4a   0x00000002   PAD
    0x08003d4c   0x08003d4c   0x00000012   Code   RO          837    .text.vTaskInternalSetTimeOutState  tasks.o
    0x08003d5e   0x08003d5e   0x00000002   PAD
    0x08003d60   0x08003d60   0x0000000e   Code   RO          841    .text.vTaskMissedYield  tasks.o
    0x08003d6e   0x08003d6e   0x00000002   PAD
    0x08003d70   0x08003d70   0x00000036   Code   RO          825    .text.vTaskPlaceOnEventList  tasks.o
    0x08003da6   0x08003da6   0x00000002   PAD
    0x08003da8   0x08003da8   0x0000008e   Code   RO          829    .text.vTaskPlaceOnEventListRestricted  tasks.o
    0x08003e36   0x08003e36   0x00000002   PAD
    0x08003e38   0x08003e38   0x00000056   Code   RO          827    .text.vTaskPlaceOnUnorderedEventList  tasks.o
    0x08003e8e   0x08003e8e   0x00000002   PAD
    0x08003e90   0x08003e90   0x000000b2   Code   RO          851    .text.vTaskPriorityDisinheritAfterTimeout  tasks.o
    0x08003f42   0x08003f42   0x00000002   PAD
    0x08003f44   0x08003f44   0x00000082   Code   RO          833    .text.vTaskRemoveFromUnorderedEventList  tasks.o
    0x08003fc6   0x08003fc6   0x00000002   PAD
    0x08003fc8   0x08003fc8   0x000000f0   Code   RO          807    .text.vTaskStartScheduler  tasks.o
    0x080040b8   0x080040b8   0x00000010   Code   RO          787    .text.vTaskSuspendAll  tasks.o
    0x080040c8   0x080040c8   0x0000006e   Code   RO          801    .text.vTaskSwitchContext  tasks.o
    0x08004136   0x08004136   0x00000002   PAD
    0x08004138   0x08004138   0x00000022   Code   RO          624    .text.xEventGroupCreate  event_groups.o
    0x0800415a   0x0800415a   0x00000002   PAD
    0x0800415c   0x0800415c   0x0000009a   Code   RO          628    .text.xEventGroupSetBits  event_groups.o
    0x080041f6   0x080041f6   0x00000002   PAD
    0x080041f8   0x080041f8   0x00000140   Code   RO          630    .text.xEventGroupWaitBits  event_groups.o
    0x08004338   0x08004338   0x00000130   Code   RO         1067    .text.xPortStartScheduler  port.o
    0x08004468   0x08004468   0x0000002e   Code   RO         1081    .text.xPortSysTickHandler  port.o
    0x08004496   0x08004496   0x00000002   PAD
    0x08004498   0x08004498   0x0000006a   Code   RO          674    .text.xQueueCreateMutex  queue.o
    0x08004502   0x08004502   0x00000002   PAD
    0x08004504   0x08004504   0x0000007e   Code   RO          672    .text.xQueueGenericCreate  queue.o
    0x08004582   0x08004582   0x00000002   PAD
    0x08004584   0x08004584   0x000000d6   Code   RO          670    .text.xQueueGenericCreateStatic  queue.o
    0x0800465a   0x0800465a   0x00000002   PAD
    0x0800465c   0x0800465c   0x000002c0   Code   RO          680    .text.xQueueGenericSend  queue.o
    0x0800491c   0x0800491c   0x00000148   Code   RO          692    .text.xQueueGenericSendFromISR  queue.o
    0x08004a64   0x08004a64   0x000000ba   Code   RO          694    .text.xQueueGiveFromISR  queue.o
    0x08004b1e   0x08004b1e   0x00000002   PAD
    0x08004b20   0x08004b20   0x0000023e   Code   RO          696    .text.xQueueReceive  queue.o
    0x08004d5e   0x08004d5e   0x00000002   PAD
    0x08004d60   0x08004d60   0x0000028a   Code   RO          684    .text.xQueueSemaphoreTake  queue.o
    0x08004fea   0x08004fea   0x00000002   PAD
    0x08004fec   0x08004fec   0x0000009a   Code   RO          839    .text.xTaskCheckForTimeOut  tasks.o
    0x08005086   0x08005086   0x00000002   PAD
    0x08005088   0x08005088   0x00000060   Code   RO          781    .text.xTaskCreate   tasks.o
    0x080050e8   0x080050e8   0x00000076   Code   RO          775    .text.xTaskCreateStatic  tasks.o
    0x0800515e   0x0800515e   0x00000002   PAD
    0x08005160   0x08005160   0x00000108   Code   RO          861    .text.xTaskGenericNotify  tasks.o
    0x08005268   0x08005268   0x0000001e   Code   RO          845    .text.xTaskGetSchedulerState  tasks.o
    0x08005286   0x08005286   0x00000002   PAD
    0x08005288   0x08005288   0x0000000c   Code   RO          815    .text.xTaskGetTickCount  tasks.o
    0x08005294   0x08005294   0x00000106   Code   RO          813    .text.xTaskIncrementTick  tasks.o
    0x0800539a   0x0800539a   0x00000002   PAD
    0x0800539c   0x0800539c   0x000000ae   Code   RO          849    .text.xTaskPriorityDisinherit  tasks.o
    0x0800544a   0x0800544a   0x00000002   PAD
    0x0800544c   0x0800544c   0x000000a6   Code   RO          847    .text.xTaskPriorityInherit  tasks.o
    0x080054f2   0x080054f2   0x00000002   PAD
    0x080054f4   0x080054f4   0x00000074   Code   RO          831    .text.xTaskRemoveFromEventList  tasks.o
    0x08005568   0x08005568   0x000000ea   Code   RO          791    .text.xTaskResumeAll  tasks.o
    0x08005652   0x08005652   0x00000002   PAD
    0x08005654   0x08005654   0x0000003a   Code   RO          886    .text.xTimerCreate  timers.o
    0x0800568e   0x0800568e   0x00000002   PAD
    0x08005690   0x08005690   0x000000b4   Code   RO          882    .text.xTimerCreateTimerTask  timers.o
    0x08005744   0x08005744   0x00000076   Code   RO          892    .text.xTimerGenericCommand  timers.o
    0x080057ba   0x080057ba   0x0000000e   Code   RO         1116    i._is_digit         c_w.l(__printf_wp.o)
    0x080057c8   0x080057c8   0x00000011   Data   RO         1124    .constdata          c_w.l(__printf_flags_ss_wp.o)
    0x080057d9   0x080057d9   0x00000010   Data   RO          611    .rodata.AHBPrescTable  system_stm32f1xx.o
    0x080057e9   0x080057e9   0x00000008   Data   RO          612    .rodata.APBPrescTable  system_stm32f1xx.o
    0x080057f1   0x080057f1   0x00000002   Data   RO          224    .rodata.HAL_RCC_GetSysClockFreq.aPredivFactorTable  stm32f1xx_hal_rcc.o
    0x080057f3   0x080057f3   0x00000010   Data   RO          223    .rodata.cst16       stm32f1xx_hal_rcc.o
    0x08005803   0x08005803   0x0000000c   Data   RO           35    .rodata.str1.1      main.o
    0x0800580f   0x0800580f   0x0000003c   Data   RO          111    .rodata.str1.1      lcd_display.o
    0x0800584b   0x0800584b   0x00000005   Data   RO          914    .rodata.str1.1      timers.o
    0x08005850   0x08005850   0x00000020   Data   RO         1313    Region$$Table       anon$$obj.o


    Execution Region RW_IRAM1 (Exec base: 0x20000000, Load base: 0x08005870, Size: 0x00003880, Max: 0x00005000, ABSOLUTE)

    Exec Addr    Load Addr    Size         Type   Attr      Idx    E Section Name        Object

    0x20000000   0x08005870   0x00000008   Data   RW          186    .data..L_MergedGlobals  stm32f1xx_hal.o
    0x20000008   0x08005878   0x00000004   Data   RW          610    .data.SystemCoreClock  system_stm32f1xx.o
    0x2000000c   0x0800587c   0x00000004   Data   RW           37    .data.last_valid_mm  main.o
    0x20000010   0x08005880   0x00000004   Data   RW         1085    .data.uxCriticalNesting  port.o
    0x20000014   0x08005884   0x00000004   PAD
    0x20000018        -       0x00000060   Zero   RW         1178    .bss                c_w.l(libspace.o)
    0x20000078        -       0x00000068   Zero   RW           39    .bss..L_MergedGlobals  main.o
    0x200000e0        -       0x00000010   Zero   RW          112    .bss..L_MergedGlobals  lcd_display.o
    0x200000f0        -       0x00000078   Zero   RW          872    .bss..L_MergedGlobals  tasks.o
    0x20000168        -       0x0000003c   Zero   RW          915    .bss..L_MergedGlobals  timers.o
    0x200001a4        -       0x00000020   Zero   RW         1052    .bss..L_MergedGlobals  heap_4.o
    0x200001c4        -       0x00000008   Zero   RW         1086    .bss..L_MergedGlobals  port.o
    0x200001cc        -       0x00000028   Zero   RW          873    .bss..L_MergedGlobals.2  tasks.o
    0x200001f4        -       0x00000054   Zero   RW           36    .bss.hi2c1          main.o
    0x20000248        -       0x00000078   Zero   RW          913    .bss.prvCheckForValidListAndQueue.ucStaticTimerQueueStorage  timers.o
    0x200002c0        -       0x00000048   Zero   RW          912    .bss.prvCheckForValidListAndQueue.xStaticTimerQueue  timers.o
    0x20000308        -       0x0000008c   Zero   RW          871    .bss.pxReadyTasksLists  tasks.o
    0x20000394        -       0x00002800   Zero   RW         1051    .bss.ucHeap         heap_4.o
    0x20002b94        -       0x00000004   Zero   RW          185    .bss.uwTick         stm32f1xx_hal.o
    0x20002b98        -       0x00000200   Zero   RW           53    .bss.xIdleStack     freertos.o
    0x20002d98        -       0x00000054   Zero   RW           52    .bss.xIdleTaskTCBBuffer  freertos.o
    0x20002dec        -       0x00000040   Zero   RW          724    .bss.xQueueRegistry  queue.o
    0x20002e2c        -       0x00000400   Zero   RW           55    .bss.xTimerStack    freertos.o
    0x2000322c        -       0x00000054   Zero   RW           54    .bss.xTimerTaskTCBBuffer  freertos.o
    0x20003280        -       0x00000200   Zero   RW            2    HEAP                startup_stm32f103xb.o
    0x20003480        -       0x00000400   Zero   RW            1    STACK               startup_stm32f103xb.o


==============================================================================

Image component sizes


      Code (inc. data)   RO Data    RW Data    ZI Data      Debug   Object Name

       118          0          0          0          0      26073   cmsis_os.o
       508          0          0          0          0      10435   event_groups.o
        54          0          0          0       1704       2052   freertos.o
       710          0          0          0      10272       5986   heap_4.o
      1534         14         60          0         16      11450   lcd_display.o
       186          0          0          0          0       2417   list.o
      3106        100         12          4        188      21889   main.o
       842         12          0          4          8       4209   port.o
      3174          0          0          0         64      29234   queue.o
        64         26        236          0       1536        844   startup_stm32f103xb.o
       188          0          0          8          4       5830   stm32f1xx_hal.o
       196          0          0          0          0       8485   stm32f1xx_hal_cortex.o
       568         22          0          0          0       4827   stm32f1xx_hal_gpio.o
      2408          0          0          0          0      45179   stm32f1xx_hal_i2c.o
       210          0          0          0          0       5893   stm32f1xx_hal_msp.o
      1516          0         18          0          0       8138   stm32f1xx_hal_rcc.o
        48          0          0          0          0       1639   stm32f1xx_it.o
         2          0         24          4          0       1649   system_stm32f1xx.o
      3682         16          0          0        300      29802   tasks.o
      1404         18          5          0        252      15133   timers.o

    ----------------------------------------------------------------------
     20678        220        387         20      14348     241164   Object Totals
         0          0         32          0          0          0   (incl. Generated)
       160         12          0          0          4          0   (incl. Padding)

    ----------------------------------------------------------------------

      Code (inc. data)   RO Data    RW Data    ZI Data      Debug   Library Member Name

         8          0          0          0          0         68   __main.o
       392          4         17          0          0         92   __printf_flags_ss_wp.o
        14          0          0          0          0         68   __printf_wp.o
         0          0          0          0          0          0   __rtentry.o
        12          0          0          0          0          0   __rtentry2.o
         6          0          0          0          0          0   __rtentry4.o
        94          8          0          0          0          0   __scatter.o
        26          0          0          0          0          0   __scatter_copy.o
        28          0          0          0          0          0   __scatter_zi.o
        48          6          0          0          0         96   _printf_char_common.o
       120         16          0          0          0         92   _printf_dec.o
       178          0          0          0          0         88   _printf_intcommon.o
        78          0          0          0          0        108   _printf_pad.o
         0          0          0          0          0          0   _printf_percent.o
         4          0          0          0          0          0   _printf_percent_end.o
         6          0          0          0          0          0   _printf_u.o
        16          0          0          0          0         68   _snputc.o
        18          0          0          0          0         80   exit.o
         6          0          0          0          0        152   heapauxi.o
         0          0          0          0          0          0   indicate_semi.o
         2          0          0          0          0          0   libinit.o
         2          0          0          0          0          0   libinit2.o
         2          0          0          0          0          0   libshutdown.o
         2          0          0          0          0          0   libshutdown2.o
         8          4          0          0         96         68   libspace.o
        64          6          0          0          0         84   noretval__2snprintf.o
        78          0          0          0          0         80   rt_memclr_w.o
       138          0          0          0          0         68   rt_memcpy_v6.o
       100          0          0          0          0         80   rt_memcpy_w.o
         2          0          0          0          0          0   rtexit.o
        10          0          0          0          0          0   rtexit2.o
        12          4          0          0          0         68   sys_exit.o
        74          0          0          0          0         80   sys_stackheap_outer.o
         2          0          0          0          0         68   use_no_semi.o

    ----------------------------------------------------------------------
      1558         48         17          0         96       1508   Library Totals
         8          0          0          0          0          0   (incl. Padding)

    ----------------------------------------------------------------------

      Code (inc. data)   RO Data    RW Data    ZI Data      Debug   Library Name

      1550         48         17          0         96       1508   c_w.l

    ----------------------------------------------------------------------
      1558         48         17          0         96       1508   Library Totals

    ----------------------------------------------------------------------

==============================================================================


      Code (inc. data)   RO Data    RW Data    ZI Data      Debug   

     22236        268        404         20      14444     241700   Grand Totals
     22236        268        404         20      14444     241700   ELF Image Totals
     22236        268        404         20          0          0   ROM Totals

==============================================================================

    Total RO  Size (Code + RO Data)                22640 (  22.11kB)
    Total RW  Size (RW Data + ZI Data)             14464 (  14.12kB)
    Total ROM Size (Code + RO Data + RW Data)      22660 (  22.13kB)

==============================================================================

